Component: ARM Compiler 5.06 update 7 (build 960) Tool: armlink [4d3601]

==============================================================================

Section Cross References

    main.o(i.Infer_BIG) refers to main.o(i.nnom_model_create_B) for nnom_model_create_B
    main.o(i.Infer_BIG) refers to memmovea.o(.text) for __aeabi_memcpy4
    main.o(i.Infer_BIG) refers to nnom.o(i.model_run) for model_run
    main.o(i.Infer_BIG) refers to nnom.o(i.model_delete) for model_delete
    main.o(i.Infer_BIG) refers to main.o(.data) for model
    main.o(i.Infer_BIG) refers to main.o(.constdata) for Input_data
    main.o(i.Infer_BIG) refers to main.o(.bss) for nnom_input_data_B
    main.o(i.Infer_SMALL) refers to main.o(i.nnom_model_create_S0) for nnom_model_create_S0
    main.o(i.Infer_SMALL) refers to memmovea.o(.text) for __aeabi_memcpy4
    main.o(i.Infer_SMALL) refers to nnom.o(i.model_run) for model_run
    main.o(i.Infer_SMALL) refers to main.o(i.nnom_model_create_S1) for nnom_model_create_S1
    main.o(i.Infer_SMALL) refers to main.o(i.nnom_model_create_S2) for nnom_model_create_S2
    main.o(i.Infer_SMALL) refers to main.o(i.nnom_model_create_S3) for nnom_model_create_S3
    main.o(i.Infer_SMALL) refers to main.o(i.nnom_model_create_S4) for nnom_model_create_S4
    main.o(i.Infer_SMALL) refers to main.o(i.nnom_model_create_S5) for nnom_model_create_S5
    main.o(i.Infer_SMALL) refers to nnom.o(i.model_delete) for model_delete
    main.o(i.Infer_SMALL) refers to main.o(.data) for model
    main.o(i.Infer_SMALL) refers to main.o(.constdata) for Input_data_s3
    main.o(i.Infer_SMALL) refers to main.o(.bss) for nnom_input_data_S0
    main.o(i.main) refers to am_hal_clkgen.o(i.am_hal_clkgen_sysclk_select) for am_hal_clkgen_sysclk_select
    main.o(i.main) refers to am_hal_cachectrl.o(i.am_hal_cachectrl_enable) for am_hal_cachectrl_enable
    main.o(i.main) refers to am_bsp.o(i.am_bsp_low_power_init) for am_bsp_low_power_init
    main.o(i.main) refers to am_devices_led.o(i.am_devices_led_array_init) for am_devices_led_array_init
    main.o(i.main) refers to am_devices_led.o(i.am_devices_led_array_out) for am_devices_led_array_out
    main.o(i.main) refers to am_util_delay.o(i.am_util_delay_ms) for am_util_delay_ms
    main.o(i.main) refers to main.o(i.Infer_SMALL) for Infer_SMALL
    main.o(i.main) refers to main.o(i.Infer_BIG) for Infer_BIG
    main.o(i.main) refers to am_hal_sysctrl.o(i.am_hal_sysctrl_sleep) for am_hal_sysctrl_sleep
    main.o(i.main) refers to am_hal_cachectrl.o(.constdata) for am_hal_cachectrl_defaults
    main.o(i.main) refers to am_bsp.o(.data) for am_bsp_psLEDs
    main.o(i.main) refers to main.o(.data) for BIG_model_activate
    main.o(i.nnom_model_create_B) refers to nnom.o(i.check_model_version) for check_model_version
    main.o(i.nnom_model_create_B) refers to nnom.o(i.new_model) for new_model
    main.o(i.nnom_model_create_B) refers to nnom_input.o(i.input_s) for input_s
    main.o(i.nnom_model_create_B) refers to nnom_conv2d.o(i.conv2d_s) for conv2d_s
    main.o(i.nnom_model_create_B) refers to nnom_activation.o(i.act_relu) for act_relu
    main.o(i.nnom_model_create_B) refers to nnom_maxpool.o(i.maxpool_s) for maxpool_s
    main.o(i.nnom_model_create_B) refers to nnom_flatten.o(i.flatten_s) for flatten_s
    main.o(i.nnom_model_create_B) refers to nnom_dense.o(i.dense_s) for dense_s
    main.o(i.nnom_model_create_B) refers to nnom_output.o(i.output_s) for output_s
    main.o(i.nnom_model_create_B) refers to nnom.o(i.model_compile) for model_compile
    main.o(i.nnom_model_create_B) refers to main.o(.bss) for model
    main.o(i.nnom_model_create_B) refers to main.o(.constdata) for input_1_config_B
    main.o(i.nnom_model_create_S0) refers to nnom.o(i.check_model_version) for check_model_version
    main.o(i.nnom_model_create_S0) refers to nnom.o(i.new_model) for new_model
    main.o(i.nnom_model_create_S0) refers to nnom_input.o(i.input_s) for input_s
    main.o(i.nnom_model_create_S0) refers to nnom_conv2d.o(i.conv2d_s) for conv2d_s
    main.o(i.nnom_model_create_S0) refers to nnom_activation.o(i.act_relu) for act_relu
    main.o(i.nnom_model_create_S0) refers to nnom_maxpool.o(i.maxpool_s) for maxpool_s
    main.o(i.nnom_model_create_S0) refers to nnom_flatten.o(i.flatten_s) for flatten_s
    main.o(i.nnom_model_create_S0) refers to nnom_dense.o(i.dense_s) for dense_s
    main.o(i.nnom_model_create_S0) refers to nnom_output.o(i.output_s) for output_s
    main.o(i.nnom_model_create_S0) refers to nnom.o(i.model_compile) for model_compile
    main.o(i.nnom_model_create_S0) refers to main.o(.bss) for model
    main.o(i.nnom_model_create_S0) refers to main.o(.constdata) for input_1_config_S0
    main.o(i.nnom_model_create_S1) refers to nnom.o(i.check_model_version) for check_model_version
    main.o(i.nnom_model_create_S1) refers to nnom.o(i.new_model) for new_model
    main.o(i.nnom_model_create_S1) refers to nnom_input.o(i.input_s) for input_s
[...]
    nnom_tanh_table_q7                       0x00003a50   Data         256  main.o(.constdata)
    nnom_sigmoid_table_q15                   0x00003b50   Data         512  main.o(.constdata)
    nnom_tanh_table_q15                      0x00003d50   Data         512  main.o(.constdata)
    .constdata                               0x0003e53a   Section       12  am_hal_cachectrl.o(.constdata)
    .constdata                               0x0003e548   Section       84  am_hal_flash.o(.constdata)
    .conststring                             0x0003e59c   Section      168  main.o(.conststring)
    .data                                    0x10000000   Section       38  main.o(.data)
    nnom_output_data_B                       0x10000000   Data           6  main.o(.data)
    nnom_output_data_S0                      0x10000006   Data           2  main.o(.data)
    nnom_output_data_S1                      0x10000008   Data           2  main.o(.data)
    nnom_output_data_S2                      0x1000000a   Data           2  main.o(.data)
    nnom_output_data_S3                      0x1000000c   Data           2  main.o(.data)
    nnom_output_data_S4                      0x1000000e   Data           2  main.o(.data)
    nnom_output_data_S5                      0x10000010   Data           2  main.o(.data)
    nnom_output_data_S                       0x10000024   Data           2  main.o(.data)
    .data                                    0x10000028   Section        4  nnom.o(.data)
    .data                                    0x1000002c   Section        4  am_time.o(.data)
    .data                                    0x10000030   Section       28  am_hal_sysctrl.o(.data)
    g_ui32BuckTimer                          0x10000030   Data           4  am_hal_sysctrl.o(.data)
    g_ui32BuckInputs                         0x10000034   Data           4  am_hal_sysctrl.o(.data)
    g_bBuckRestoreComplete                   0x10000038   Data           1  am_hal_sysctrl.o(.data)
    g_bBuckTimed                             0x10000039   Data           1  am_hal_sysctrl.o(.data)
    g_ui32SaveCoreBuckZX                     0x1000003c   Data           4  am_hal_sysctrl.o(.data)
    g_ui32SaveMemBuckZX                      0x10000040   Data           4  am_hal_sysctrl.o(.data)
    g_buckZX_chk                             0x10000044   Data           4  am_hal_sysctrl.o(.data)
    g_ui32CoreBuck                           0x10000048   Data           4  am_hal_sysctrl.o(.data)
    .data                                    0x1000004c   Section       32  am_bsp.o(.data)
    .data                                    0x1000006c   Section        4  mvars.o(.data)
    .data                                    0x10000070   Section        4  mvars.o(.data)
    .bss                                     0x10000074   Section     4408  main.o(.bss)
    nnom_input_data_B                        0x10000074   Data        1152  main.o(.bss)
    nnom_input_data_S0                       0x100004f4   Data         384  main.o(.bss)
    nnom_input_data_S1                       0x10000674   Data         384  main.o(.bss)
    nnom_input_data_S2                       0x100007f4   Data         384  main.o(.bss)
    nnom_input_data_S3                       0x10000974   Data         384  main.o(.bss)
    nnom_input_data_S4                       0x10000af4   Data         384  main.o(.bss)
    nnom_input_data_S5                       0x10000c74   Data         384  main.o(.bss)
    model                                    0x10000df4   Data         136  main.o(.bss)
    model                                    0x10000e7c   Data         136  main.o(.bss)
    model                                    0x10000f04   Data         136  main.o(.bss)
    model                                    0x10000f8c   Data         136  main.o(.bss)
    model                                    0x10001014   Data         136  main.o(.bss)
    model                                    0x1000109c   Data         136  main.o(.bss)
    model                                    0x10001124   Data         136  main.o(.bss)
    HEAP                                     0x100011b0   Section    131072  startup_keil.o(HEAP)
    STACK                                    0x100211b0   Section    61440  startup_keil.o(STACK)
    StackMem                                 0x100211b0   Data           0  startup_keil.o(STACK)

    Global Symbols

    Symbol Name                              Value     Ov Type        Size  Object(Section)

    BuildAttributes$$THM_ISAv4$E$P$D$K$B$S$7EM$VFPi3$EXTD16$VFPS$VFMA$PE$A:L22UL41UL21$X:L11$S22US41US21$IEEE1$IW$USESV6$~STKCKD$USESV7$~SHL$OTIME$ROPI$IEEEX$EBA8$MICROLIB$REQ8$EABIv2 0x00000000   Number         0  anon$$obj.o ABSOLUTE
    __ARM_use_no_argv                        0x00000000   Number         0  main.o ABSOLUTE
    __Vectors                                0x00000000   Data           0  startup_keil.o(RESET)
    __arm_fini_                               - Undefined Weak Reference
    __cpp_initialize__aeabi_                  - Undefined Weak Reference
    __cxa_finalize                            - Undefined Weak Reference
    __decompress                              - Undefined Weak Reference
    _clock_init                               - Undefined Weak Reference
    _microlib_exit                            - Undefined Weak Reference
    Reset_Handler                            0x000000c1   Thumb Code    28  startup_keil.o(RESET)
    am_nmi_isr                               0x000000dd   Thumb Code     2  startup_keil.o(RESET)
    am_memmanage_isr                         0x000000e1   Thumb Code     2  startup_keil.o(RESET)
    am_adc_isr                               0x000000e3   Thumb Code     0  startup_keil.o(RESET)
    am_brownout_isr                          0x000000e3   Thumb Code     0  startup_keil.o(RESET)
    am_clkgen_isr                            0x000000e3   Thumb Code     0  startup_keil.o(RESET)
    am_ctimer_isr                            0x000000e3   Thumb Code     0  startup_keil.o(RESET)
    am_debugmon_isr                          0x000000e3   Thumb Code     0  startup_keil.o(RESET)
    am_flash_isr                             0x000000e3   Thumb Code     0  startup_keil.o(RESET)
    am_gpio_isr                              0x000000e3   Thumb Code     0  startup_keil.o(RESET)
    am_iomaster0_isr                         0x000000e3   Thumb Code     0  startup_keil.o(RESET)
    am_iomaster1_isr                         0x000000e3   Thumb Code     0  startup_keil.o(RESET)
    am_iomaster2_isr                         0x000000e3   Thumb Code     0  startup_keil.o(RESET)
    am_iomaster3_isr                         0x000000e3   Thumb Code     0  startup_keil.o(RESET)
    am_iomaster4_isr                         0x000000e3   Thumb Code     0  startup_keil.o(RESET)
    am_iomaster5_isr                         0x000000e3   Thumb Code     0  startup_keil.o(RESET)
    am_ioslave_acc_isr                       0x000000e3   Thumb Code     0  startup_keil.o(RESET)
    am_ioslave_ios_isr                       0x000000e3   Thumb Code     0  startup_keil.o(RESET)
    am_pdm0_isr                              0x000000e3   Thumb Code     0  startup_keil.o(RESET)
    am_pendsv_isr                            0x000000e3   Thumb Code     0  startup_keil.o(RESET)
    am_software0_isr                         0x000000e3   Thumb Code     0  startup_keil.o(RESET)
    am_software1_isr                         0x000000e3   Thumb Code     0  startup_keil.o(RESET)
    am_software2_isr                         0x000000e3   Thumb Code     0  startup_keil.o(RESET)
    am_software3_isr                         0x000000e3   Thumb Code     0  startup_keil.o(RESET)
    am_stimer_cmpr0_isr                      0x000000e3   Thumb Code     0  startup_keil.o(RESET)
    am_stimer_cmpr1_isr                      0x000000e3   Thumb Code     0  startup_keil.o(RESET)
    am_stimer_cmpr2_isr                      0x000000e3   Thumb Code     0  startup_keil.o(RESET)
    am_stimer_cmpr3_isr                      0x000000e3   Thumb Code     0  startup_keil.o(RESET)
    am_stimer_cmpr4_isr                      0x000000e3   Thumb Code     0  startup_keil.o(RESET)
    am_stimer_cmpr5_isr                      0x000000e3   Thumb Code     0  startup_keil.o(RESET)
    am_stimer_cmpr6_isr                      0x000000e3   Thumb Code     0  startup_keil.o(RESET)
    am_stimer_cmpr7_isr                      0x000000e3   Thumb Code     0  startup_keil.o(RESET)
    am_stimer_isr                            0x000000e3   Thumb Code     0  startup_keil.o(RESET)
    am_svcall_isr                            0x000000e3   Thumb Code     0  startup_keil.o(RESET)
    am_uart0_isr                             0x000000e3   Thumb Code     0  startup_keil.o(RESET)
    am_uart1_isr                             0x000000e3   Thumb Code     0  startup_keil.o(RESET)
    am_uart_isr                              0x000000e3   Thumb Code     0  startup_keil.o(RESET)
    am_vcomp_isr                             0x000000e3   Thumb Code     0  startup_keil.o(RESET)
    am_watchdog_isr                          0x000000e3   Thumb Code     0  startup_keil.o(RESET)
    __main                                   0x000000e9   Thumb Code     0  entry.o(.ARM.Collect$$$$00000000)
    _main_stk                                0x000000e9   Thumb Code     0  entry2.o(.ARM.Collect$$$$00000001)
    _main_scatterload                        0x000000ed   Thumb Code     0  entry5.o(.ARM.Collect$$$$00000004)
    __main_after_scatterload                 0x000000f1   Thumb Code     0  entry5.o(.ARM.Collect$$$$00000004)
    _main_clock                              0x000000f1   Thumb Code     0  entry7b.o(.ARM.Collect$$$$00000008)
    _main_cpp_init                           0x000000f1   Thumb Code     0  entry8b.o(.ARM.Collect$$$$0000000A)
    _main_init                               0x000000f1   Thumb Code     0  entry9a.o(.ARM.Collect$$$$0000000B)
    __rt_lib_shutdown_fini                   0x000000f9   Thumb Code     0  entry12b.o(.ARM.Collect$$$$0000000E)
    __rt_final_cpp                           0x000000fd   Thumb Code     0  entry10a.o(.ARM.Collect$$$$0000000F)
    __rt_final_exit                          0x000000fd   Thumb Code     0  entry11a.o(.ARM.Collect$$$$00000011)
    am_fault_isr                             0x00000101   Thumb Code    26  am_util_faultisr.o(.emb_text)
    getStackedReg                            0x0000011b   Thumb Code     8  am_util_faultisr.o(.emb_text)
    am_hal_interrupt_master_enable           0x00000125   Thumb Code     8  am_hal_interrupt.o(.emb_text)
    am_hal_interrupt_master_disable          0x0000012d   Thumb Code     8  am_hal_interrupt.o(.emb_text)
    am_hal_interrupt_master_set              0x00000135   Thumb Code     6  am_hal_interrupt.o(.emb_text)
    __aeabi_lasr                             0x0000013b   Thumb Code    36  llsshr.o(.text)
    _ll_sshift_r                             0x0000013b   Thumb Code     0  llsshr.o(.text)
    ___aeabi_memcpy8$move                    0x0000015f   Thumb Code     0  memmovea.o(.text)
    __aeabi_memcpy                           0x0000015f   Thumb Code    64  memmovea.o(.text)
    __aeabi_memcpy4                          0x0000015f   Thumb Code     0  memmovea.o(.text)
    __aeabi_memmove                          0x0000015f   Thumb Code     0  memmovea.o(.text)
    __aeabi_memmove4                         0x0000015f   Thumb Code     0  memmovea.o(.text)
    __aeabi_memmove8                         0x0000015f   Thumb Code     0  memmovea.o(.text)
    __aeabi_memset                           0x0000019f   Thumb Code    14  memseta.o(.text)
    __aeabi_memset4                          0x0000019f   Thumb Code     0  memseta.o(.text)
    __aeabi_memset8                          0x0000019f   Thumb Code     0  memseta.o(.text)
    __aeabi_memclr                           0x000001ad   Thumb Code     4  memseta.o(.text)
    __aeabi_memclr4                          0x000001ad   Thumb Code     0  memseta.o(.text)
    __aeabi_memclr8                          0x000001ad   Thumb Code     0  memseta.o(.text)
    _memset$wrapper                          0x000001b1   Thumb Code    18  memseta.o(.text)
    __scatterload                            0x000001c5   Thumb Code    28  init.o(.text)
    __scatterload_rt2                        0x000001c5   Thumb Code     0  init.o(.text)
    Flatten                                  0x000001e9   Thumb Code    74  nnom_flatten.o(i.Flatten)
    Infer_BIG                                0x0000023d   Thumb Code   112  main.o(i.Infer_BIG)
    Infer_SMALL                              0x000002cd   Thumb Code   390  main.o(i.Infer_SMALL)
    MaxPool                                  0x000004a1   Thumb Code   174  nnom_maxpool.o(i.MaxPool)
    __scatterload_copy                       0x000005a9   Thumb Code    14  handlers.o(i.__scatterload_copy)
    __scatterload_null                       0x000005b7   Thumb Code     2  handlers.o(i.__scatterload_null)
    __scatterload_zeroinit                   0x000005b9   Thumb Code    14  handlers.o(i.__scatterload_zeroinit)
    act_get_dec_bit                          0x000005c7   Thumb Code    42  nnom_activation.o(i.act_get_dec_bit)
    act_relu                                 0x000005f1   Thumb Code    22  nnom_activation.o(i.act_relu)
    am_bsp_low_power_init                    0x000006a7   Thumb Code    34  am_bsp.o(i.am_bsp_low_power_init)
    am_devices_led_array_init                0x000006c9   Thumb Code    36  am_devices_led.o(i.am_devices_led_array_init)
    am_devices_led_array_out                 0x000006ed   Thumb Code    46  am_devices_led.o(i.am_devices_led_array_out)
    am_devices_led_init                      0x0000071d   Thumb Code   560  am_devices_led.o(i.am_devices_led_init)
    am_devices_led_off                       0x00000951   Thumb Code   140  am_devices_led.o(i.am_devices_led_off)
    am_devices_led_on                        0x000009e1   Thumb Code   140  am_devices_led.o(i.am_devices_led_on)
    am_hal_cachectrl_enable                  0x00000a71   Thumb Code   228  am_hal_cachectrl.o(i.am_hal_cachectrl_enable)
    am_hal_clkgen_osc_stop                   0x00000b59   Thumb Code    22  am_hal_clkgen.o(i.am_hal_clkgen_osc_stop)
    am_hal_clkgen_sysclk_get                 0x00000b71   Thumb Code    38  am_hal_clkgen.o(i.am_hal_clkgen_sysclk_get)
    am_hal_clkgen_sysclk_select              0x00000ba5   Thumb Code    18  am_hal_clkgen.o(i.am_hal_clkgen_sysclk_select)
    am_hal_ctimer_clear                      0x00000bb9   Thumb Code    36  am_hal_ctimer.o(i.am_hal_ctimer_clear)
    am_hal_ctimer_period_set                 0x00000be1   Thumb Code   156  am_hal_ctimer.o(i.am_hal_ctimer_period_set)
    am_hal_ctimer_start                      0x00000c81   Thumb Code    42  am_hal_ctimer.o(i.am_hal_ctimer_start)
    am_hal_flash_delay                       0x00000cb1   Thumb Code    14  am_hal_flash.o(i.am_hal_flash_delay)
    am_hal_mcuctrl_fault_status              0x00000cc5   Thumb Code    56  am_hal_mcuctrl.o(i.am_hal_mcuctrl_fault_status)
    am_hal_pwrctrl_bucks_disable             0x00000d05   Thumb Code    86  am_hal_pwrctrl.o(i.am_hal_pwrctrl_bucks_disable)
    am_hal_pwrctrl_bucks_enable              0x00000d61   Thumb Code    66  am_hal_pwrctrl.o(i.am_hal_pwrctrl_bucks_enable)
    am_hal_pwrctrl_bucks_init                0x00000da9   Thumb Code    28  am_hal_pwrctrl.o(i.am_hal_pwrctrl_bucks_init)
    am_hal_pwrctrl_low_power_init            0x00000dc9   Thumb Code    24  am_hal_pwrctrl.o(i.am_hal_pwrctrl_low_power_init)
    am_hal_pwrctrl_memory_enable             0x00000de5   Thumb Code   368  am_hal_pwrctrl.o(i.am_hal_pwrctrl_memory_enable)
    am_hal_rtc_osc_disable                   0x00000f61   Thumb Code    18  am_hal_rtc.o(i.am_hal_rtc_osc_disable)
    am_hal_rtc_osc_select                    0x00000f73   Thumb Code    38  am_hal_rtc.o(i.am_hal_rtc_osc_select)
    am_hal_sysctrl_sleep                     0x00000f99   Thumb Code   188  am_hal_sysctrl.o(i.am_hal_sysctrl_sleep)
    am_hal_vcomp_disable                     0x00001069   Thumb Code     8  am_hal_vcomp.o(i.am_hal_vcomp_disable)
    am_systick_isr                           0x00001075   Thumb Code    14  am_time.o(i.am_systick_isr)
    am_util_delay_ms                         0x00001089   Thumb Code    30  am_util_delay.o(i.am_util_delay_ms)
    am_util_faultisr_collect_data            0x000010a9   Thumb Code   178  am_util_faultisr.o(i.am_util_faultisr_collect_data)
    block_mem_set                            0x00001161   Thumb Code    68  nnom.o(i.block_mem_set)
    check_model_version                      0x0000122d   Thumb Code    52  nnom.o(i.check_model_version)
    compile_layers                           0x00001261   Thumb Code   650  nnom.o(i.compile_layers)
    conv2d_build                             0x000014eb   Thumb Code   274  nnom_conv2d.o(i.conv2d_build)
    conv2d_free                              0x000015fd   Thumb Code    28  nnom_conv2d.o(i.conv2d_free)
    conv2d_run                               0x00001619   Thumb Code   306  nnom_conv2d.o(i.conv2d_run)
    conv2d_s                                 0x0000174d   Thumb Code   336  nnom_conv2d.o(i.conv2d_s)
    conv_output_length                       0x000018a9   Thumb Code    42  nnom_conv2d.o(i.conv_output_length)
    default_build                            0x000018d3   Thumb Code    86  nnom_baselayer.o(i.default_build)
    delete_tensor                            0x00001929   Thumb Code    14  nnom_tensor.o(i.delete_tensor)
    dense_build                              0x00001937   Thumb Code   168  nnom_dense.o(i.dense_build)
    dense_free                               0x000019df   Thumb Code    28  nnom_dense.o(i.dense_free)
    dense_run                                0x000019fb   Thumb Code    98  nnom_dense.o(i.dense_run)
    dense_s                                  0x00001a5d   Thumb Code   118  nnom_dense.o(i.dense_s)
    dilation                                 0x00001ae1   Thumb Code    22  nnom_layers.o(i.dilation)
    flatten_build                            0x00001b13   Thumb Code    88  nnom_flatten.o(i.flatten_build)
    flatten_run                              0x00001b6b   Thumb Code     6  nnom_flatten.o(i.flatten_run)
    flatten_s                                0x00001b71   Thumb Code    18  nnom_flatten.o(i.flatten_s)
    free                                     0x00001b85   Thumb Code    76  malloc.o(i.free)
    input_build                              0x00001bd5   Thumb Code    48  nnom_input.o(i.input_build)
    input_run                                0x00001c05   Thumb Code    34  nnom_input.o(i.input_run)
    input_s                                  0x00001c29   Thumb Code   262  nnom_input.o(i.input_s)
    io_init                                  0x00001d39   Thumb Code     8  nnom_layers.o(i.io_init)
    kernel                                   0x00001dc5   Thumb Code    22  nnom_layers.o(i.kernel)
    layer_run                                0x00001e1b   Thumb Code    40  nnom.o(i.layer_run)
    local_convolve_HWC_q15_nonsquare         0x00001e6b   Thumb Code   532  nnom_local_q15.o(i.local_convolve_HWC_q15_nonsquare)
    local_convolve_HWC_q7_nonsquare          0x0000207f   Thumb Code   502  nnom_local.o(i.local_convolve_HWC_q7_nonsquare)
    local_fully_connected_q7_opt             0x00002275   Thumb Code   672  nnom_local.o(i.local_fully_connected_q7_opt)
    local_maxpool_q7_HWC                     0x00002515   Thumb Code   250  nnom_local.o(i.local_maxpool_q7_HWC)
    local_relu_q15                           0x0000260f   Thumb Code    28  nnom_local_q15.o(i.local_relu_q15)
    local_relu_q7                            0x0000262b   Thumb Code    24  nnom_local.o(i.local_relu_q7)
    main                                     0x00002645   Thumb Code   170  main.o(i.main)
    malloc                                   0x00002701   Thumb Code    92  malloc.o(i.malloc)
    maxpool_build                            0x0000276d   Thumb Code   248  nnom_maxpool.o(i.maxpool_build)
    maxpool_run                              0x00002865   Thumb Code   150  nnom_maxpool.o(i.maxpool_run)
    maxpool_s                                0x000028fb   Thumb Code   104  nnom_maxpool.o(i.maxpool_s)
    mem_analysis_result                      0x00002963   Thumb Code    34  nnom.o(i.mem_analysis_result)
    model_compile                            0x000029c1   Thumb Code   116  nnom.o(i.model_compile)
    model_delete                             0x00002a35   Thumb Code    64  nnom.o(i.model_delete)
    model_run                                0x00002af1   Thumb Code    14  nnom.o(i.model_run)
    model_run_to                             0x00002aff   Thumb Code    96  nnom.o(i.model_run_to)
    new_model                                0x00002b89   Thumb Code    62  nnom.o(i.new_model)
    new_tensor                               0x00002bdd   Thumb Code    92  nnom_tensor.o(i.new_tensor)
    nnom_alignto                             0x00002c39   Thumb Code    28  nnom.o(i.nnom_alignto)
    nnom_hook_length                         0x00002c55   Thumb Code    24  nnom.o(i.nnom_hook_length)
    nnom_mem                                 0x00002c6d   Thumb Code    46  nnom.o(i.nnom_mem)
    output_run                               0x000035e5   Thumb Code    34  nnom_output.o(i.output_run)
    output_s                                 0x00003609   Thumb Code    32  nnom_output.o(i.output_s)
    set_tailed_activation                    0x000037a5   Thumb Code    54  nnom.o(i.set_tailed_activation)
    shape                                    0x000037db   Thumb Code    32  nnom_layers.o(i.shape)
    stride                                   0x000037fb   Thumb Code    22  nnom_layers.o(i.stride)
    tensor_cpy_attr                          0x00003811   Thumb Code    88  nnom_tensor.o(i.tensor_cpy_attr)
    tensor_get_num_channel                   0x00003869   Thumb Code    14  nnom_tensor.o(i.tensor_get_num_channel)
    tensor_mem_set                           0x00003877   Thumb Code    54  nnom.o(i.tensor_mem_set)
    tensor_set_attr                          0x000038ad   Thumb Code    80  nnom_tensor.o(i.tensor_set_attr)
    tensor_set_attr_v                        0x000038fd   Thumb Code    50  nnom_tensor.o(i.tensor_set_attr_v)
    tensor_size                              0x0000392f   Thumb Code    34  nnom_tensor.o(i.tensor_size)
    tensor_input_1_0_dim_B                   0x00003f50   Data           4  main.o(.constdata)
    tensor_input_1_0_dec_B                   0x00003f54   Data           4  main.o(.constdata)
    tensor_input_1_0_offset_B                0x00003f58   Data           4  main.o(.constdata)
    tensor_input_1_0_B                       0x00003f5c   Data          20  main.o(.constdata)
    input_1_config_B                         0x00003f70   Data           8  main.o(.constdata)
    tensor_conv1d_kernel_0_data_B            0x00003f78   Data         108  main.o(.constdata)
    tensor_conv1d_kernel_0_dim_B             0x00003fe4   Data           6  main.o(.constdata)
    tensor_conv1d_kernel_0_dec_B             0x00003fec   Data           4  main.o(.constdata)
    tensor_conv1d_kernel_0_offset_B          0x00003ff0   Data           4  main.o(.constdata)
    tensor_conv1d_kernel_0_B                 0x00003ff4   Data          20  main.o(.constdata)
    tensor_conv1d_bias_0_data_B              0x00004008   Data           4  main.o(.constdata)
    tensor_conv1d_bias_0_dim_B               0x0000400c   Data           2  main.o(.constdata)
    tensor_conv1d_bias_0_dec_B               0x00004010   Data           4  main.o(.constdata)
    tensor_conv1d_bias_0_offset_B            0x00004014   Data           4  main.o(.constdata)
    tensor_conv1d_bias_0_B                   0x00004018   Data          20  main.o(.constdata)
    conv1d_output_shift_B                    0x0000402c   Data           4  main.o(.constdata)
    conv1d_bias_shift_B                      0x00004030   Data           4  main.o(.constdata)
    conv1d_config_B                          0x00004034   Data          40  main.o(.constdata)
    max_pooling1d_config_B                   0x0000405c   Data          16  main.o(.constdata)
    tensor_conv1d_1_kernel_0_data_B          0x0000406c   Data          96  main.o(.constdata)
    tensor_conv1d_1_kernel_0_dim_B           0x000040cc   Data           6  main.o(.constdata)
    tensor_conv1d_1_kernel_0_dec_B           0x000040d4   Data           4  main.o(.constdata)
    tensor_conv1d_1_kernel_0_offset_B        0x000040d8   Data           4  main.o(.constdata)
    tensor_conv1d_1_kernel_0_B               0x000040dc   Data          20  main.o(.constdata)
    tensor_conv1d_1_bias_0_data_B            0x000040f0   Data           8  main.o(.constdata)
    tensor_conv1d_1_bias_0_dim_B             0x000040f8   Data           2  main.o(.constdata)
    tensor_conv1d_1_bias_0_dec_B             0x000040fc   Data           4  main.o(.constdata)
    tensor_conv1d_1_bias_0_offset_B          0x00004100   Data           4  main.o(.constdata)
    tensor_conv1d_1_bias_0_B                 0x00004104   Data          20  main.o(.constdata)
    conv1d_1_output_shift_B                  0x00004118   Data           4  main.o(.constdata)
    conv1d_1_bias_shift_B                    0x0000411c   Data           4  main.o(.constdata)
    conv1d_1_config_B                        0x00004120   Data          40  main.o(.constdata)
    max_pooling1d_1_config_B                 0x00004148   Data          16  main.o(.constdata)
    tensor_conv1d_2_kernel_0_data_B          0x00004158   Data         384  main.o(.constdata)
    tensor_conv1d_2_kernel_0_dim_B           0x000042d8   Data           6  main.o(.constdata)
    tensor_conv1d_2_kernel_0_dec_B           0x000042e0   Data           4  main.o(.constdata)
    tensor_conv1d_2_kernel_0_offset_B        0x000042e4   Data           4  main.o(.constdata)
    tensor_conv1d_2_kernel_0_B               0x000042e8   Data          20  main.o(.constdata)
    tensor_conv1d_2_bias_0_data_B            0x000042fc   Data          16  main.o(.constdata)
    tensor_conv1d_2_bias_0_dim_B             0x0000430c   Data           2  main.o(.constdata)
    tensor_conv1d_2_bias_0_dec_B             0x00004310   Data           4  main.o(.constdata)
    tensor_conv1d_2_bias_0_offset_B          0x00004314   Data           4  main.o(.constdata)
    tensor_conv1d_2_bias_0_B                 0x00004318   Data          20  main.o(.constdata)
    conv1d_2_output_shift_B                  0x0000432c   Data           4  main.o(.constdata)
    conv1d_2_bias_shift_B                    0x00004330   Data           4  main.o(.constdata)
    conv1d_2_config_B                        0x00004334   Data          40  main.o(.constdata)
    max_pooling1d_2_config_B                 0x0000435c   Data          16  main.o(.constdata)
    tensor_conv1d_3_kernel_0_data_B          0x0000436c   Data        1536  main.o(.constdata)
    tensor_conv1d_3_kernel_0_dim_B           0x0000496c   Data           6  main.o(.constdata)
    tensor_conv1d_3_kernel_0_dec_B           0x00004974   Data           4  main.o(.constdata)
    tensor_conv1d_3_kernel_0_offset_B        0x00004978   Data           4  main.o(.constdata)
    tensor_conv1d_3_kernel_0_B               0x0000497c   Data          20  main.o(.constdata)
    tensor_conv1d_3_bias_0_data_B            0x00004990   Data          32  main.o(.constdata)
    tensor_conv1d_3_bias_0_dim_B             0x000049b0   Data           2  main.o(.constdata)
    tensor_conv1d_3_bias_0_dec_B             0x000049b4   Data           4  main.o(.constdata)
    tensor_conv1d_3_bias_0_offset_B          0x000049b8   Data           4  main.o(.constdata)
    tensor_conv1d_3_bias_0_B                 0x000049bc   Data          20  main.o(.constdata)
    conv1d_3_output_shift_B                  0x000049d0   Data           4  main.o(.constdata)
    conv1d_3_bias_shift_B                    0x000049d4   Data           4  main.o(.constdata)
    conv1d_3_config_B                        0x000049d8   Data          40  main.o(.constdata)
    max_pooling1d_3_config_B                 0x00004a00   Data          16  main.o(.constdata)
    tensor_conv1d_4_kernel_0_data_B          0x00004a10   Data         768  main.o(.constdata)
    tensor_conv1d_4_kernel_0_dim_B           0x00004d10   Data           6  main.o(.constdata)
    tensor_conv1d_4_kernel_0_dec_B           0x00004d18   Data           4  main.o(.constdata)
    tensor_conv1d_4_kernel_0_offset_B        0x00004d1c   Data           4  main.o(.constdata)
    tensor_conv1d_4_kernel_0_B               0x00004d20   Data          20  main.o(.constdata)
    tensor_conv1d_4_bias_0_data_B            0x00004d34   Data           8  main.o(.constdata)
    tensor_conv1d_4_bias_0_dim_B             0x00004d3c   Data           2  main.o(.constdata)
    tensor_conv1d_4_bias_0_dec_B             0x00004d40   Data           4  main.o(.constdata)
    tensor_conv1d_4_bias_0_offset_B          0x00004d44   Data           4  main.o(.constdata)
    tensor_conv1d_4_bias_0_B                 0x00004d48   Data          20  main.o(.constdata)
    conv1d_4_output_shift_B                  0x00004d5c   Data           4  main.o(.constdata)
    conv1d_4_bias_shift_B                    0x00004d60   Data           4  main.o(.constdata)
    conv1d_4_config_B                        0x00004d64   Data          40  main.o(.constdata)
    max_pooling1d_4_config_B                 0x00004d8c   Data          16  main.o(.constdata)
    flatten_config_B                         0x00004d9c   Data           4  main.o(.constdata)
    tensor_dense_kernel_0_data_B             0x00004da0   Data         192  main.o(.constdata)
    tensor_dense_kernel_0_dim_B              0x00004e60   Data           4  main.o(.constdata)
    tensor_dense_kernel_0_dec_B              0x00004e64   Data           4  main.o(.constdata)
    tensor_dense_kernel_0_offset_B           0x00004e68   Data           4  main.o(.constdata)
    tensor_dense_kernel_0_B                  0x00004e6c   Data          20  main.o(.constdata)
    tensor_dense_bias_0_data_B               0x00004e80   Data           6  main.o(.constdata)
    tensor_dense_bias_0_dim_B                0x00004e86   Data           2  main.o(.constdata)
    tensor_dense_bias_0_dec_B                0x00004e88   Data           4  main.o(.constdata)
    tensor_dense_bias_0_offset_B             0x00004e8c   Data           4  main.o(.constdata)
    tensor_dense_bias_0_B                    0x00004e90   Data          20  main.o(.constdata)
    dense_output_shift_B                     0x00004ea4   Data           4  main.o(.constdata)
    dense_bias_shift_B                       0x00004ea8   Data           4  main.o(.constdata)
    dense_config_B                           0x00004eac   Data          24  main.o(.constdata)
    tensor_output0_dim_B                     0x00004ec4   Data           2  main.o(.constdata)
    tensor_output0_dec_B                     0x00004ec8   Data           4  main.o(.constdata)
    tensor_output0_offset_B                  0x00004ecc   Data           4  main.o(.constdata)
    tensor_output0_B                         0x00004ed0   Data          20  main.o(.constdata)
    output0_config_B                         0x00004ee4   Data           8  main.o(.constdata)
    tensor_input_1_0_dim_S0                  0x00004eec   Data           4  main.o(.constdata)
    tensor_input_1_0_dec_S0                  0x00004ef0   Data           4  main.o(.constdata)
    tensor_input_1_0_offset_S0               0x00004ef4   Data           4  main.o(.constdata)
    tensor_input_1_0_S0                      0x00004ef8   Data          20  main.o(.constdata)
    input_1_config_S0                        0x00004f0c   Data           8  main.o(.constdata)
    tensor_conv1d_kernel_0_data_S0           0x00004f14   Data          36  main.o(.constdata)
    tensor_conv1d_kernel_0_dim_S0            0x00004f38   Data           6  main.o(.constdata)
    tensor_conv1d_kernel_0_dec_S0            0x00004f40   Data           4  main.o(.constdata)
    tensor_conv1d_kernel_0_offset_S0         0x00004f44   Data           4  main.o(.constdata)
    tensor_conv1d_kernel_0_S0                0x00004f48   Data          20  main.o(.constdata)
    tensor_conv1d_bias_0_data_S0             0x00004f5c   Data           4  main.o(.constdata)
    tensor_conv1d_bias_0_dim_S0              0x00004f60   Data           2  main.o(.constdata)
    tensor_conv1d_bias_0_dec_S0              0x00004f64   Data           4  main.o(.constdata)
    tensor_conv1d_bias_0_offset_S0           0x00004f68   Data           4  main.o(.constdata)
    tensor_conv1d_bias_0_S0                  0x00004f6c   Data          20  main.o(.constdata)
    conv1d_output_shift_S0                   0x00004f80   Data           4  main.o(.constdata)
    conv1d_bias_shift_S0                     0x00004f84   Data           4  main.o(.constdata)
    conv1d_config_S0                         0x00004f88   Data          40  main.o(.constdata)
    max_pooling1d_config_S0                  0x00004fb0   Data          16  main.o(.constdata)
    tensor_conv1d_1_kernel_0_data_S0         0x00004fc0   Data          48  main.o(.constdata)
    tensor_conv1d_1_kernel_0_dim_S0          0x00004ff0   Data           6  main.o(.constdata)
    tensor_conv1d_1_kernel_0_dec_S0          0x00004ff8   Data           4  main.o(.constdata)
    tensor_conv1d_1_kernel_0_offset_S0       0x00004ffc   Data           4  main.o(.constdata)
    tensor_conv1d_1_kernel_0_S0              0x00005000   Data          20  main.o(.constdata)
    tensor_conv1d_1_bias_0_data_S0           0x00005014   Data           4  main.o(.constdata)
    tensor_conv1d_1_bias_0_dim_S0            0x00005018   Data           2  main.o(.constdata)
    tensor_conv1d_1_bias_0_dec_S0            0x0000501c   Data           4  main.o(.constdata)
    tensor_conv1d_1_bias_0_offset_S0         0x00005020   Data           4  main.o(.constdata)
    tensor_conv1d_1_bias_0_S0                0x00005024   Data          20  main.o(.constdata)
    conv1d_1_output_shift_S0                 0x00005038   Data           4  main.o(.constdata)
    conv1d_1_bias_shift_S0                   0x0000503c   Data           4  main.o(.constdata)
    conv1d_1_config_S0                       0x00005040   Data          40  main.o(.constdata)
    max_pooling1d_1_config_S0                0x00005068   Data          16  main.o(.constdata)
    tensor_conv1d_2_kernel_0_data_S0         0x00005078   Data          24  main.o(.constdata)
    tensor_conv1d_2_kernel_0_dim_S0          0x00005090   Data           6  main.o(.constdata)
    tensor_conv1d_2_kernel_0_dec_S0          0x00005098   Data           4  main.o(.constdata)
    tensor_conv1d_2_kernel_0_offset_S0       0x0000509c   Data           4  main.o(.constdata)
    tensor_conv1d_2_kernel_0_S0              0x000050a0   Data          20  main.o(.constdata)
    tensor_conv1d_2_bias_0_data_S0           0x000050b4   Data           2  main.o(.constdata)
    tensor_conv1d_2_bias_0_dim_S0            0x000050b6   Data           2  main.o(.constdata)
    tensor_conv1d_2_bias_0_dec_S0            0x000050b8   Data           4  main.o(.constdata)
    tensor_conv1d_2_bias_0_offset_S0         0x000050bc   Data           4  main.o(.constdata)
    tensor_conv1d_2_bias_0_S0                0x000050c0   Data          20  main.o(.constdata)
    conv1d_2_output_shift_S0                 0x000050d4   Data           4  main.o(.constdata)
    conv1d_2_bias_shift_S0                   0x000050d8   Data           4  main.o(.constdata)
    conv1d_2_config_S0                       0x000050dc   Data          40  main.o(.constdata)
    max_pooling1d_2_config_S0                0x00005104   Data          16  main.o(.constdata)
    flatten_config_S0                        0x00005114   Data           4  main.o(.constdata)
    tensor_dense_kernel_0_data_S0            0x00005118   Data          64  main.o(.constdata)
    tensor_dense_kernel_0_dim_S0             0x00005158   Data           4  main.o(.constdata)
    tensor_dense_kernel_0_dec_S0             0x0000515c   Data           4  main.o(.constdata)
    tensor_dense_kernel_0_offset_S0          0x00005160   Data           4  main.o(.constdata)
    tensor_dense_kernel_0_S0                 0x00005164   Data          20  main.o(.constdata)
    tensor_dense_bias_0_data_S0              0x00005178   Data           2  main.o(.constdata)
    tensor_dense_bias_0_dim_S0               0x0000517a   Data           2  main.o(.constdata)
    tensor_dense_bias_0_dec_S0               0x0000517c   Data           4  main.o(.constdata)
    tensor_dense_bias_0_offset_S0            0x00005180   Data           4  main.o(.constdata)
    tensor_dense_bias_0_S0                   0x00005184   Data          20  main.o(.constdata)
    dense_output_shift_S0                    0x00005198   Data           4  main.o(.constdata)
    dense_bias_shift_S0                      0x0000519c   Data           4  main.o(.constdata)
    dense_config_S0                          0x000051a0   Data          24  main.o(.constdata)
    tensor_output0_dim_S0                    0x000051b8   Data           2  main.o(.constdata)
    tensor_output0_dec_S0                    0x000051bc   Data           4  main.o(.constdata)
    tensor_output0_offset_S0                 0x000051c0   Data           4  main.o(.constdata)
    tensor_output0_S0                        0x000051c4   Data          20  main.o(.constdata)
    output0_config_S0                        0x000051d8   Data           8  main.o(.constdata)
    tensor_input_1_0_dim_S1                  0x000051e0   Data           4  main.o(.constdata)
    tensor_input_1_0_dec_S1                  0x000051e4   Data           4  main.o(.constdata)
    tensor_input_1_0_offset_S1               0x000051e8   Data           4  main.o(.constdata)
    tensor_input_1_0_S1                      0x000051ec   Data          20  main.o(.constdata)
    input_1_config_S1                        0x00005200   Data           8  main.o(.constdata)
    tensor_conv1d_kernel_0_data_S1           0x00005208   Data          36  main.o(.constdata)
    tensor_conv1d_kernel_0_dim_S1            0x0000522c   Data           6  main.o(.constdata)
    tensor_conv1d_kernel_0_dec_S1            0x00005234   Data           4  main.o(.constdata)
    tensor_conv1d_kernel_0_offset_S1         0x00005238   Data           4  main.o(.constdata)
    tensor_conv1d_kernel_0_S1                0x0000523c   Data          20  main.o(.constdata)
    tensor_conv1d_bias_0_data_S1             0x00005250   Data           4  main.o(.constdata)
    tensor_conv1d_bias_0_dim_S1              0x00005254   Data           2  main.o(.constdata)
    tensor_conv1d_bias_0_dec_S1              0x00005258   Data           4  main.o(.constdata)
    tensor_conv1d_bias_0_offset_S1           0x0000525c   Data           4  main.o(.constdata)
    tensor_conv1d_bias_0_S1                  0x00005260   Data          20  main.o(.constdata)
    conv1d_output_shift_S1                   0x00005274   Data           4  main.o(.constdata)
    conv1d_bias_shift_S1                     0x00005278   Data           4  main.o(.constdata)
    conv1d_config_S1                         0x0000527c   Data          40  main.o(.constdata)
    max_pooling1d_config_S1                  0x000052a4   Data          16  main.o(.constdata)
    tensor_conv1d_1_kernel_0_data_S1         0x000052b4   Data          48  main.o(.constdata)
    tensor_conv1d_1_kernel_0_dim_S1          0x000052e4   Data           6  main.o(.constdata)
    tensor_conv1d_1_kernel_0_dec_S1          0x000052ec   Data           4  main.o(.constdata)
    tensor_conv1d_1_kernel_0_offset_S1       0x000052f0   Data           4  main.o(.constdata)
    tensor_conv1d_1_kernel_0_S1              0x000052f4   Data          20  main.o(.constdata)
    tensor_conv1d_1_bias_0_data_S1           0x00005308   Data           4  main.o(.constdata)
    tensor_conv1d_1_bias_0_dim_S1            0x0000530c   Data           2  main.o(.constdata)
    tensor_conv1d_1_bias_0_dec_S1            0x00005310   Data           4  main.o(.constdata)
    tensor_conv1d_1_bias_0_offset_S1         0x00005314   Data           4  main.o(.constdata)
    tensor_conv1d_1_bias_0_S1                0x00005318   Data          20  main.o(.constdata)
    conv1d_1_output_shift_S1                 0x0000532c   Data           4  main.o(.constdata)
    conv1d_1_bias_shift_S1                   0x00005330   Data           4  main.o(.constdata)
    conv1d_1_config_S1                       0x00005334   Data          40  main.o(.constdata)
    max_pooling1d_1_config_S1                0x0000535c   Data          16  main.o(.constdata)
    tensor_conv1d_2_kernel_0_data_S1         0x0000536c   Data          24  main.o(.constdata)
    tensor_conv1d_2_kernel_0_dim_S1          0x00005384   Data           6  main.o(.constdata)
    tensor_conv1d_2_kernel_0_dec_S1          0x0000538c   Data           4  main.o(.constdata)
    tensor_conv1d_2_kernel_0_offset_S1       0x00005390   Data           4  main.o(.constdata)
    tensor_conv1d_2_kernel_0_S1              0x00005394   Data          20  main.o(.constdata)
    tensor_conv1d_2_bias_0_data_S1           0x000053a8   Data           2  main.o(.constdata)
    tensor_conv1d_2_bias_0_dim_S1            0x000053aa   Data           2  main.o(.constdata)
    tensor_conv1d_2_bias_0_dec_S1            0x000053ac   Data           4  main.o(.constdata)
    tensor_conv1d_2_bias_0_offset_S1         0x000053b0   Data           4  main.o(.constdata)
    tensor_conv1d_2_bias_0_S1                0x000053b4   Data          20  main.o(.constdata)
    conv1d_2_output_shift_S1                 0x000053c8   Data           4  main.o(.constdata)
    conv1d_2_bias_shift_S1                   0x000053cc   Data           4  main.o(.constdata)
    conv1d_2_config_S1                       0x000053d0   Data          40  main.o(.constdata)
    max_pooling1d_2_config_S1                0x000053f8   Data          16  main.o(.constdata)
    flatten_config_S1                        0x00005408   Data           4  main.o(.constdata)
    tensor_dense_kernel_0_data_S1            0x0000540c   Data          64  main.o(.constdata)
    tensor_dense_kernel_0_dim_S1             0x0000544c   Data           4  main.o(.constdata)
    tensor_dense_kernel_0_dec_S1             0x00005450   Data           4  main.o(.constdata)
    tensor_dense_kernel_0_offset_S1          0x00005454   Data           4  main.o(.constdata)
    tensor_dense_kernel_0_S1                 0x00005458   Data          20  main.o(.constdata)
    tensor_dense_bias_0_data_S1              0x0000546c   Data           2  main.o(.constdata)
    tensor_dense_bias_0_dim_S1               0x0000546e   Data           2  main.o(.constdata)
    tensor_dense_bias_0_dec_S1               0x00005470   Data           4  main.o(.constdata)
    tensor_dense_bias_0_offset_S1            0x00005474   Data           4  main.o(.constdata)
    tensor_dense_bias_0_S1                   0x00005478   Data          20  main.o(.constdata)
    dense_output_shift_S1                    0x0000548c   Data           4  main.o(.constdata)
    dense_bias_shift_S1                      0x00005490   Data           4  main.o(.constdata)
    dense_config_S1                          0x00005494   Data          24  main.o(.constdata)
    tensor_output0_dim_S1                    0x000054ac   Data           2  main.o(.constdata)
    tensor_output0_dec_S1                    0x000054b0   Data           4  main.o(.constdata)
    tensor_output0_offset_S1                 0x000054b4   Data           4  main.o(.constdata)
    tensor_output0_S1                        0x000054b8   Data          20  main.o(.constdata)
    output0_config_S1                        0x000054cc   Data           8  main.o(.constdata)
    tensor_input_1_0_dim_S2                  0x000054d4   Data           4  main.o(.constdata)
    tensor_input_1_0_dec_S2                  0x000054d8   Data           4  main.o(.constdata)
    tensor_input_1_0_offset_S2               0x000054dc   Data           4  main.o(.constdata)
    tensor_input_1_0_S2                      0x000054e0   Data          20  main.o(.constdata)
    input_1_config_S2                        0x000054f4   Data           8  main.o(.constdata)
    tensor_conv1d_kernel_0_data_S2           0x000054fc   Data          36  main.o(.constdata)
    tensor_conv1d_kernel_0_dim_S2            0x00005520   Data           6  main.o(.constdata)
    tensor_conv1d_kernel_0_dec_S2            0x00005528   Data           4  main.o(.constdata)
    tensor_conv1d_kernel_0_offset_S2         0x0000552c   Data           4  main.o(.constdata)
    tensor_conv1d_kernel_0_S2                0x00005530   Data          20  main.o(.constdata)
    tensor_conv1d_bias_0_data_S2             0x00005544   Data           4  main.o(.constdata)
    tensor_conv1d_bias_0_dim_S2              0x00005548   Data           2  main.o(.constdata)
    tensor_conv1d_bias_0_dec_S2              0x0000554c   Data           4  main.o(.constdata)
    tensor_conv1d_bias_0_offset_S2           0x00005550   Data           4  main.o(.constdata)
    tensor_conv1d_bias_0_S2                  0x00005554   Data          20  main.o(.constdata)
    conv1d_output_shift_S2                   0x00005568   Data           4  main.o(.constdata)
    conv1d_bias_shift_S2                     0x0000556c   Data           4  main.o(.constdata)
    conv1d_config_S2                         0x00005570   Data          40  main.o(.constdata)
    max_pooling1d_config_S2                  0x00005598   Data          16  main.o(.constdata)
    tensor_conv1d_1_kernel_0_data_S2         0x000055a8   Data          48  main.o(.constdata)
    tensor_conv1d_1_kernel_0_dim_S2          0x000055d8   Data           6  main.o(.constdata)
    tensor_conv1d_1_kernel_0_dec_S2          0x000055e0   Data           4  main.o(.constdata)
    tensor_conv1d_1_kernel_0_offset_S2       0x000055e4   Data           4  main.o(.constdata)
    tensor_conv1d_1_kernel_0_S2              0x000055e8   Data          20  main.o(.constdata)
    tensor_conv1d_1_bias_0_data_S2           0x000055fc   Data           4  main.o(.constdata)
    tensor_conv1d_1_bias_0_dim_S2            0x00005600   Data           2  main.o(.constdata)
    tensor_conv1d_1_bias_0_dec_S2            0x00005604   Data           4  main.o(.constdata)
    tensor_conv1d_1_bias_0_offset_S2         0x00005608   Data           4  main.o(.constdata)
    tensor_conv1d_1_bias_0_S2                0x0000560c   Data          20  main.o(.constdata)
    conv1d_1_output_shift_S2                 0x00005620   Data           4  main.o(.constdata)
    conv1d_1_bias_shift_S2                   0x00005624   Data           4  main.o(.constdata)
    conv1d_1_config_S2                       0x00005628   Data          40  main.o(.constdata)
    max_pooling1d_1_config_S2                0x00005650   Data          16  main.o(.constdata)
    tensor_conv1d_2_kernel_0_data_S2         0x00005660   Data          24  main.o(.constdata)
    tensor_conv1d_2_kernel_0_dim_S2          0x00005678   Data           6  main.o(.constdata)
    tensor_conv1d_2_kernel_0_dec_S2          0x00005680   Data           4  main.o(.constdata)
    tensor_conv1d_2_kernel_0_offset_S2       0x00005684   Data           4  main.o(.constdata)
    tensor_conv1d_2_kernel_0_S2              0x00005688   Data          20  main.o(.constdata)
    tensor_conv1d_2_bias_0_data_S2           0x0000569c   Data           2  main.o(.constdata)
    tensor_conv1d_2_bias_0_dim_S2            0x0000569e   Data           2  main.o(.constdata)
    tensor_conv1d_2_bias_0_dec_S2            0x000056a0   Data           4  main.o(.constdata)
    tensor_conv1d_2_bias_0_offset_S2         0x000056a4   Data           4  main.o(.constdata)
    tensor_conv1d_2_bias_0_S2                0x000056a8   Data          20  main.o(.constdata)
    conv1d_2_output_shift_S2                 0x000056bc   Data           4  main.o(.constdata)
    conv1d_2_bias_shift_S2                   0x000056c0   Data           4  main.o(.constdata)
    conv1d_2_config_S2                       0x000056c4   Data          40  main.o(.constdata)
    max_pooling1d_2_config_S2                0x000056ec   Data          16  main.o(.constdata)
    flatten_config_S2                        0x000056fc   Data           4  main.o(.constdata)
    tensor_dense_kernel_0_data_S2            0x00005700   Data          64  main.o(.constdata)
    tensor_dense_kernel_0_dim_S2             0x00005740   Data           4  main.o(.constdata)
    tensor_dense_kernel_0_dec_S2             0x00005744   Data           4  main.o(.constdata)
    tensor_dense_kernel_0_offset_S2          0x00005748   Data           4  main.o(.constdata)
    tensor_dense_kernel_0_S2                 0x0000574c   Data          20  main.o(.constdata)
    tensor_dense_bias_0_data_S2              0x00005760   Data           2  main.o(.constdata)
    tensor_dense_bias_0_dim_S2               0x00005762   Data           2  main.o(.constdata)
    tensor_dense_bias_0_dec_S2               0x00005764   Data           4  main.o(.constdata)
    tensor_dense_bias_0_offset_S2            0x00005768   Data           4  main.o(.constdata)
    tensor_dense_bias_0_S2                   0x0000576c   Data          20  main.o(.constdata)
    dense_output_shift_S2                    0x00005780   Data           4  main.o(.constdata)
    dense_bias_shift_S2                      0x00005784   Data           4  main.o(.constdata)
    dense_config_S2                          0x00005788   Data          24  main.o(.constdata)
    tensor_output0_dim_S2                    0x000057a0   Data           2  main.o(.constdata)
    tensor_output0_dec_S2                    0x000057a4   Data           4  main.o(.constdata)
    tensor_output0_offset_S2                 0x000057a8   Data           4  main.o(.constdata)
    tensor_output0_S2                        0x000057ac   Data          20  main.o(.constdata)
    output0_config_S2                        0x000057c0   Data           8  main.o(.constdata)
    tensor_input_1_0_dim_S3                  0x000057c8   Data           4  main.o(.constdata)
    tensor_input_1_0_dec_S3                  0x000057cc   Data           4  main.o(.constdata)
    tensor_input_1_0_offset_S3               0x000057d0   Data           4  main.o(.constdata)
    tensor_input_1_0_S3                      0x000057d4   Data          20  main.o(.constdata)
    input_1_config_S3                        0x000057e8   Data           8  main.o(.constdata)
    tensor_conv1d_kernel_0_data_S3           0x000057f0   Data          36  main.o(.constdata)
    tensor_conv1d_kernel_0_dim_S3            0x00005814   Data           6  main.o(.constdata)
    tensor_conv1d_kernel_0_dec_S3            0x0000581c   Data           4  main.o(.constdata)
    tensor_conv1d_kernel_0_offset_S3         0x00005820   Data           4  main.o(.constdata)
    tensor_conv1d_kernel_0_S3                0x00005824   Data          20  main.o(.constdata)
    tensor_conv1d_bias_0_data_S3             0x00005838   Data           4  main.o(.constdata)
    tensor_conv1d_bias_0_dim_S3              0x0000583c   Data           2  main.o(.constdata)
    tensor_conv1d_bias_0_dec_S3              0x00005840   Data           4  main.o(.constdata)
    tensor_conv1d_bias_0_offset_S3           0x00005844   Data           4  main.o(.constdata)
    tensor_conv1d_bias_0_S3                  0x00005848   Data          20  main.o(.constdata)
    conv1d_output_shift_S3                   0x0000585c   Data           4  main.o(.constdata)
    conv1d_bias_shift_S3                     0x00005860   Data           4  main.o(.constdata)
    conv1d_config_S3                         0x00005864   Data          40  main.o(.constdata)
    max_pooling1d_config_S3                  0x0000588c   Data          16  main.o(.constdata)
    tensor_conv1d_1_kernel_0_data_S3         0x0000589c   Data          48  main.o(.constdata)
    tensor_conv1d_1_kernel_0_dim_S3          0x000058cc   Data           6  main.o(.constdata)
    tensor_conv1d_1_kernel_0_dec_S3          0x000058d4   Data           4  main.o(.constdata)
    tensor_conv1d_1_kernel_0_offset_S3       0x000058d8   Data           4  main.o(.constdata)
    tensor_conv1d_1_kernel_0_S3              0x000058dc   Data          20  main.o(.constdata)
    tensor_conv1d_1_bias_0_data_S3           0x000058f0   Data           4  main.o(.constdata)
    tensor_conv1d_1_bias_0_dim_S3            0x000058f4   Data           2  main.o(.constdata)
    tensor_conv1d_1_bias_0_dec_S3            0x000058f8   Data           4  main.o(.constdata)
    tensor_conv1d_1_bias_0_offset_S3         0x000058fc   Data           4  main.o(.constdata)
    tensor_conv1d_1_bias_0_S3                0x00005900   Data          20  main.o(.constdata)
    conv1d_1_output_shift_S3                 0x00005914   Data           4  main.o(.constdata)
    conv1d_1_bias_shift_S3                   0x00005918   Data           4  main.o(.constdata)
    conv1d_1_config_S3                       0x0000591c   Data          40  main.o(.constdata)
    max_pooling1d_1_config_S3                0x00005944   Data          16  main.o(.constdata)
    tensor_conv1d_2_kernel_0_data_S3         0x00005954   Data          24  main.o(.constdata)
    tensor_conv1d_2_kernel_0_dim_S3          0x0000596c   Data           6  main.o(.constdata)
    tensor_conv1d_2_kernel_0_dec_S3          0x00005974   Data           4  main.o(.constdata)
    tensor_conv1d_2_kernel_0_offset_S3       0x00005978   Data           4  main.o(.constdata)
    tensor_conv1d_2_kernel_0_S3              0x0000597c   Data          20  main.o(.constdata)
    tensor_conv1d_2_bias_0_data_S3           0x00005990   Data           2  main.o(.constdata)
    tensor_conv1d_2_bias_0_dim_S3            0x00005992   Data           2  main.o(.constdata)
    tensor_conv1d_2_bias_0_dec_S3            0x00005994   Data           4  main.o(.constdata)
    tensor_conv1d_2_bias_0_offset_S3         0x00005998   Data           4  main.o(.constdata)
    tensor_conv1d_2_bias_0_S3                0x0000599c   Data          20  main.o(.constdata)
    conv1d_2_output_shift_S3                 0x000059b0   Data           4  main.o(.constdata)
    conv1d_2_bias_shift_S3                   0x000059b4   Data           4  main.o(.constdata)
    conv1d_2_config_S3                       0x000059b8   Data          40  main.o(.constdata)
    max_pooling1d_2_config_S3                0x000059e0   Data          16  main.o(.constdata)
    flatten_config_S3                        0x000059f0   Data           4  main.o(.constdata)
    tensor_dense_kernel_0_data_S3            0x000059f4   Data          64  main.o(.constdata)
    tensor_dense_kernel_0_dim_S3             0x00005a34   Data           4  main.o(.constdata)
    tensor_dense_kernel_0_dec_S3             0x00005a38   Data           4  main.o(.constdata)
    tensor_dense_kernel_0_offset_S3          0x00005a3c   Data           4  main.o(.constdata)
    tensor_dense_kernel_0_S3                 0x00005a40   Data          20  main.o(.constdata)
    tensor_dense_bias_0_data_S3              0x00005a54   Data           2  main.o(.constdata)
    tensor_dense_bias_0_dim_S3               0x00005a56   Data           2  main.o(.constdata)
    tensor_dense_bias_0_dec_S3               0x00005a58   Data           4  main.o(.constdata)
    tensor_dense_bias_0_offset_S3            0x00005a5c   Data           4  main.o(.constdata)
    tensor_dense_bias_0_S3                   0x00005a60   Data          20  main.o(.constdata)
    dense_output_shift_S3                    0x00005a74   Data           4  main.o(.constdata)
    dense_bias_shift_S3                      0x00005a78   Data           4  main.o(.constdata)
    dense_config_S3                          0x00005a7c   Data          24  main.o(.constdata)
    tensor_output0_dim_S3                    0x00005a94   Data           2  main.o(.constdata)
    tensor_output0_dec_S3                    0x00005a98   Data           4  main.o(.constdata)
    tensor_output0_offset_S3                 0x00005a9c   Data           4  main.o(.constdata)
    tensor_output0_S3                        0x00005aa0   Data          20  main.o(.constdata)
    output0_config_S3                        0x00005ab4   Data           8  main.o(.constdata)
    tensor_input_1_0_dim_S4                  0x00005abc   Data           4  main.o(.constdata)
    tensor_input_1_0_dec_S4                  0x00005ac0   Data           4  main.o(.constdata)
    tensor_input_1_0_offset_S4               0x00005ac4   Data           4  main.o(.constdata)
    tensor_input_1_0_S4                      0x00005ac8   Data          20  main.o(.constdata)
    input_1_config_S4                        0x00005adc   Data           8  main.o(.constdata)
    tensor_conv1d_kernel_0_data_S4           0x00005ae4   Data          36  main.o(.constdata)
    tensor_conv1d_kernel_0_dim_S4            0x00005b08   Data           6  main.o(.constdata)
    tensor_conv1d_kernel_0_dec_S4            0x00005b10   Data           4  main.o(.constdata)
    tensor_conv1d_kernel_0_offset_S4         0x00005b14   Data           4  main.o(.constdata)
    tensor_conv1d_kernel_0_S4                0x00005b18   Data          20  main.o(.constdata)
    tensor_conv1d_bias_0_data_S4             0x00005b2c   Data           4  main.o(.constdata)
    tensor_conv1d_bias_0_dim_S4              0x00005b30   Data           2  main.o(.constdata)
    tensor_conv1d_bias_0_dec_S4              0x00005b34   Data           4  main.o(.constdata)
    tensor_conv1d_bias_0_offset_S4           0x00005b38   Data           4  main.o(.constdata)
    tensor_conv1d_bias_0_S4                  0x00005b3c   Data          20  main.o(.constdata)
    conv1d_output_shift_S4                   0x00005b50   Data           4  main.o(.constdata)
    conv1d_bias_shift_S4                     0x00005b54   Data           4  main.o(.constdata)
    conv1d_config_S4                         0x00005b58   Data          40  main.o(.constdata)
    max_pooling1d_config_S4                  0x00005b80   Data          16  main.o(.constdata)
    tensor_conv1d_1_kernel_0_data_S4         0x00005b90   Data          48  main.o(.constdata)
    tensor_conv1d_1_kernel_0_dim_S4          0x00005bc0   Data           6  main.o(.constdata)
    tensor_conv1d_1_kernel_0_dec_S4          0x00005bc8   Data           4  main.o(.constdata)
    tensor_conv1d_1_kernel_0_offset_S4       0x00005bcc   Data           4  main.o(.constdata)
    tensor_conv1d_1_kernel_0_S4              0x00005bd0   Data          20  main.o(.constdata)
    tensor_conv1d_1_bias_0_data_S4           0x00005be4   Data           4  main.o(.constdata)
    tensor_conv1d_1_bias_0_dim_S4            0x00005be8   Data           2  main.o(.constdata)
    tensor_conv1d_1_bias_0_dec_S4            0x00005bec   Data           4  main.o(.constdata)
    tensor_conv1d_1_bias_0_offset_S4         0x00005bf0   Data           4  main.o(.constdata)
    tensor_conv1d_1_bias_0_S4                0x00005bf4   Data          20  main.o(.constdata)
    conv1d_1_output_shift_S4                 0x00005c08   Data           4  main.o(.constdata)
    conv1d_1_bias_shift_S4                   0x00005c0c   Data           4  main.o(.constdata)
    conv1d_1_config_S4                       0x00005c10   Data          40  main.o(.constdata)
    max_pooling1d_1_config_S4                0x00005c38   Data          16  main.o(.constdata)
    tensor_conv1d_2_kernel_0_data_S4         0x00005c48   Data          24  main.o(.constdata)
    tensor_conv1d_2_kernel_0_dim_S4          0x00005c60   Data           6  main.o(.constdata)
    tensor_conv1d_2_kernel_0_dec_S4          0x00005c68   Data           4  main.o(.constdata)
    tensor_conv1d_2_kernel_0_offset_S4       0x00005c6c   Data           4  main.o(.constdata)
    tensor_conv1d_2_kernel_0_S4              0x00005c70   Data          20  main.o(.constdata)
    tensor_conv1d_2_bias_0_data_S4           0x00005c84   Data           2  main.o(.constdata)
    tensor_conv1d_2_bias_0_dim_S4            0x00005c86   Data           2  main.o(.constdata)
    tensor_conv1d_2_bias_0_dec_S4            0x00005c88   Data           4  main.o(.constdata)
    tensor_conv1d_2_bias_0_offset_S4         0x00005c8c   Data           4  main.o(.constdata)
    tensor_conv1d_2_bias_0_S4                0x00005c90   Data          20  main.o(.constdata)
    conv1d_2_output_shift_S4                 0x00005ca4   Data           4  main.o(.constdata)
    conv1d_2_bias_shift_S4                   0x00005ca8   Data           4  main.o(.constdata)
    conv1d_2_config_S4                       0x00005cac   Data          40  main.o(.constdata)
    max_pooling1d_2_config_S4                0x00005cd4   Data          16  main.o(.constdata)
    flatten_config_S4                        0x00005ce4   Data           4  main.o(.constdata)
    tensor_dense_kernel_0_data_S4            0x00005ce8   Data          64  main.o(.constdata)
    tensor_dense_kernel_0_dim_S4             0x00005d28   Data           4  main.o(.constdata)
    tensor_dense_kernel_0_dec_S4             0x00005d2c   Data           4  main.o(.constdata)
    tensor_dense_kernel_0_offset_S4          0x00005d30   Data           4  main.o(.constdata)
    tensor_dense_kernel_0_S4                 0x00005d34   Data          20  main.o(.constdata)
    tensor_dense_bias_0_data_S4              0x00005d48   Data           2  main.o(.constdata)
    tensor_dense_bias_0_dim_S4               0x00005d4a   Data           2  main.o(.constdata)
    tensor_dense_bias_0_dec_S4               0x00005d4c   Data           4  main.o(.constdata)
    tensor_dense_bias_0_offset_S4            0x00005d50   Data           4  main.o(.constdata)
    tensor_dense_bias_0_S4                   0x00005d54   Data          20  main.o(.constdata)
    dense_output_shift_S4                    0x00005d68   Data           4  main.o(.constdata)
    dense_bias_shift_S4                      0x00005d6c   Data           4  main.o(.constdata)
    dense_config_S4                          0x00005d70   Data          24  main.o(.constdata)
    tensor_output0_dim_S4                    0x00005d88   Data           2  main.o(.constdata)
    tensor_output0_dec_S4                    0x00005d8c   Data           4  main.o(.constdata)
    tensor_output0_offset_S4                 0x00005d90   Data           4  main.o(.constdata)
    tensor_output0_S4                        0x00005d94   Data          20  main.o(.constdata)
    output0_config_S4                        0x00005da8   Data           8  main.o(.constdata)
    tensor_input_1_0_dim_S5                  0x00005db0   Data           4  main.o(.constdata)
    tensor_input_1_0_dec_S5                  0x00005db4   Data           4  main.o(.constdata)
    tensor_input_1_0_offset_S5               0x00005db8   Data           4  main.o(.constdata)
    tensor_input_1_0_S5                      0x00005dbc   Data          20  main.o(.constdata)
    input_1_config_S5                        0x00005dd0   Data           8  main.o(.constdata)
    tensor_conv1d_kernel_0_data_S5           0x00005dd8   Data          36  main.o(.constdata)
    tensor_conv1d_kernel_0_dim_S5            0x00005dfc   Data           6  main.o(.constdata)
    tensor_conv1d_kernel_0_dec_S5            0x00005e04   Data           4  main.o(.constdata)
    tensor_conv1d_kernel_0_offset_S5         0x00005e08   Data           4  main.o(.constdata)
    tensor_conv1d_kernel_0_S5                0x00005e0c   Data          20  main.o(.constdata)
    tensor_conv1d_bias_0_data_S5             0x00005e20   Data           4  main.o(.constdata)
    tensor_conv1d_bias_0_dim_S5              0x00005e24   Data           2  main.o(.constdata)
    tensor_conv1d_bias_0_dec_S5              0x00005e28   Data           4  main.o(.constdata)
    tensor_conv1d_bias_0_offset_S5           0x00005e2c   Data           4  main.o(.constdata)
    tensor_conv1d_bias_0_S5                  0x00005e30   Data          20  main.o(.constdata)
    conv1d_output_shift_S5                   0x00005e44   Data           4  main.o(.constdata)
    conv1d_bias_shift_S5                     0x00005e48   Data           4  main.o(.constdata)
    conv1d_config_S5                         0x00005e4c   Data          40  main.o(.constdata)
    max_pooling1d_config_S5                  0x00005e74   Data          16  main.o(.constdata)
    tensor_conv1d_1_kernel_0_data_S5         0x00005e84   Data          48  main.o(.constdata)
    tensor_conv1d_1_kernel_0_dim_S5          0x00005eb4   Data           6  main.o(.constdata)
    tensor_conv1d_1_kernel_0_dec_S5          0x00005ebc   Data           4  main.o(.constdata)
    tensor_conv1d_1_kernel_0_offset_S5       0x00005ec0   Data           4  main.o(.constdata)
    tensor_conv1d_1_kernel_0_S5              0x00005ec4   Data          20  main.o(.constdata)
    tensor_conv1d_1_bias_0_data_S5           0x00005ed8   Data           4  main.o(.constdata)
    tensor_conv1d_1_bias_0_dim_S5            0x00005edc   Data           2  main.o(.constdata)
    tensor_conv1d_1_bias_0_dec_S5            0x00005ee0   Data           4  main.o(.constdata)
    tensor_conv1d_1_bias_0_offset_S5         0x00005ee4   Data           4  main.o(.constdata)
    tensor_conv1d_1_bias_0_S5                0x00005ee8   Data          20  main.o(.constdata)
    conv1d_1_output_shift_S5                 0x00005efc   Data           4  main.o(.constdata)
    conv1d_1_bias_shift_S5                   0x00005f00   Data           4  main.o(.constdata)
    conv1d_1_config_S5                       0x00005f04   Data          40  main.o(.constdata)
    max_pooling1d_1_config_S5                0x00005f2c   Data          16  main.o(.constdata)
    tensor_conv1d_2_kernel_0_data_S5         0x00005f3c   Data          24  main.o(.constdata)
    tensor_conv1d_2_kernel_0_dim_S5          0x00005f54   Data           6  main.o(.constdata)
    tensor_conv1d_2_kernel_0_dec_S5          0x00005f5c   Data           4  main.o(.constdata)
    tensor_conv1d_2_kernel_0_offset_S5       0x00005f60   Data           4  main.o(.constdata)
    tensor_conv1d_2_kernel_0_S5              0x00005f64   Data          20  main.o(.constdata)
    tensor_conv1d_2_bias_0_data_S5           0x00005f78   Data           2  main.o(.constdata)
    tensor_conv1d_2_bias_0_dim_S5            0x00005f7a   Data           2  main.o(.constdata)
    tensor_conv1d_2_bias_0_dec_S5            0x00005f7c   Data           4  main.o(.constdata)
    tensor_conv1d_2_bias_0_offset_S5         0x00005f80   Data           4  main.o(.constdata)
    tensor_conv1d_2_bias_0_S5                0x00005f84   Data          20  main.o(.constdata)
    conv1d_2_output_shift_S5                 0x00005f98   Data           4  main.o(.constdata)
    conv1d_2_bias_shift_S5                   0x00005f9c   Data           4  main.o(.constdata)
    conv1d_2_config_S5                       0x00005fa0   Data          40  main.o(.constdata)
    max_pooling1d_2_config_S5                0x00005fc8   Data          16  main.o(.constdata)
    flatten_config_S5                        0x00005fd8   Data           4  main.o(.constdata)
    tensor_dense_kernel_0_data_S5            0x00005fdc   Data          64  main.o(.constdata)
    tensor_dense_kernel_0_dim_S5             0x0000601c   Data           4  main.o(.constdata)
    tensor_dense_kernel_0_dec_S5             0x00006020   Data           4  main.o(.constdata)
    tensor_dense_kernel_0_offset_S5          0x00006024   Data           4  main.o(.constdata)
    tensor_dense_kernel_0_S5                 0x00006028   Data          20  main.o(.constdata)
    tensor_dense_bias_0_data_S5              0x0000603c   Data           2  main.o(.constdata)
    tensor_dense_bias_0_dim_S5               0x0000603e   Data           2  main.o(.constdata)
    tensor_dense_bias_0_dec_S5               0x00006040   Data           4  main.o(.constdata)
    tensor_dense_bias_0_offset_S5            0x00006044   Data           4  main.o(.constdata)
    tensor_dense_bias_0_S5                   0x00006048   Data          20  main.o(.constdata)
    dense_output_shift_S5                    0x0000605c   Data           4  main.o(.constdata)
    dense_bias_shift_S5                      0x00006060   Data           4  main.o(.constdata)
    dense_config_S5                          0x00006064   Data          24  main.o(.constdata)
    tensor_output0_dim_S5                    0x0000607c   Data           2  main.o(.constdata)
    tensor_output0_dec_S5                    0x00006080   Data           4  main.o(.constdata)
    tensor_output0_offset_S5                 0x00006084   Data           4  main.o(.constdata)
    tensor_output0_S5                        0x00006088   Data          20  main.o(.constdata)
    output0_config_S5                        0x0000609c   Data           8  main.o(.constdata)
    Input_data                               0x000060a4   Data       172800  main.o(.constdata)
    Input_data_s3                            0x000303a4   Data       57600  main.o(.constdata)
    Output_expect                            0x0003e4a4   Data         150  main.o(.constdata)
    am_hal_cachectrl_defaults                0x0003e53a   Data          12  am_hal_cachectrl.o(.constdata)
    g_am_hal_flash                           0x0003e548   Data          80  am_hal_flash.o(.constdata)
    ui32SramMaxAddr                          0x0003e598   Data           4  am_hal_flash.o(.constdata)
    Region$$Table$$Base                      0x0003e644   Number         0  anon$$obj.o(Region$$Table)
    Region$$Table$$Limit                     0x0003e664   Number         0  anon$$obj.o(Region$$Table)
    accurateCount                            0x10000014   Data           4  main.o(.data)
    index_B                                  0x10000018   Data           4  main.o(.data)
    BIG_model_activate                       0x1000001c   Data           1  main.o(.data)
    model                                    0x10000020   Data           4  main.o(.data)
    nnom_memory_taken                        0x10000028   Data           4  nnom.o(.data)
    g_ui32SysTickWrappedTime                 0x1000002c   Data           4  am_time.o(.data)
    am_bsp_psLEDs                            0x1000004c   Data          32  am_bsp.o(.data)
    __microlib_freelist                      0x1000006c   Data           4  mvars.o(.data)
    __microlib_freelist_initialised          0x10000070   Data           4  mvars.o(.data)
    __heap_base                              0x100011b0   Data           0  startup_keil.o(HEAP)
    __heap_limit                             0x100211b0   Data           0  startup_keil.o(HEAP)
    __initial_sp                             0x100301b0   Data           0  startup_keil.o(STACK)



==============================================================================

Memory Map of the image

  Image Entry point : 0x000000c1

  Load Region LR_1 (Base: 0x00000000, Size: 0x0003e6d8, Max: 0xffffffff, ABSOLUTE)

    Execution Region ER_RO (Exec base: 0x00000000, Load base: 0x00000000, Size: 0x0003e664, Max: 0xffffffff, ABSOLUTE)

    Exec Addr    Load Addr    Size         Type   Attr      Idx    E Section Name        Object

    0x00000000   0x00000000   0x000000e8   Code   RO          694  * RESET               startup_keil.o
    0x000000e8   0x000000e8   0x00000000   Code   RO        12249  * .ARM.Collect$$$$00000000  mc_w.l(entry.o)
    0x000000e8   0x000000e8   0x00000004   Code   RO        12351    .ARM.Collect$$$$00000001  mc_w.l(entry2.o)
    0x000000ec   0x000000ec   0x00000004   Code   RO        12354    .ARM.Collect$$$$00000004  mc_w.l(entry5.o)
    0x000000f0   0x000000f0   0x00000000   Code   RO        12356    .ARM.Collect$$$$00000008  mc_w.l(entry7b.o)
    0x000000f0   0x000000f0   0x00000000   Code   RO        12358    .ARM.Collect$$$$0000000A  mc_w.l(entry8b.o)
    0x000000f0   0x000000f0   0x00000008   Code   RO        12359    .ARM.Collect$$$$0000000B  mc_w.l(entry9a.o)
    0x000000f8   0x000000f8   0x00000004   Code   RO        12366    .ARM.Collect$$$$0000000E  mc_w.l(entry12b.o)
    0x000000fc   0x000000fc   0x00000000   Code   RO        12361    .ARM.Collect$$$$0000000F  mc_w.l(entry10a.o)
    0x000000fc   0x000000fc   0x00000000   Code   RO        12363    .ARM.Collect$$$$00000011  mc_w.l(entry11a.o)
    0x000000fc   0x000000fc   0x00000004   Code   RO        12352    .ARM.Collect$$$$00002712  mc_w.l(entry2.o)
    0x00000100   0x00000100   0x00000022   Code   RO          574    .emb_text           am_util_faultisr.o
    0x00000122   0x00000122   0x00000002   PAD
    0x00000124   0x00000124   0x00000016   Code   RO         3726    .emb_text           am_hal_interrupt.o
    0x0000013a   0x0000013a   0x00000024   Code   RO        12258    .text               mc_w.l(llsshr.o)
    0x0000015e   0x0000015e   0x00000040   Code   RO        12262    .text               mc_w.l(memmovea.o)
    0x0000019e   0x0000019e   0x00000024   Code   RO        12264    .text               mc_w.l(memseta.o)
    0x000001c2   0x000001c2   0x00000002   PAD
    0x000001c4   0x000001c4   0x00000024   Code   RO        12389    .text               mc_w.l(init.o)
    0x000001e8   0x000001e8   0x00000054   Code   RO         2323    i.Flatten           nnom_flatten.o
    0x0000023c   0x0000023c   0x00000090   Code   RO            4    i.Infer_BIG         main.o
    0x000002cc   0x000002cc   0x000001d4   Code   RO            5    i.Infer_SMALL       main.o
    0x000004a0   0x000004a0   0x000000b8   Code   RO         2595    i.MaxPool           nnom_maxpool.o
    0x00000558   0x00000558   0x00000028   Code   RO          699    i.__NNOM_SSAT       nnom_local.o
    0x00000580   0x00000580   0x00000028   Code   RO         1033    i.__NNOM_SSAT       nnom_local_q15.o
    0x000005a8   0x000005a8   0x0000000e   Code   RO        12393    i.__scatterload_copy  mc_w.l(handlers.o)
    0x000005b6   0x000005b6   0x00000002   Code   RO        12394    i.__scatterload_null  mc_w.l(handlers.o)
    0x000005b8   0x000005b8   0x0000000e   Code   RO        12395    i.__scatterload_zeroinit  mc_w.l(handlers.o)
    0x000005c6   0x000005c6   0x0000002a   Code   RO         1897    i.act_get_dec_bit   nnom_activation.o
    0x000005f0   0x000005f0   0x0000001c   Code   RO         1901    i.act_relu          nnom_activation.o
    0x0000060c   0x0000060c   0x00000032   Code   RO         1277    i.allocate_block    nnom.o
    0x0000063e   0x0000063e   0x00000032   Code   RO         1278    i.allocate_hook     nnom.o
    0x00000670   0x00000670   0x00000036   Code   RO         1279    i.allocate_io       nnom.o
    0x000006a6   0x000006a6   0x00000022   Code   RO        12127    i.am_bsp_low_power_init  libam_bsp.lib(am_bsp.o)
    0x000006c8   0x000006c8   0x00000024   Code   RO          464    i.am_devices_led_array_init  am_devices_led.o
    0x000006ec   0x000006ec   0x0000002e   Code   RO          465    i.am_devices_led_array_out  am_devices_led.o
    0x0000071a   0x0000071a   0x00000002   PAD
    0x0000071c   0x0000071c   0x00000234   Code   RO          467    i.am_devices_led_init  am_devices_led.o
    0x00000950   0x00000950   0x00000090   Code   RO          468    i.am_devices_led_off  am_devices_led.o
    0x000009e0   0x000009e0   0x00000090   Code   RO          469    i.am_devices_led_on  am_devices_led.o
    0x00000a70   0x00000a70   0x000000e8   Code   RO         3059    i.am_hal_cachectrl_enable  am_hal_cachectrl.o
    0x00000b58   0x00000b58   0x00000016   Code   RO         3137    i.am_hal_clkgen_osc_stop  am_hal_clkgen.o
    0x00000b6e   0x00000b6e   0x00000002   PAD
    0x00000b70   0x00000b70   0x00000034   Code   RO         3138    i.am_hal_clkgen_sysclk_get  am_hal_clkgen.o
    0x00000ba4   0x00000ba4   0x00000012   Code   RO         3139    i.am_hal_clkgen_sysclk_select  am_hal_clkgen.o
    0x00000bb6   0x00000bb6   0x00000002   PAD
    0x00000bb8   0x00000bb8   0x00000028   Code   RO         3225    i.am_hal_ctimer_clear  am_hal_ctimer.o
    0x00000be0   0x00000be0   0x000000a0   Code   RO         3237    i.am_hal_ctimer_period_set  am_hal_ctimer.o
    0x00000c80   0x00000c80   0x00000030   Code   RO         3242    i.am_hal_ctimer_start  am_hal_ctimer.o
    0x00000cb0   0x00000cb0   0x00000014   Code   RO         3390    i.am_hal_flash_delay  am_hal_flash.o
    0x00000cc4   0x00000cc4   0x00000040   Code   RO         4458    i.am_hal_mcuctrl_fault_status  am_hal_mcuctrl.o
    0x00000d04   0x00000d04   0x0000005c   Code   RO         4558    i.am_hal_pwrctrl_bucks_disable  am_hal_pwrctrl.o
    0x00000d60   0x00000d60   0x00000048   Code   RO         4559    i.am_hal_pwrctrl_bucks_enable  am_hal_pwrctrl.o
    0x00000da8   0x00000da8   0x00000020   Code   RO         4560    i.am_hal_pwrctrl_bucks_init  am_hal_pwrctrl.o
    0x00000dc8   0x00000dc8   0x0000001c   Code   RO         4561    i.am_hal_pwrctrl_low_power_init  am_hal_pwrctrl.o
    0x00000de4   0x00000de4   0x0000017c   Code   RO         4562    i.am_hal_pwrctrl_memory_enable  am_hal_pwrctrl.o
    0x00000f60   0x00000f60   0x00000012   Code   RO         4681    i.am_hal_rtc_osc_disable  am_hal_rtc.o
    0x00000f72   0x00000f72   0x00000026   Code   RO         4683    i.am_hal_rtc_osc_select  am_hal_rtc.o
    0x00000f98   0x00000f98   0x000000d0   Code   RO         4877    i.am_hal_sysctrl_sleep  am_hal_sysctrl.o
    0x00001068   0x00001068   0x0000000c   Code   RO         5273    i.am_hal_vcomp_disable  am_hal_vcomp.o
    0x00001074   0x00001074   0x00000014   Code   RO         2845    i.am_systick_isr    am_time.o
    0x00001088   0x00001088   0x0000001e   Code   RO          551    i.am_util_delay_ms  am_util_delay.o
    0x000010a6   0x000010a6   0x00000002   PAD
    0x000010a8   0x000010a8   0x000000b8   Code   RO          575    i.am_util_faultisr_collect_data  am_util_faultisr.o
    0x00001160   0x00001160   0x00000044   Code   RO         1280    i.block_mem_set     nnom.o
    0x000011a4   0x000011a4   0x00000088   Code   RO         4878    i.buckZX_chk        am_hal_sysctrl.o
    0x0000122c   0x0000122c   0x00000034   Code   RO         1281    i.check_model_version  nnom.o
    0x00001260   0x00001260   0x0000028a   Code   RO         1282    i.compile_layers    nnom.o
    0x000014ea   0x000014ea   0x00000112   Code   RO         2140    i.conv2d_build      nnom_conv2d.o
    0x000015fc   0x000015fc   0x0000001c   Code   RO         2141    i.conv2d_free       nnom_conv2d.o
    0x00001618   0x00001618   0x00000132   Code   RO         2142    i.conv2d_run        nnom_conv2d.o
    0x0000174a   0x0000174a   0x00000002   PAD
    0x0000174c   0x0000174c   0x0000015c   Code   RO         2143    i.conv2d_s          nnom_conv2d.o
    0x000018a8   0x000018a8   0x0000002a   Code   RO         2144    i.conv_output_length  nnom_conv2d.o
    0x000018d2   0x000018d2   0x00000056   Code   RO         2074    i.default_build     nnom_baselayer.o
    0x00001928   0x00001928   0x0000000e   Code   RO         1647    i.delete_tensor     nnom_tensor.o
    0x00001936   0x00001936   0x000000a8   Code   RO         2254    i.dense_build       nnom_dense.o
    0x000019de   0x000019de   0x0000001c   Code   RO         2255    i.dense_free        nnom_dense.o
    0x000019fa   0x000019fa   0x00000062   Code   RO         2256    i.dense_run         nnom_dense.o
    0x00001a5c   0x00001a5c   0x00000084   Code   RO         2257    i.dense_s           nnom_dense.o
    0x00001ae0   0x00001ae0   0x00000016   Code   RO         1591    i.dilation          nnom_layers.o
    0x00001af6   0x00001af6   0x0000001c   Code   RO         1284    i.find_last         nnom.o
    0x00001b12   0x00001b12   0x00000058   Code   RO         2324    i.flatten_build     nnom_flatten.o
    0x00001b6a   0x00001b6a   0x00000006   Code   RO         2325    i.flatten_run       nnom_flatten.o
    0x00001b70   0x00001b70   0x00000012   Code   RO         2326    i.flatten_s         nnom_flatten.o
    0x00001b82   0x00001b82   0x00000002   PAD
    0x00001b84   0x00001b84   0x00000050   Code   RO        12270    i.free              mc_w.l(malloc.o)
    0x00001bd4   0x00001bd4   0x00000030   Code   RO         2438    i.input_build       nnom_input.o
    0x00001c04   0x00001c04   0x00000022   Code   RO         2439    i.input_run         nnom_input.o
    0x00001c26   0x00001c26   0x00000002   PAD
    0x00001c28   0x00001c28   0x00000110   Code   RO         2440    i.input_s           nnom_input.o
    0x00001d38   0x00001d38   0x00000008   Code   RO         1593    i.io_init           nnom_layers.o
    0x00001d40   0x00001d40   0x0000003c   Code   RO         1285    i.io_list_delete    nnom.o
    0x00001d7c   0x00001d7c   0x0000001c   Code   RO         1286    i.io_mem_size       nnom.o
    0x00001d98   0x00001d98   0x00000014   Code   RO         1287    i.io_tensor_delete  nnom.o
    0x00001dac   0x00001dac   0x00000018   Code   RO         4565    i.isRev_ADC         am_hal_pwrctrl.o
    0x00001dc4   0x00001dc4   0x00000016   Code   RO         1594    i.kernel            nnom_layers.o
    0x00001dda   0x00001dda   0x00000040   Code   RO         1288    i.layer_delete      nnom.o
    0x00001e1a   0x00001e1a   0x00000028   Code   RO         1289    i.layer_run         nnom.o
    0x00001e42   0x00001e42   0x00000028   Code   RO         1290    i.layer_shortcut_add  nnom.o
    0x00001e6a   0x00001e6a   0x00000214   Code   RO         1044    i.local_convolve_HWC_q15_nonsquare  nnom_local_q15.o
    0x0000207e   0x0000207e   0x000001f6   Code   RO          708    i.local_convolve_HWC_q7_nonsquare  nnom_local.o
    0x00002274   0x00002274   0x000002a0   Code   RO          716    i.local_fully_connected_q7_opt  nnom_local.o
    0x00002514   0x00002514   0x000000fa   Code   RO          721    i.local_maxpool_q7_HWC  nnom_local.o
    0x0000260e   0x0000260e   0x0000001c   Code   RO         1062    i.local_relu_q15    nnom_local_q15.o
    0x0000262a   0x0000262a   0x00000018   Code   RO          729    i.local_relu_q7     nnom_local.o
    0x00002642   0x00002642   0x00000002   PAD
    0x00002644   0x00002644   0x000000bc   Code   RO            6    i.main              main.o
    0x00002700   0x00002700   0x0000006c   Code   RO        12271    i.malloc            mc_w.l(malloc.o)
    0x0000276c   0x0000276c   0x000000f8   Code   RO         2596    i.maxpool_build     nnom_maxpool.o
    0x00002864   0x00002864   0x00000096   Code   RO         2597    i.maxpool_run       nnom_maxpool.o
    0x000028fa   0x000028fa   0x00000068   Code   RO         2598    i.maxpool_s         nnom_maxpool.o
    0x00002962   0x00002962   0x00000022   Code   RO         1292    i.mem_analysis_result  nnom.o
    0x00002984   0x00002984   0x00000008   Code   RO         1293    i.model_active      nnom.o
    0x0000298c   0x0000298c   0x00000034   Code   RO         1294    i.model_add         nnom.o
    0x000029c0   0x000029c0   0x00000074   Code   RO         1295    i.model_compile     nnom.o
    0x00002a34   0x00002a34   0x00000044   Code   RO         1296    i.model_delete      nnom.o
    0x00002a78   0x00002a78   0x0000002c   Code   RO         1298    i.model_hook        nnom.o
    0x00002aa4   0x00002aa4   0x00000016   Code   RO         1299    i.model_merge       nnom.o
    0x00002aba   0x00002aba   0x00000036   Code   RO         1300    i.model_mergex      nnom.o
    0x00002af0   0x00002af0   0x0000000e   Code   RO         1301    i.model_run         nnom.o
    0x00002afe   0x00002afe   0x00000060   Code   RO         1302    i.model_run_to      nnom.o
    0x00002b5e   0x00002b5e   0x0000002a   Code   RO         1304    i.model_set_ops     nnom.o
    0x00002b88   0x00002b88   0x00000054   Code   RO         1305    i.new_model         nnom.o
    0x00002bdc   0x00002bdc   0x0000005c   Code   RO         1649    i.new_tensor        nnom_tensor.o
    0x00002c38   0x00002c38   0x0000001c   Code   RO         1306    i.nnom_alignto      nnom.o
    0x00002c54   0x00002c54   0x00000018   Code   RO         1307    i.nnom_hook_length  nnom.o
    0x00002c6c   0x00002c6c   0x00000034   Code   RO         1309    i.nnom_mem          nnom.o
    0x00002ca0   0x00002ca0   0x000001c4   Code   RO            7    i.nnom_model_create_B  main.o
    0x00002e64   0x00002e64   0x00000140   Code   RO            8    i.nnom_model_create_S0  main.o
    0x00002fa4   0x00002fa4   0x00000140   Code   RO            9    i.nnom_model_create_S1  main.o
    0x000030e4   0x000030e4   0x00000140   Code   RO           10    i.nnom_model_create_S2  main.o
    0x00003224   0x00003224   0x00000140   Code   RO           11    i.nnom_model_create_S3  main.o
    0x00003364   0x00003364   0x00000140   Code   RO           12    i.nnom_model_create_S4  main.o
    0x000034a4   0x000034a4   0x00000140   Code   RO           13    i.nnom_model_create_S5  main.o
    0x000035e4   0x000035e4   0x00000022   Code   RO         2628    i.output_run        nnom_output.o
    0x00003606   0x00003606   0x00000002   PAD
    0x00003608   0x00003608   0x00000028   Code   RO         2629    i.output_s          nnom_output.o
    0x00003630   0x00003630   0x0000004c   Code   RO         1311    i.print_layer_info  nnom.o
    0x0000367c   0x0000367c   0x00000010   Code   RO         1312    i.print_memory_block_info  nnom.o
    0x0000368c   0x0000368c   0x00000016   Code   RO         1313    i.release_block     nnom.o
    0x000036a2   0x000036a2   0x00000012   Code   RO         1314    i.release_comp_mem  nnom.o
    0x000036b4   0x000036b4   0x00000016   Code   RO         1315    i.release_input_mem  nnom.o
    0x000036ca   0x000036ca   0x00000036   Code   RO         1911    i.relu_run          nnom_activation.o
    0x00003700   0x00003700   0x000000a4   Code   RO         4879    i.setBuckZX         am_hal_sysctrl.o
    0x000037a4   0x000037a4   0x00000036   Code   RO         1317    i.set_tailed_activation  nnom.o
    0x000037da   0x000037da   0x00000020   Code   RO         1595    i.shape             nnom_layers.o
    0x000037fa   0x000037fa   0x00000016   Code   RO         1597    i.stride            nnom_layers.o
    0x00003810   0x00003810   0x00000058   Code   RO         1651    i.tensor_cpy_attr   nnom_tensor.o
    0x00003868   0x00003868   0x0000000e   Code   RO         1652    i.tensor_get_num_channel  nnom_tensor.o
    0x00003876   0x00003876   0x00000036   Code   RO         1318    i.tensor_mem_set    nnom.o
    0x000038ac   0x000038ac   0x00000050   Code   RO         1654    i.tensor_set_attr   nnom_tensor.o
    0x000038fc   0x000038fc   0x00000032   Code   RO         1655    i.tensor_set_attr_v  nnom_tensor.o
    0x0000392e   0x0000392e   0x00000022   Code   RO         1656    i.tensor_size       nnom_tensor.o
    0x00003950   0x00003950   0x0003abea   Data   RO           15    .constdata          main.o
    0x0003e53a   0x0003e53a   0x0000000c   Data   RO         3064    .constdata          am_hal_cachectrl.o
    0x0003e546   0x0003e546   0x00000002   PAD
    0x0003e548   0x0003e548   0x00000054   Data   RO         3418    .constdata          am_hal_flash.o
    0x0003e59c   0x0003e59c   0x000000a8   Data   RO           16    .conststring        main.o
    0x0003e644   0x0003e644   0x00000020   Data   RO        12391    Region$$Table       anon$$obj.o


    Execution Region ER_RW (Exec base: 0x10000000, Load base: 0x0003e664, Size: 0x00000074, Max: 0xffffffff, ABSOLUTE)

    Exec Addr    Load Addr    Size         Type   Attr      Idx    E Section Name        Object

    0x10000000   0x0003e664   0x00000026   Data   RW           17    .data               main.o
    0x10000026   0x0003e68a   0x00000002   PAD
    0x10000028   0x0003e68c   0x00000004   Data   RW         1320    .data               nnom.o
    0x1000002c   0x0003e690   0x00000004   Data   RW         2846    .data               am_time.o
    0x10000030   0x0003e694   0x0000001c   Data   RW         4881    .data               am_hal_sysctrl.o
    0x1000004c   0x0003e6b0   0x00000020   Data   RW        12132    .data               libam_bsp.lib(am_bsp.o)
    0x1000006c   0x0003e6d0   0x00000004   Data   RW        12369    .data               mc_w.l(mvars.o)
    0x10000070   0x0003e6d4   0x00000004   Data   RW        12370    .data               mc_w.l(mvars.o)


    Execution Region ER_ZI (Exec base: 0x10000074, Load base: 0x0003e6d8, Size: 0x0003013c, Max: 0xffffffff, ABSOLUTE)

    Exec Addr    Load Addr    Size         Type   Attr      Idx    E Section Name        Object

    0x10000074        -       0x00001138   Zero   RW           14    .bss                main.o
    0x100011ac   0x0003e6d8   0x00000004   PAD
    0x100011b0        -       0x00020000   Zero   RW          693    HEAP                startup_keil.o
    0x100211b0        -       0x0000f000   Zero   RW          692    STACK               startup_keil.o


==============================================================================

Image component sizes


      Code (inc. data)   RO Data    RW Data    ZI Data      Debug   Object Name

       934         12          0          0          0       4570   am_devices_led.o
       232          4         12          0          0       4386   am_hal_cachectrl.o
        92         14          0          0          0       2038   am_hal_clkgen.o
       248         14          0          0          0       3643   am_hal_ctimer.o
        20          6         84          0          0       6106   am_hal_flash.o
        22          0          0          0          0        676   am_hal_interrupt.o
        64          8          0          0          0       3239   am_hal_mcuctrl.o
       628         36          0          0          0       5096   am_hal_pwrctrl.o
        56          0          0          0          0       1253   am_hal_rtc.o
       508         50          0         28          0       4287   am_hal_sysctrl.o
        12          4          0          0          0        607   am_hal_vcomp.o
        20          6          0          4          0       1588   am_time.o
        30          0          0          0          0        715   am_util_delay.o
       218          6          0          0          0       2276   am_util_faultisr.o
      3172        458     240786         38       4408     102353   main.o
      2204         38          0          4          0      31221   nnom.o
       124         14          0          0          0       1961   nnom_activation.o
        86          0          0          0          0        676   nnom_baselayer.o
       998         12          0          0          0       4690   nnom_conv2d.o
       426         14          0          0          0       3705   nnom_dense.o
       196         10          0          0          0       3336   nnom_flatten.o
       354         10          0          0          0       2796   nnom_input.o
       106          0          0          0          0       4075   nnom_layers.o
      1488          0          0          0          0      17834   nnom_local.o
       600          0          0          0          0       4456   nnom_local_q15.o
       686         10          0          0          0       3768   nnom_maxpool.o
        74          8          0          0          0       1904   nnom_output.o
       372          0          0          0          0       5968   nnom_tensor.o
       232        196          0          0     192512        608   startup_keil.o

    ----------------------------------------------------------------------
     14222        930     240916         76     196924     229831   Object Totals
         0          0         32          0          0          0   (incl. Generated)
        20          0          2          2          4          0   (incl. Padding)

    ----------------------------------------------------------------------

      Code (inc. data)   RO Data    RW Data    ZI Data      Debug   Library Member Name

        34          0          0         32          0        128   am_bsp.o
         0          0          0          0          0          0   entry.o
         0          0          0          0          0          0   entry10a.o
         0          0          0          0          0          0   entry11a.o
         4          0          0          0          0          0   entry12b.o
         8          4          0          0          0          0   entry2.o
         4          0          0          0          0          0   entry5.o
         0          0          0          0          0          0   entry7b.o
         0          0          0          0          0          0   entry8b.o
         8          4          0          0          0          0   entry9a.o
        30          0          0          0          0          0   handlers.o
        36          8          0          0          0         68   init.o
        36          0          0          0          0         68   llsshr.o
       188         20          0          0          0        160   malloc.o
        64          0          0          0          0         76   memmovea.o
        36          0          0          0          0        108   memseta.o
         0          0          0          8          0          0   mvars.o

    ----------------------------------------------------------------------
       450         36          0         40          0        608   Library Totals
         2          0          0          0          0          0   (incl. Padding)

    ----------------------------------------------------------------------

      Code (inc. data)   RO Data    RW Data    ZI Data      Debug   Library Name

        34          0          0         32          0        128   libam_bsp.lib
       414         36          0          8          0        480   mc_w.l

    ----------------------------------------------------------------------
       450         36          0         40          0        608   Library Totals

    ----------------------------------------------------------------------

==============================================================================


      Code (inc. data)   RO Data    RW Data    ZI Data      Debug   

     14672        966     240916        116     196924     218535   Grand Totals
     14672        966     240916        116     196924     218535   ELF Image Totals
     14672        966     240916        116          0          0   ROM Totals

==============================================================================

    Total RO  Size (Code + RO Data)               255588 ( 249.60kB)
    Total RW  Size (RW Data + ZI Data)            197040 ( 192.42kB)
    Total ROM Size (Code + RO Data + RW Data)     255704 ( 249.71kB)

==============================================================================

