<html>
<body>
<pre>
<h1>µVision Build Log</h1>
<h2>Tool Versions:</h2>
IDE-Version: ¦ÌVision V5.35.0.0
Copyright (C) 2021 ARM Ltd and ARM Germany GmbH. All rights reserved.
License Information: Chao Shen, UoB, LIC=585FJ-UHCUF-SBAEJ-UH8ZE-NX0R8-0YUFI
 
Tool Versions:
Toolchain:       MDK-ARM Plus  Version: 5.35.0.2
Toolchain Path:  C:\SZC\Program\ARM_Keil\Keil_v5.35\ARM\ARMCC\Bin
C Compiler:      Armcc.exe V5.06 update 7 (build 960)
Assembler:       Armasm.exe V5.06 update 7 (build 960)
Linker/Locator:  ArmLink.exe V5.06 update 7 (build 960)
Library Manager: ArmAr.exe V5.06 update 7 (build 960)
Hex Converter:   FromElf.exe V5.06 update 7 (build 960)
CPU DLL:         SARMCM3.DLL V5.35.0.2
Dialog DLL:      DCM.DLL V1.17.3.0
Target DLL:      Segger\JL2CM3.dll V2.99.40.0
Dialog DLL:      TCM.DLL V1.53.0.0
 
<h2>Project:</h2>
C:\SZC\PhD\Model_Implementation\Apollo2 Blue EVB\Applications\SZC_motion_1BDD\keil\SZC_motion_1BDD.uvprojx
Project File Date:  12/03/2021

<h2>Output:</h2>
*** Using Compiler 'V5.06 update 7 (build 960)', folder: 'C:\SZC\Program\ARM_Keil\Keil_v5.35\ARM\ARMCC\Bin'
Build target 'SZC_motion_1BDD'
assembling startup_keil.s...
compiling nnom_layers.c...
compiling am_util_stdio.c...
compiling nnom.c...
..\..\..\SDK\NNoM\src\core\nnom.c(525): warning:  #550-D: variable "compsize"  was set but never used
  	size_t compsize;
..\..\..\SDK\NNoM\src\core\nnom.c(928): warning:  #177-D: variable "time"  was declared but never referenced
  	uint32_t time = nnom_ms_get();
..\..\..\SDK\NNoM\src\core\nnom.c(1094): warning:  #550-D: variable "major"  was set but never used
  	int32_t major, sub, rev;
..\..\..\SDK\NNoM\src\core\nnom.c(1094): warning:  #550-D: variable "sub"  was set but never used
  	int32_t major, sub, rev;
..\..\..\SDK\NNoM\src\core\nnom.c(1094): warning:  #550-D: variable "rev"  was set but never used
  	int32_t major, sub, rev;
..\..\..\SDK\NNoM\src\core\nnom.c(108): warning:  #177-D: function "find_index"  was declared but never referenced
  static uint32_t find_index(nnom_layer_t *start, nnom_layer_t *layer)
..\..\..\SDK\NNoM\src\core\nnom.c(486): warning:  #177-D: function "layer_shortcut_find_last"  was declared but never referenced
  static nnom_layer_t *layer_shortcut_find_last(nnom_layer_t *start)
..\..\..\SDK\NNoM\src\core\nnom.c: 7 warnings, 0 errors
compiling nnom_tensor.c...
compiling nnom_utils.c...
compiling nnom_activation.c...
compiling nnom_avgpool.c...
..\..\..\SDK\NNoM\src\layers\nnom_avgpool.c(67): warning:  #177-D: variable "size"  was declared but never referenced
  	uint32_t size;
..\..\..\SDK\NNoM\src\layers\nnom_avgpool.c: 1 warning, 0 errors
compiling nnom_local.c...
..\..\..\SDK\NNoM\src\backends\nnom_local.c(750): warning:  #177-D: variable "shift_steps"  was declared but never referenced
      int shift_idx, shift_steps;
..\..\..\SDK\NNoM\src\backends\nnom_local.c(821): warning:  #177-D: variable "i_out"  was declared but never referenced
      int i_out = 0;
..\..\..\SDK\NNoM\src\backends\nnom_local.c(822): warning:  #177-D: variable "shift_steps"  was declared but never referenced
      int shift_idx, shift_steps;
..\..\..\SDK\NNoM\src\backends\nnom_local.c: 3 warnings, 0 errors
compiling nnom_local_q15.c...
compiling nnom_baselayer.c...
compiling nnom_concat.c...
compiling nnom_conv2d.c...
..\..\..\SDK\NNoM\src\layers\nnom_conv2d.c(432): warning:  #111-D: statement is unreachable
  	return NN_SUCCESS;
..\..\..\SDK\NNoM\src\layers\nnom_conv2d.c: 1 warning, 0 errors
compiling nnom_conv2d_trans.c...
compiling nnom_cropping.c...
compiling nnom_dense.c...
compiling nnom_dw_conv2d.c...
compiling nnom_flatten.c...
compiling nnom_global_pool.c...
compiling nnom_gru_cell.c...
compiling nnom_input.c...
compiling nnom_lambda.c...
compiling nnom_lstm_cell.c...
compiling nnom_matrix.c...
compiling nnom_maxpool.c...
compiling nnom_output.c...
compiling nnom_simple_cell.c...
compiling nnom_softmax.c...
compiling nnom_rnn.c...
compiling nnom_sumpool.c...
compiling nnom_upsample.c...
compiling nnom_zero_padding.c...
compiling am_util_delay.c...
compiling am_devices_button.c...
compiling am_devices_led.c...
compiling am_util_faultisr.c...
compiling am_time.c...
compiling am_hal_adc.c...
compiling am_hal_debug.c...
compiling am_hal_cachectrl.c...
compiling am_hal_clkgen.c...
compiling am_hal_ctimer.c...
compiling am_hal_flash.c...
compiling am_hal_gpio.c...
compiling core_portme.c...
compiling am_hal_i2c_bit_bang.c...
compiling am_hal_itm.c...
compiling am_hal_interrupt.c...
compiling am_hal_otp.c...
compiling am_hal_pwrctrl.c...
compiling am_hal_mcuctrl.c...
compiling am_hal_queue.c...
compiling am_hal_pdm.c...
compiling am_hal_ios.c...
compiling am_hal_iom.c...
compiling am_hal_reset.c...
compiling BasicMathFunctions.c...
C:\SZC\Program\ARM_Keil\Keil_packs\ARM\CMSIS\5.8.0\CMSIS\DSP\Source\BasicMathFunctions\BasicMathFunctions.c(79): warning:  #1-D: last line of file ends without a newline
  #include "arm_clip_q7.c"
C:\SZC\Program\ARM_Keil\Keil_packs\ARM\CMSIS\5.8.0\CMSIS\DSP\Source\BasicMathFunctions\BasicMathFunctions.c: 1 warning, 0 errors
compiling BasicMathFunctionsF16.c...
compiling am_hal_rtc.c...
compiling am_hal_systick.c...
compiling am_hal_ttp.c...
compiling am_hal_stimer.c...
compiling am_hal_vcomp.c...
compiling am_hal_wdt.c...
compiling BayesFunctionsF16.c...
compiling BayesFunctions.c...
compiling am_hal_uart.c...
compiling am_hal_tpiu.c...
compiling am_hal_sysctrl.c...
compiling ComplexMathFunctionsF16.c...
C:\SZC\Program\ARM_Keil\Keil_packs\ARM\CMSIS\5.8.0\CMSIS\DSP\Source\ComplexMathFunctions\arm_cmplx_conj_f16.c(185): warning:  #1-D: last line of file ends without a newline
  #endif /* #if defined(ARM_FLOAT16_SUPPORTED) */
C:\SZC\Program\ARM_Keil\Keil_packs\ARM\CMSIS\5.8.0\CMSIS\DSP\Source\ComplexMathFunctions\arm_cmplx_dot_prod_f16.c(288): warning:  #1-D: last line of file ends without a newline
  #endif /* #if defined(ARM_FLOAT16_SUPPORTED) */
C:\SZC\Program\ARM_Keil\Keil_packs\ARM\CMSIS\5.8.0\CMSIS\DSP\Source\ComplexMathFunctions\arm_cmplx_mag_f16.c(241): warning:  #1-D: last line of file ends without a newline
  #endif /* #if defined(ARM_FLOAT16_SUPPORTED) */
C:\SZC\Program\ARM_Keil\Keil_packs\ARM\CMSIS\5.8.0\CMSIS\DSP\Source\ComplexMathFunctions\arm_cmplx_mag_squared_f16.c(174): warning:  #1-D: last line of file ends without a newline
  #endif /* #if defined(ARM_FLOAT16_SUPPORTED) */
C:\SZC\Program\ARM_Keil\Keil_packs\ARM\CMSIS\5.8.0\CMSIS\DSP\Source\ComplexMathFunctions\arm_cmplx_mult_cmplx_f16.c(271): warning:  #1-D: last line of file ends without a newline
  #endif /* #if defined(ARM_FLOAT16_SUPPORTED) */
C:\SZC\Program\ARM_Keil\Keil_packs\ARM\CMSIS\5.8.0\CMSIS\DSP\Source\ComplexMathFunctions\arm_cmplx_mult_real_f16.c(194): warning:  #1-D: last line of file ends without a newline
  #endif /* #if defined(ARM_FLOAT16_SUPPORTED) */
C:\SZC\Program\ARM_Keil\Keil_packs\ARM\CMSIS\5.8.0\CMSIS\DSP\Source\ComplexMathFunctions\ComplexMathFunctionsF16.c: 6 warnings, 0 errors
compiling CommonTablesF16.c...
compiling ComplexMathFunctions.c...
compiling DistanceFunctionsF16.c...
compiling ControllerFunctions.c...
C:\SZC\Program\ARM_Keil\Keil_packs\ARM\CMSIS\5.8.0\CMSIS\DSP\Source\ControllerFunctions\ControllerFunctions.c(46): warning:  #1-D: last line of file ends without a newline
  #endif
C:\SZC\Program\ARM_Keil\Keil_packs\ARM\CMSIS\5.8.0\CMSIS\DSP\Source\ControllerFunctions\ControllerFunctions.c: 1 warning, 0 errors
compiling DistanceFunctions.c...
compiling FastMathFunctions.c...
compiling FastMathFunctionsF16.c...
compiling InterpolationFunctionsF16.c...
compiling FilteringFunctionsF16.c...
C:\SZC\Program\ARM_Keil\Keil_packs\ARM\CMSIS\5.8.0\CMSIS\DSP\Source\FilteringFunctions\arm_biquad_cascade_df1_f16.c(491): warning:  #1-D: last line of file ends without a newline
  #endif /*#if defined(ARM_FLOAT16_SUPPORTED)*/
C:\SZC\Program\ARM_Keil\Keil_packs\ARM\CMSIS\5.8.0\CMSIS\DSP\Source\FilteringFunctions\arm_biquad_cascade_df1_init_f16.c(160): warning:  #1-D: last line of file ends without a newline
  #endif /* #if defined(ARM_FLOAT16_SUPPORTED) */
C:\SZC\Program\ARM_Keil\Keil_packs\ARM\CMSIS\5.8.0\CMSIS\DSP\Source\FilteringFunctions\arm_biquad_cascade_df2T_init_f16.c(114): warning:  #1-D: last line of file ends without a newline
  #endif /* #if defined(ARM_FLOAT16_SUPPORTED) */
C:\SZC\Program\ARM_Keil\Keil_packs\ARM\CMSIS\5.8.0\CMSIS\DSP\Source\FilteringFunctions\arm_biquad_cascade_stereo_df2T_f16.c(434): warning:  #1-D: last line of file ends without a newline
  #endif /* #if defined(ARM_FLOAT16_SUPPORTED) */
C:\SZC\Program\ARM_Keil\Keil_packs\ARM\CMSIS\5.8.0\CMSIS\DSP\Source\FilteringFunctions\FilteringFunctionsF16.c: 4 warnings, 0 errors
compiling MatrixFunctionsF16.c...
compiling InterpolationFunctions.c...
compiling SVMFunctionsF16.c...
compiling SVMFunctions.c...
compiling QuaternionMathFunctions.c...
C:\SZC\Program\ARM_Keil\Keil_packs\ARM\CMSIS\5.8.0\CMSIS\DSP\Source\QuaternionMathFunctions\arm_rotation2quaternion_f32.c(183): warning:  #1035-D: single-precision operand implicitly converted to double-precision
          doubler = sqrtf(trace + 1.0) * 2; // invs=4*qw
C:\SZC\Program\ARM_Keil\Keil_packs\ARM\CMSIS\5.8.0\CMSIS\DSP\Source\QuaternionMathFunctions\arm_rotation2quaternion_f32.c(184): warning:  #1035-D: single-precision operand implicitly converted to double-precision
          s = 1.0 / doubler;
C:\SZC\Program\ARM_Keil\Keil_packs\ARM\CMSIS\5.8.0\CMSIS\DSP\Source\QuaternionMathFunctions\arm_rotation2quaternion_f32.c(185): warning:  #1035-D: single-precision operand implicitly converted to double-precision
          q[0] = 0.25 * doubler;
C:\SZC\Program\ARM_Keil\Keil_packs\ARM\CMSIS\5.8.0\CMSIS\DSP\Source\QuaternionMathFunctions\arm_rotation2quaternion_f32.c(192): warning:  #1035-D: single-precision operand implicitly converted to double-precision
          doubler = sqrtf(1.0 + RI(0,0) - RI(1,1) - RI(2,2)) * 2; // invs=4*qx
C:\SZC\Program\ARM_Keil\Keil_packs\ARM\CMSIS\5.8.0\CMSIS\DSP\Source\QuaternionMathFunctions\arm_rotation2quaternion_f32.c(193): warning:  #1035-D: single-precision operand implicitly converted to double-precision
          s = 1.0 / doubler;
C:\SZC\Program\ARM_Keil\Keil_packs\ARM\CMSIS\5.8.0\CMSIS\DSP\Source\QuaternionMathFunctions\arm_rotation2quaternion_f32.c(195): warning:  #1035-D: single-precision operand implicitly converted to double-precision
          q[1] = 0.25 * doubler;
C:\SZC\Program\ARM_Keil\Keil_packs\ARM\CMSIS\5.8.0\CMSIS\DSP\Source\QuaternionMathFunctions\arm_rotation2quaternion_f32.c(201): warning:  #1035-D: single-precision operand implicitly converted to double-precision
          doubler = sqrtf(1.0 + RI(1,1) - RI(0,0) - RI(2,2)) * 2; // invs=4*qy
C:\SZC\Program\ARM_Keil\Keil_packs\ARM\CMSIS\5.8.0\CMSIS\DSP\Source\QuaternionMathFunctions\arm_rotation2quaternion_f32.c(202): warning:  #1035-D: single-precision operand implicitly converted to double-precision
          s = 1.0 / doubler;
C:\SZC\Program\ARM_Keil\Keil_packs\ARM\CMSIS\5.8.0\CMSIS\DSP\Source\QuaternionMathFunctions\arm_rotation2quaternion_f32.c(205): warning:  #1035-D: single-precision operand implicitly converted to double-precision
          q[2] = 0.25 * doubler;
C:\SZC\Program\ARM_Keil\Keil_packs\ARM\CMSIS\5.8.0\CMSIS\DSP\Source\QuaternionMathFunctions\arm_rotation2quaternion_f32.c(210): warning:  #1035-D: single-precision operand implicitly converted to double-precision
          doubler = sqrtf(1.0 + RI(2,2) - RI(0,0) - RI(1,1)) * 2; // invs=4*qz
C:\SZC\Program\ARM_Keil\Keil_packs\ARM\CMSIS\5.8.0\CMSIS\DSP\Source\QuaternionMathFunctions\arm_rotation2quaternion_f32.c(211): warning:  #1035-D: single-precision operand implicitly converted to double-precision
          s = 1.0 / doubler;
C:\SZC\Program\ARM_Keil\Keil_packs\ARM\CMSIS\5.8.0\CMSIS\DSP\Source\QuaternionMathFunctions\arm_rotation2quaternion_f32.c(215): warning:  #1035-D: single-precision operand implicitly converted to double-precision
          q[3] = 0.25 * doubler;
C:\SZC\Program\ARM_Keil\Keil_packs\ARM\CMSIS\5.8.0\CMSIS\DSP\Source\QuaternionMathFunctions\QuaternionMathFunctions.c: 12 warnings, 0 errors
compiling StatisticsFunctionsF16.c...
C:\SZC\Program\ARM_Keil\Keil_packs\ARM\CMSIS\5.8.0\CMSIS\DSP\Source\StatisticsFunctions\StatisticsFunctionsF16.c(42): warning:  #1-D: last line of file ends without a newline
  #include "arm_absmin_f16.c"
C:\SZC\Program\ARM_Keil\Keil_packs\ARM\CMSIS\5.8.0\CMSIS\DSP\Source\StatisticsFunctions\StatisticsFunctionsF16.c: 1 warning, 0 errors
compiling SupportFunctionsF16.c...
compiling StatisticsFunctions.c...
C:\SZC\Program\ARM_Keil\Keil_packs\ARM\CMSIS\5.8.0\CMSIS\DSP\Source\StatisticsFunctions\StatisticsFunctions.c(68): warning:  #1-D: last line of file ends without a newline
  #include "arm_absmin_q7.c"
C:\SZC\Program\ARM_Keil\Keil_packs\ARM\CMSIS\5.8.0\CMSIS\DSP\Source\StatisticsFunctions\StatisticsFunctions.c: 1 warning, 0 errors
compiling main.c...
compiling TransformFunctionsF16.c...
C:\SZC\Program\ARM_Keil\Keil_packs\ARM\CMSIS\5.8.0\CMSIS\DSP\Include\arm_const_structs_f16.h(77): warning:  #1-D: last line of file ends without a newline
  #endif
C:\SZC\Program\ARM_Keil\Keil_packs\ARM\CMSIS\5.8.0\CMSIS\DSP\Source\TransformFunctions\arm_cfft_radix2_f16.c(475): warning:  #1-D: last line of file ends without a newline
  #endif /* #if defined(ARM_FLOAT16_SUPPORTED) */
C:\SZC\Program\ARM_Keil\Keil_packs\ARM\CMSIS\5.8.0\CMSIS\DSP\Source\TransformFunctions\arm_cfft_radix4_f16.c(1272): warning:  #1-D: last line of file ends without a newline
  #endif /* #if defined(ARM_FLOAT16_SUPPORTED) */
C:\SZC\Program\ARM_Keil\Keil_packs\ARM\CMSIS\5.8.0\CMSIS\DSP\Source\TransformFunctions\arm_rfft_fast_init_f16.c(357): warning:  #1-D: last line of file ends without a newline
  #endif /*  #if defined(ARM_FLOAT16_SUPPORTED) */
C:\SZC\Program\ARM_Keil\Keil_packs\ARM\CMSIS\5.8.0\CMSIS\DSP\Source\TransformFunctions\arm_cfft_radix8_f16.c(289): warning:  #1-D: last line of file ends without a newline
  #endif /* #if defined(ARM_FLOAT16_SUPPORTED) */
C:\SZC\Program\ARM_Keil\Keil_packs\ARM\CMSIS\5.8.0\CMSIS\DSP\Source\TransformFunctions\arm_bitreversal_f16.c(102): warning:  #1-D: last line of file ends without a newline
  #endif /* #if defined(ARM_FLOAT16_SUPPORTED) */
C:\SZC\Program\ARM_Keil\Keil_packs\ARM\CMSIS\5.8.0\CMSIS\DSP\Source\TransformFunctions\TransformFunctionsF16.c: 6 warnings, 0 errors
compiling SupportFunctions.c...
compiling arm_nn_activations_q15.c...
compiling arm_nn_activations_q7.c...
compiling arm_relu6_s8.c...
compiling MatrixFunctions.c...
compiling CommonTables.c...
compiling arm_relu_q15.c...
compiling arm_relu_q7.c...
compiling arm_concatenation_s8_w.c...
compiling arm_concatenation_s8_x.c...
compiling arm_elementwise_mul_s8.c...
compiling arm_elementwise_add_s8.c...
compiling arm_concatenation_s8_y.c...
compiling arm_concatenation_s8_z.c...
compiling arm_convolve_1_x_n_s8.c...
compiling arm_convolve_1x1_HWC_q7_fast_nonsquare.c...
compiling arm_convolve_1x1_s8_fast.c...
compiling arm_convolve_HWC_q15_basic.c...
compiling arm_convolve_HWC_q15_fast.c...
compiling arm_convolve_HWC_q15_fast_nonsquare.c...
compiling arm_convolve_HWC_q7_basic.c...
compiling arm_convolve_HWC_q7_RGB.c...
compiling arm_convolve_HWC_q7_basic_nonsquare.c...
compiling arm_convolve_HWC_q7_fast.c...
compiling arm_convolve_wrapper_s8.c...
compiling arm_convolve_s8.c...
compiling arm_convolve_HWC_q7_fast_nonsquare.c...
compiling arm_depthwise_conv_wrapper_s8.c...
compiling arm_depthwise_conv_3x3_s8.c...
compiling arm_depthwise_conv_s8_opt.c...
compiling arm_depthwise_conv_s8.c...
compiling arm_depthwise_conv_u8_basic_ver1.c...
compiling arm_depthwise_separable_conv_HWC_q7.c...
compiling arm_depthwise_separable_conv_HWC_q7_nonsquare.c...
compiling arm_nn_depthwise_conv_s8_core.c...
compiling arm_nn_mat_mult_kernel_q7_q15.c...
compiling arm_nn_mat_mult_kernel_q7_q15_reordered.c...
compiling TransformFunctions.c...
compiling arm_nn_mat_mult_kernel_s8_s16.c...
compiling arm_nn_mat_mult_s8.c...
compiling arm_fully_connected_mat_q7_vec_q15_opt.c...
compiling arm_fully_connected_q15.c...
compiling arm_fully_connected_mat_q7_vec_q15.c...
compiling arm_nn_mat_mult_kernel_s8_s16_reordered.c...
compiling arm_fully_connected_q7.c...
compiling arm_fully_connected_q15_opt.c...
compiling arm_fully_connected_s8.c...
compiling arm_fully_connected_q7_opt.c...
compiling arm_nn_accumulate_q7_to_q15.c...
compiling arm_nn_add_q7.c...
C:\SZC\Program\ARM_Keil\Keil_packs\ARM\CMSIS\5.8.0\CMSIS\NN\Source\NNSupportFunctions\arm_nn_add_q7.c(82): warning:  #1-D: last line of file ends without a newline
   */
C:\SZC\Program\ARM_Keil\Keil_packs\ARM\CMSIS\5.8.0\CMSIS\NN\Source\NNSupportFunctions\arm_nn_add_q7.c: 1 warning, 0 errors
compiling arm_nn_depthwise_conv_nt_t_s8.c...
compiling arm_nn_depthwise_conv_nt_t_padded_s8.c...
compiling arm_nn_mat_mul_core_1x_s8.c...
compiling arm_nn_mat_mul_core_4x_s8.c...
compiling arm_nn_mult_q15.c...
compiling arm_nn_mult_q7.c...
compiling arm_nn_vec_mat_mult_t_s8.c...
compiling FilteringFunctions.c...
compiling arm_nn_mat_mult_nt_t_s8.c...
compiling arm_nntables.c...
compiling arm_nn_vec_mat_mult_t_svdf_s8.c...
compiling arm_q7_to_q15_no_shift.c...
compiling arm_q7_to_q15_with_offset.c...
compiling arm_q7_to_q15_reordered_with_offset.c...
compiling arm_q7_to_q15_reordered_no_shift.c...
compiling arm_avgpool_s8.c...
compiling arm_max_pool_s8.c...
compiling arm_reshape_s8.c...
C:\SZC\Program\ARM_Keil\Keil_packs\ARM\CMSIS\5.8.0\CMSIS\NN\Source\ReshapeFunctions\arm_reshape_s8.c(56): warning:  #1-D: last line of file ends without a newline
   */
C:\SZC\Program\ARM_Keil\Keil_packs\ARM\CMSIS\5.8.0\CMSIS\NN\Source\ReshapeFunctions\arm_reshape_s8.c: 1 warning, 0 errors
compiling arm_pool_q7_HWC.c...
compiling arm_softmax_q15.c...
compiling arm_softmax_q7.c...
compiling arm_svdf_s8.c...
compiling arm_softmax_with_batch_q7.c...
compiling arm_softmax_s8.c...
C:\SZC\Program\ARM_Keil\Keil_packs\ARM\CMSIS\5.8.0\CMSIS\NN\Source\SoftmaxFunctions\arm_softmax_s8.c(237): warning:  #61-D: integer operation result is out of range
          const int32_t shifted_scale = ONE_OVER1((sum > 0 ? sum << headroom : 0) - (1 << 31));
C:\SZC\Program\ARM_Keil\Keil_packs\ARM\CMSIS\5.8.0\CMSIS\NN\Source\SoftmaxFunctions\arm_softmax_s8.c: 1 warning, 0 errors
compiling arm_softmax_u8.c...
C:\SZC\Program\ARM_Keil\Keil_packs\ARM\CMSIS\5.8.0\CMSIS\NN\Source\SoftmaxFunctions\arm_softmax_u8.c(81): warning:  #61-D: integer operation result is out of range
          const int32_t shifted_scale = ONE_OVER1((sum << headroom) - (1 << 31));
C:\SZC\Program\ARM_Keil\Keil_packs\ARM\CMSIS\5.8.0\CMSIS\NN\Source\SoftmaxFunctions\arm_softmax_u8.c(103): warning:  #1-D: last line of file ends without a newline
   */
C:\SZC\Program\ARM_Keil\Keil_packs\ARM\CMSIS\5.8.0\CMSIS\NN\Source\SoftmaxFunctions\arm_softmax_u8.c: 2 warnings, 0 errors
linking...
Program Size: Code=15348 RO-data=98228 RW-data=116 ZI-data=194060  
".\bin\SZC_motion_1BDD.axf" - 0 Error(s), 49 Warning(s).

<h2>Software Packages used:</h2>

Package Vendor: ARM
                http://www.keil.com/pack/ARM.CMSIS.5.8.0.pack
                ARM.CMSIS.5.8.0
                CMSIS (Common Microcontroller Software Interface Standard)
   * Component: CORE Version: 5.5.0
   * Component: DSP Variant: Source Version: 1.9.0-dev
   * Component: NN Lib Version: 3.0.0

Package Vendor: AmbiqMicro
                http://s3.asia.ambiqmicro.com/pack/AmbiqMicro.Apollo_DFP.1.2.0.pack
                AmbiqMicro.Apollo_DFP.1.2.0
                Ambiq Micro Apollo Series Device Support

<h2>Collection of Component include folders:</h2>
  .\RTE\_SZC_motion_1BDD
  C:\SZC\Program\ARM_Keil\Keil_packs\ARM\CMSIS\5.8.0\CMSIS\Core\Include
  C:\SZC\Program\ARM_Keil\Keil_packs\ARM\CMSIS\5.8.0\CMSIS\DSP\Include
  C:\SZC\Program\ARM_Keil\Keil_packs\ARM\CMSIS\5.8.0\CMSIS\DSP\PrivateInclude
  C:\SZC\Program\ARM_Keil\Keil_packs\ARM\CMSIS\5.8.0\CMSIS\NN\Include
  C:\SZC\Program\ARM_Keil\Keil_packs\AmbiqMicro\Apollo_DFP\1.2.0\Device\Include

<h2>Collection of Component Files used:</h2>

   * Component: ARM::CMSIS:CORE:5.5.0

   * Component: ARM::CMSIS:DSP:Source:1.9.0-dev
      Source file:   CMSIS\DSP\Source\DistanceFunctions\DistanceFunctionsF16.c
      Source file:   CMSIS\DSP\Source\SupportFunctions\SupportFunctionsF16.c
      Source file:   CMSIS\DSP\Source\FastMathFunctions\FastMathFunctionsF16.c
      Source file:   CMSIS\DSP\Source\BayesFunctions\BayesFunctionsF16.c
      Source file:   CMSIS\DSP\Source\SVMFunctions\SVMFunctionsF16.c
      Source file:   CMSIS\DSP\Source\StatisticsFunctions\StatisticsFunctions.c
      Source file:   CMSIS\DSP\Source\SupportFunctions\SupportFunctions.c
      Source file:   CMSIS\DSP\Source\SVMFunctions\SVMFunctions.c
      Source file:   CMSIS\DSP\Source\QuaternionMathFunctions\QuaternionMathFunctions.c
      Include file:  CMSIS\DSP\Include\arm_math_f16.h
      Include file:  CMSIS\DSP\Include\arm_const_structs_f16.h
      Source file:   CMSIS\DSP\Source\TransformFunctions\TransformFunctions.c
      Source file:   CMSIS\DSP\Source\InterpolationFunctions\InterpolationFunctions.c
      Include file:  CMSIS\DSP\Include\arm_common_tables.h
      Include file:  CMSIS\DSP\Include\arm_common_tables_f16.h
      Source file:   CMSIS\DSP\Source\BayesFunctions\BayesFunctions.c
      Source file:   CMSIS\DSP\Source\ControllerFunctions\ControllerFunctions.c
      Include file:  CMSIS\DSP\Include\arm_math.h
      Source file:   CMSIS\DSP\Source\FastMathFunctions\FastMathFunctions.c
      Source file:   CMSIS\DSP\Source\ComplexMathFunctions\ComplexMathFunctions.c
      Include file:  CMSIS\DSP\Include\arm_const_structs.h
      Source file:   CMSIS\DSP\Source\BasicMathFunctions\BasicMathFunctions.c
      Source file:   CMSIS\DSP\Source\CommonTables\CommonTables.c
      Source file:   CMSIS\DSP\Source\FilteringFunctions\FilteringFunctions.c
      Source file:   CMSIS\DSP\Source\DistanceFunctions\DistanceFunctions.c
      Source file:   CMSIS\DSP\Source\MatrixFunctions\MatrixFunctions.c
      Source file:   CMSIS\DSP\Source\ComplexMathFunctions\ComplexMathFunctionsF16.c
      Source file:   CMSIS\DSP\Source\BasicMathFunctions\BasicMathFunctionsF16.c
      Source file:   CMSIS\DSP\Source\FilteringFunctions\FilteringFunctionsF16.c
      Source file:   CMSIS\DSP\Source\CommonTables\CommonTablesF16.c
      Source file:   CMSIS\DSP\Source\TransformFunctions\TransformFunctionsF16.c
      Source file:   CMSIS\DSP\Source\InterpolationFunctions\InterpolationFunctionsF16.c
      Source file:   CMSIS\DSP\Source\MatrixFunctions\MatrixFunctionsF16.c
      Source file:   CMSIS\DSP\Source\StatisticsFunctions\StatisticsFunctionsF16.c

   * Component: ARM::CMSIS:NN Lib:3.0.0
      Source file:   CMSIS\NN\Source\ConvolutionFunctions\arm_convolve_HWC_q7_RGB.c
      Source file:   CMSIS\NN\Source\ConvolutionFunctions\arm_convolve_HWC_q7_fast.c
      Source file:   CMSIS\NN\Source\ConvolutionFunctions\arm_depthwise_conv_3x3_s8.c
      Source file:   CMSIS\NN\Source\ConvolutionFunctions\arm_nn_mat_mult_kernel_q7_q15.c
      Include file:  CMSIS\NN\Include\arm_nn_tables.h
      Source file:   CMSIS\NN\Source\ConvolutionFunctions\arm_nn_mat_mult_s8.c
      Source file:   CMSIS\NN\Source\ConvolutionFunctions\arm_depthwise_separable_conv_HWC_q7_nonsquare.c
      Source file:   CMSIS\NN\Source\ConvolutionFunctions\arm_convolve_HWC_q7_basic.c
      Source file:   CMSIS\NN\Source\ConvolutionFunctions\arm_convolve_HWC_q15_basic.c
      Include file:  CMSIS\NN\Include\arm_nn_types.h
      Include file:  CMSIS\NN\Include\arm_nnfunctions.h
      Source file:   CMSIS\NN\Source\ConvolutionFunctions\arm_convolve_HWC_q7_fast_nonsquare.c
      Source file:   CMSIS\NN\Source\ConvolutionFunctions\arm_depthwise_conv_wrapper_s8.c
      Source file:   CMSIS\NN\Source\ConvolutionFunctions\arm_nn_mat_mult_kernel_s8_s16_reordered.c
      Source file:   CMSIS\NN\Source\ConvolutionFunctions\arm_depthwise_separable_conv_HWC_q7.c
      Source file:   CMSIS\NN\Source\ConvolutionFunctions\arm_depthwise_conv_u8_basic_ver1.c
      Source file:   CMSIS\NN\Source\ConvolutionFunctions\arm_convolve_1_x_n_s8.c
      Source file:   CMSIS\NN\Source\ConvolutionFunctions\arm_convolve_1x1_s8_fast.c
      Source file:   CMSIS\NN\Source\ConvolutionFunctions\arm_nn_mat_mult_kernel_s8_s16.c
      Include file:  CMSIS\NN\Include\arm_nnsupportfunctions.h
      Source file:   CMSIS\NN\Source\ConvolutionFunctions\arm_depthwise_conv_s8.c
      Source file:   CMSIS\NN\Source\ConvolutionFunctions\arm_convolve_HWC_q15_fast_nonsquare.c
      Source file:   CMSIS\NN\Source\ConvolutionFunctions\arm_convolve_s8.c
      Source file:   CMSIS\NN\Source\ConvolutionFunctions\arm_nn_depthwise_conv_s8_core.c
      Source file:   CMSIS\NN\Source\BasicMathFunctions\arm_elementwise_mul_s8.c
      Source file:   CMSIS\NN\Source\ActivationFunctions\arm_relu_q15.c
      Source file:   CMSIS\NN\Source\ActivationFunctions\arm_relu_q7.c
      Source file:   CMSIS\NN\Source\ActivationFunctions\arm_nn_activations_q15.c
      Source file:   CMSIS\NN\Source\ReshapeFunctions\arm_reshape_s8.c
      Source file:   CMSIS\NN\Source\ConvolutionFunctions\arm_convolve_HWC_q7_basic_nonsquare.c
      Source file:   CMSIS\NN\Source\NNSupportFunctions\arm_q7_to_q15_reordered_no_shift.c
      Source file:   CMSIS\NN\Source\NNSupportFunctions\arm_nn_vec_mat_mult_t_svdf_s8.c
      Source file:   CMSIS\NN\Source\ConcatenationFunctions\arm_concatenation_s8_y.c
      Source file:   CMSIS\NN\Source\NNSupportFunctions\arm_nn_mult_q7.c
      Source file:   CMSIS\NN\Source\NNSupportFunctions\arm_nn_accumulate_q7_to_q15.c
      Source file:   CMSIS\NN\Source\PoolingFunctions\arm_avgpool_s8.c
      Source file:   CMSIS\NN\Source\BasicMathFunctions\arm_elementwise_add_s8.c
      Source file:   CMSIS\NN\Source\NNSupportFunctions\arm_nn_mat_mult_nt_t_s8.c
      Source file:   CMSIS\NN\Source\NNSupportFunctions\arm_nn_depthwise_conv_nt_t_padded_s8.c
      Source file:   CMSIS\NN\Source\PoolingFunctions\arm_pool_q7_HWC.c
      Source file:   CMSIS\NN\Source\NNSupportFunctions\arm_nn_add_q7.c
      Source file:   CMSIS\NN\Source\ConvolutionFunctions\arm_convolve_wrapper_s8.c
      Source file:   CMSIS\NN\Source\ConvolutionFunctions\arm_depthwise_conv_s8_opt.c
      Source file:   CMSIS\NN\Source\ConvolutionFunctions\arm_nn_mat_mult_kernel_q7_q15_reordered.c
      Source file:   CMSIS\NN\Source\PoolingFunctions\arm_max_pool_s8.c
      Source file:   CMSIS\NN\Source\ActivationFunctions\arm_nn_activations_q7.c
      Source file:   CMSIS\NN\Source\NNSupportFunctions\arm_nn_vec_mat_mult_t_s8.c
      Source file:   CMSIS\NN\Source\ConcatenationFunctions\arm_concatenation_s8_x.c
      Source file:   CMSIS\NN\Source\NNSupportFunctions\arm_q7_to_q15_with_offset.c
      Source file:   CMSIS\NN\Source\ConvolutionFunctions\arm_convolve_HWC_q15_fast.c
      Source file:   CMSIS\NN\Source\ConvolutionFunctions\arm_convolve_1x1_HWC_q7_fast_nonsquare.c
      Source file:   CMSIS\NN\Source\ConcatenationFunctions\arm_concatenation_s8_w.c
      Source file:   CMSIS\NN\Source\ConcatenationFunctions\arm_concatenation_s8_z.c
      Source file:   CMSIS\NN\Source\SVDFunctions\arm_svdf_s8.c
      Source file:   CMSIS\NN\Source\ActivationFunctions\arm_relu6_s8.c
      Source file:   CMSIS\NN\Source\NNSupportFunctions\arm_q7_to_q15_no_shift.c
      Source file:   CMSIS\NN\Source\SoftmaxFunctions\arm_softmax_with_batch_q7.c
      Source file:   CMSIS\NN\Source\SoftmaxFunctions\arm_softmax_s8.c
      Source file:   CMSIS\NN\Source\SoftmaxFunctions\arm_softmax_q15.c
      Source file:   CMSIS\NN\Source\FullyConnectedFunctions\arm_fully_connected_q7.c
      Source file:   CMSIS\NN\Source\NNSupportFunctions\arm_nn_mat_mul_core_4x_s8.c
      Source file:   CMSIS\NN\Source\NNSupportFunctions\arm_nn_depthwise_conv_nt_t_s8.c
      Source file:   CMSIS\NN\Source\NNSupportFunctions\arm_q7_to_q15_reordered_with_offset.c
      Source file:   CMSIS\NN\Source\NNSupportFunctions\arm_nn_mat_mul_core_1x_s8.c
      Source file:   CMSIS\NN\Source\FullyConnectedFunctions\arm_fully_connected_q15_opt.c
      Source file:   CMSIS\NN\Source\FullyConnectedFunctions\arm_fully_connected_mat_q7_vec_q15_opt.c
      Source file:   CMSIS\NN\Source\FullyConnectedFunctions\arm_fully_connected_q7_opt.c
      Source file:   CMSIS\NN\Source\FullyConnectedFunctions\arm_fully_connected_mat_q7_vec_q15.c
      Source file:   CMSIS\NN\Source\FullyConnectedFunctions\arm_fully_connected_q15.c
      Source file:   CMSIS\NN\Source\FullyConnectedFunctions\arm_fully_connected_s8.c
      Source file:   CMSIS\NN\Source\SoftmaxFunctions\arm_softmax_q7.c
      Source file:   CMSIS\NN\Source\SoftmaxFunctions\arm_softmax_u8.c
      Source file:   CMSIS\NN\Source\NNSupportFunctions\arm_nntables.c
      Source file:   CMSIS\NN\Source\NNSupportFunctions\arm_nn_mult_q15.c
Build Time Elapsed:  00:00:13
</pre>
</body>
</html>
