<html>
<body>
<pre>
<h1>µVision Build Log</h1>
<h2>Tool Versions:</h2>
IDE-Version: ¦ÌVision V5.35.0.0
Copyright (C) 2021 ARM Ltd and ARM Germany GmbH. All rights reserved.
License Information: Chao Shen, UoB, LIC=585FJ-UHCUF-SBAEJ-UH8ZE-NX0R8-0YUFI
 
Tool Versions:
Toolchain:       MDK-ARM Plus  Version: 5.35.0.2
Toolchain Path:  C:\SZC\Program\ARM_Keil\Keil_v5.35\ARM\ARMCC\Bin
C Compiler:      Armcc.exe V5.06 update 7 (build 960)
Assembler:       Armasm.exe V5.06 update 7 (build 960)
Linker/Locator:  ArmLink.exe V5.06 update 7 (build 960)
Library Manager: ArmAr.exe V5.06 update 7 (build 960)
Hex Converter:   FromElf.exe V5.06 update 7 (build 960)
CPU DLL:         SARMCM3.DLL V5.35.0.2
Dialog DLL:      DCM.DLL V1.17.3.0
Target DLL:      Segger\JL2CM3.dll V2.99.40.0
Dialog DLL:      TCM.DLL V1.53.0.0
 
<h2>Project:</h2>
C:\SZC\PhD\Model_Implementation\Apollo2 Blue EVB\SDK\AmbiqSuite-Rel2.2.0\boards\apollo2_blue_evb\examples\binary_counter\keil\binary_counter.uvprojx
Project File Date:  10/03/2021

<h2>Output:</h2>
*** Using Compiler 'V5.06 update 7 (build 960)', folder: 'C:\SZC\Program\ARM_Keil\Keil_v5.35\ARM\ARMCC\Bin'
Rebuild target 'binary_counter'
compiling startup_keil.s...
compiling am_util_stdio.c...
compiling am_util_delay.c...
compiling binary_counter.c...
compiling am_devices_led.c...
compiling am_util_faultisr.c...
linking...
Program Size: Code=7070 RO-data=46 RW-data=88 ZI-data=4448  
After Build - User command #1: fromelf --bin --output bin\binary_counter.bin bin\binary_counter.axf
After Build - User command #2: fromelf -cedrst --output bin\binary_counter.txt bin\binary_counter.axf
".\bin\binary_counter.axf" - 0 Error(s), 0 Warning(s).

<h2>Software Packages used:</h2>

Package Vendor: AmbiqMicro
                http://s3.asia.ambiqmicro.com/pack/AmbiqMicro.Apollo_DFP.1.2.0.pack
                AmbiqMicro.Apollo_DFP.1.2.0
                Ambiq Micro Apollo Series Device Support

<h2>Collection of Component include folders:</h2>
  C:\SZC\Program\ARM_Keil\Keil_packs\AmbiqMicro\Apollo_DFP\1.2.0\Device\Include

<h2>Collection of Component Files used:</h2>
Build Time Elapsed:  00:00:01
</pre>
</body>
</html>
