<!doctype html public "-//w3c//dtd html 4.0 transitional//en">
<html><head>
<title>Static Call Graph - [.\bin\SZC_motion_B_S123.axf]</title></head>
<body><HR>
<H1>Static Call Graph for image .\bin\SZC_motion_B_S123.axf</H1><HR>
<BR><P>#&#060CALLGRAPH&#062# ARM Linker, 6160001: Last Updated: Wed Oct 20 17:55:49 2021
<BR><P>
<H3>Maximum Stack Usage =        288 bytes + Unknown(Cycles, Untraceable Function Pointers)</H3><H3>
Call chain for Maximum Stack Depth:</H3>
conv2d_run &rArr; local_convolve_HWC_q15_nonsquare
<P>
<H3>
Mutually Recursive functions
</H3> <LI><a href="#[1c]">ADC1_IRQHandler</a>&nbsp;&nbsp;&nbsp;&rArr;&nbsp;&nbsp;&nbsp;<a href="#[1c]">ADC1_IRQHandler</a><BR>
 <LI><a href="#[4]">BusFault_Handler</a>&nbsp;&nbsp;&nbsp;&rArr;&nbsp;&nbsp;&nbsp;<a href="#[4]">BusFault_Handler</a><BR>
 <LI><a href="#[2]">HardFault_Handler</a>&nbsp;&nbsp;&nbsp;&rArr;&nbsp;&nbsp;&nbsp;<a href="#[2]">HardFault_Handler</a><BR>
 <LI><a href="#[3]">MemManage_Handler</a>&nbsp;&nbsp;&nbsp;&rArr;&nbsp;&nbsp;&nbsp;<a href="#[3]">MemManage_Handler</a><BR>
 <LI><a href="#[5]">UsageFault_Handler</a>&nbsp;&nbsp;&nbsp;&rArr;&nbsp;&nbsp;&nbsp;<a href="#[5]">UsageFault_Handler</a><BR>
 <LI><a href="#[ee]">tensor_mem_set</a>&nbsp;&nbsp;&nbsp;&rArr;&nbsp;&nbsp;&nbsp;<a href="#[ee]">tensor_mem_set</a><BR>
 <LI><a href="#[bc]">compile_layers</a>&nbsp;&nbsp;&nbsp;&rArr;&nbsp;&nbsp;&nbsp;<a href="#[bc]">compile_layers</a><BR>
</UL>
<P>
<H3>
Function Pointers
</H3><UL>
 <LI><a href="#[1c]">ADC1_IRQHandler</a> from startup_stm32l4r5xx.o(.text) referenced from startup_stm32l4r5xx.o(RESET)
 <LI><a href="#[4]">BusFault_Handler</a> from stm32l4xx_it.o(.text.BusFault_Handler) referenced from startup_stm32l4r5xx.o(RESET)
 <LI><a href="#[1e]">CAN1_RX0_IRQHandler</a> from startup_stm32l4r5xx.o(.text) referenced from startup_stm32l4r5xx.o(RESET)
 <LI><a href="#[1f]">CAN1_RX1_IRQHandler</a> from startup_stm32l4r5xx.o(.text) referenced from startup_stm32l4r5xx.o(RESET)
 <LI><a href="#[20]">CAN1_SCE_IRQHandler</a> from startup_stm32l4r5xx.o(.text) referenced from startup_stm32l4r5xx.o(RESET)
 <LI><a href="#[1d]">CAN1_TX_IRQHandler</a> from startup_stm32l4r5xx.o(.text) referenced from startup_stm32l4r5xx.o(RESET)
 <LI><a href="#[49]">COMP_IRQHandler</a> from startup_stm32l4r5xx.o(.text) referenced from startup_stm32l4r5xx.o(RESET)
 <LI><a href="#[59]">CRS_IRQHandler</a> from startup_stm32l4r5xx.o(.text) referenced from startup_stm32l4r5xx.o(RESET)
 <LI><a href="#[5c]">DCMI_IRQHandler</a> from startup_stm32l4r5xx.o(.text) referenced from startup_stm32l4r5xx.o(RESET)
 <LI><a href="#[46]">DFSDM1_FLT0_IRQHandler</a> from startup_stm32l4r5xx.o(.text) referenced from startup_stm32l4r5xx.o(RESET)
 <LI><a href="#[47]">DFSDM1_FLT1_IRQHandler</a> from startup_stm32l4r5xx.o(.text) referenced from startup_stm32l4r5xx.o(RESET)
 <LI><a href="#[48]">DFSDM1_FLT2_IRQHandler</a> from startup_stm32l4r5xx.o(.text) referenced from startup_stm32l4r5xx.o(RESET)
 <LI><a href="#[34]">DFSDM1_FLT3_IRQHandler</a> from startup_stm32l4r5xx.o(.text) referenced from startup_stm32l4r5xx.o(RESET)
 <LI><a href="#[15]">DMA1_Channel1_IRQHandler</a> from startup_stm32l4r5xx.o(.text) referenced from startup_stm32l4r5xx.o(RESET)
 <LI><a href="#[16]">DMA1_Channel2_IRQHandler</a> from startup_stm32l4r5xx.o(.text) referenced from startup_stm32l4r5xx.o(RESET)
 <LI><a href="#[17]">DMA1_Channel3_IRQHandler</a> from startup_stm32l4r5xx.o(.text) referenced from startup_stm32l4r5xx.o(RESET)
 <LI><a href="#[18]">DMA1_Channel4_IRQHandler</a> from startup_stm32l4r5xx.o(.text) referenced from startup_stm32l4r5xx.o(RESET)
 <LI><a href="#[19]">DMA1_Channel5_IRQHandler</a> from startup_stm32l4r5xx.o(.text) referenced from startup_stm32l4r5xx.o(RESET)
 <LI><a href="#[1a]">DMA1_Channel6_IRQHandler</a> from startup_stm32l4r5xx.o(.text) referenced from startup_stm32l4r5xx.o(RESET)
 <LI><a href="#[1b]">DMA1_Channel7_IRQHandler</a> from startup_stm32l4r5xx.o(.text) referenced from startup_stm32l4r5xx.o(RESET)
 <LI><a href="#[5d]">DMA2D_IRQHandler</a> from startup_stm32l4r5xx.o(.text) referenced from startup_stm32l4r5xx.o(RESET)
 <LI><a href="#[41]">DMA2_Channel1_IRQHandler</a> from startup_stm32l4r5xx.o(.text) referenced from startup_stm32l4r5xx.o(RESET)
 <LI><a href="#[42]">DMA2_Channel2_IRQHandler</a> from startup_stm32l4r5xx.o(.text) referenced from startup_stm32l4r5xx.o(RESET)
 <LI><a href="#[43]">DMA2_Channel3_IRQHandler</a> from startup_stm32l4r5xx.o(.text) referenced from startup_stm32l4r5xx.o(RESET)
 <LI><a href="#[44]">DMA2_Channel4_IRQHandler</a> from startup_stm32l4r5xx.o(.text) referenced from startup_stm32l4r5xx.o(RESET)
 <LI><a href="#[45]">DMA2_Channel5_IRQHandler</a> from startup_stm32l4r5xx.o(.text) referenced from startup_stm32l4r5xx.o(RESET)
 <LI><a href="#[4d]">DMA2_Channel6_IRQHandler</a> from startup_stm32l4r5xx.o(.text) referenced from startup_stm32l4r5xx.o(RESET)
 <LI><a href="#[4e]">DMA2_Channel7_IRQHandler</a> from startup_stm32l4r5xx.o(.text) referenced from startup_stm32l4r5xx.o(RESET)
 <LI><a href="#[61]">DMAMUX1_OVR_IRQHandler</a> from startup_stm32l4r5xx.o(.text) referenced from startup_stm32l4r5xx.o(RESET)
 <LI><a href="#[7]">DebugMon_Handler</a> from stm32l4xx_it.o(.text.DebugMon_Handler) referenced from startup_stm32l4r5xx.o(RESET)
 <LI><a href="#[10]">EXTI0_IRQHandler</a> from startup_stm32l4r5xx.o(.text) referenced from startup_stm32l4r5xx.o(RESET)
 <LI><a href="#[32]">EXTI15_10_IRQHandler</a> from startup_stm32l4r5xx.o(.text) referenced from startup_stm32l4r5xx.o(RESET)
 <LI><a href="#[11]">EXTI1_IRQHandler</a> from startup_stm32l4r5xx.o(.text) referenced from startup_stm32l4r5xx.o(RESET)
 <LI><a href="#[12]">EXTI2_IRQHandler</a> from startup_stm32l4r5xx.o(.text) referenced from startup_stm32l4r5xx.o(RESET)
 <LI><a href="#[13]">EXTI3_IRQHandler</a> from startup_stm32l4r5xx.o(.text) referenced from startup_stm32l4r5xx.o(RESET)
 <LI><a href="#[14]">EXTI4_IRQHandler</a> from startup_stm32l4r5xx.o(.text) referenced from startup_stm32l4r5xx.o(RESET)
 <LI><a href="#[21]">EXTI9_5_IRQHandler</a> from startup_stm32l4r5xx.o(.text) referenced from startup_stm32l4r5xx.o(RESET)
 <LI><a href="#[e]">FLASH_IRQHandler</a> from startup_stm32l4r5xx.o(.text) referenced from startup_stm32l4r5xx.o(RESET)
 <LI><a href="#[39]">FMC_IRQHandler</a> from startup_stm32l4r5xx.o(.text) referenced from startup_stm32l4r5xx.o(RESET)
 <LI><a href="#[58]">FPU_IRQHandler</a> from startup_stm32l4r5xx.o(.text) referenced from startup_stm32l4r5xx.o(RESET)
 <LI><a href="#[60]">GFXMMU_IRQHandler</a> from startup_stm32l4r5xx.o(.text) referenced from startup_stm32l4r5xx.o(RESET)
 <LI><a href="#[2]">HardFault_Handler</a> from stm32l4xx_it.o(.text.HardFault_Handler) referenced from startup_stm32l4r5xx.o(RESET)
 <LI><a href="#[2a]">I2C1_ER_IRQHandler</a> from startup_stm32l4r5xx.o(.text) referenced from startup_stm32l4r5xx.o(RESET)
 <LI><a href="#[29]">I2C1_EV_IRQHandler</a> from startup_stm32l4r5xx.o(.text) referenced from startup_stm32l4r5xx.o(RESET)
 <LI><a href="#[2c]">I2C2_ER_IRQHandler</a> from startup_stm32l4r5xx.o(.text) referenced from startup_stm32l4r5xx.o(RESET)
 <LI><a href="#[2b]">I2C2_EV_IRQHandler</a> from startup_stm32l4r5xx.o(.text) referenced from startup_stm32l4r5xx.o(RESET)
 <LI><a href="#[52]">I2C3_ER_IRQHandler</a> from startup_stm32l4r5xx.o(.text) referenced from startup_stm32l4r5xx.o(RESET)
 <LI><a href="#[51]">I2C3_EV_IRQHandler</a> from startup_stm32l4r5xx.o(.text) referenced from startup_stm32l4r5xx.o(RESET)
 <LI><a href="#[5a]">I2C4_ER_IRQHandler</a> from startup_stm32l4r5xx.o(.text) referenced from startup_stm32l4r5xx.o(RESET)
 <LI><a href="#[5b]">I2C4_EV_IRQHandler</a> from startup_stm32l4r5xx.o(.text) referenced from startup_stm32l4r5xx.o(RESET)
 <LI><a href="#[4a]">LPTIM1_IRQHandler</a> from startup_stm32l4r5xx.o(.text) referenced from startup_stm32l4r5xx.o(RESET)
 <LI><a href="#[4b]">LPTIM2_IRQHandler</a> from startup_stm32l4r5xx.o(.text) referenced from startup_stm32l4r5xx.o(RESET)
 <LI><a href="#[4f]">LPUART1_IRQHandler</a> from startup_stm32l4r5xx.o(.text) referenced from startup_stm32l4r5xx.o(RESET)
 <LI><a href="#[5f]">LTDC_ER_IRQHandler</a> from startup_stm32l4r5xx.o(.text) referenced from startup_stm32l4r5xx.o(RESET)
 <LI><a href="#[5e]">LTDC_IRQHandler</a> from startup_stm32l4r5xx.o(.text) referenced from startup_stm32l4r5xx.o(RESET)
 <LI><a href="#[3]">MemManage_Handler</a> from stm32l4xx_it.o(.text.MemManage_Handler) referenced from startup_stm32l4r5xx.o(RESET)
 <LI><a href="#[1]">NMI_Handler</a> from stm32l4xx_it.o(.text.NMI_Handler) referenced from startup_stm32l4r5xx.o(RESET)
 <LI><a href="#[50]">OCTOSPI1_IRQHandler</a> from startup_stm32l4r5xx.o(.text) referenced from startup_stm32l4r5xx.o(RESET)
 <LI><a href="#[55]">OCTOSPI2_IRQHandler</a> from startup_stm32l4r5xx.o(.text) referenced from startup_stm32l4r5xx.o(RESET)
 <LI><a href="#[4c]">OTG_FS_IRQHandler</a> from startup_stm32l4r5xx.o(.text) referenced from startup_stm32l4r5xx.o(RESET)
 <LI><a href="#[b]">PVD_PVM_IRQHandler</a> from startup_stm32l4r5xx.o(.text) referenced from startup_stm32l4r5xx.o(RESET)
 <LI><a href="#[8]">PendSV_Handler</a> from stm32l4xx_it.o(.text.PendSV_Handler) referenced from startup_stm32l4r5xx.o(RESET)
 <LI><a href="#[f]">RCC_IRQHandler</a> from startup_stm32l4r5xx.o(.text) referenced from startup_stm32l4r5xx.o(RESET)
 <LI><a href="#[57]">RNG_IRQHandler</a> from startup_stm32l4r5xx.o(.text) referenced from startup_stm32l4r5xx.o(RESET)
 <LI><a href="#[33]">RTC_Alarm_IRQHandler</a> from startup_stm32l4r5xx.o(.text) referenced from startup_stm32l4r5xx.o(RESET)
 <LI><a href="#[d]">RTC_WKUP_IRQHandler</a> from startup_stm32l4r5xx.o(.text) referenced from startup_stm32l4r5xx.o(RESET)
 <LI><a href="#[0]">Reset_Handler</a> from startup_stm32l4r5xx.o(.text) referenced from startup_stm32l4r5xx.o(RESET)
 <LI><a href="#[53]">SAI1_IRQHandler</a> from startup_stm32l4r5xx.o(.text) referenced from startup_stm32l4r5xx.o(RESET)
 <LI><a href="#[54]">SAI2_IRQHandler</a> from startup_stm32l4r5xx.o(.text) referenced from startup_stm32l4r5xx.o(RESET)
 <LI><a href="#[3a]">SDMMC1_IRQHandler</a> from startup_stm32l4r5xx.o(.text) referenced from startup_stm32l4r5xx.o(RESET)
 <LI><a href="#[2d]">SPI1_IRQHandler</a> from startup_stm32l4r5xx.o(.text) referenced from startup_stm32l4r5xx.o(RESET)
 <LI><a href="#[2e]">SPI2_IRQHandler</a> from startup_stm32l4r5xx.o(.text) referenced from startup_stm32l4r5xx.o(RESET)
 <LI><a href="#[3c]">SPI3_IRQHandler</a> from startup_stm32l4r5xx.o(.text) referenced from startup_stm32l4r5xx.o(RESET)
 <LI><a href="#[6]">SVC_Handler</a> from stm32l4xx_it.o(.text.SVC_Handler) referenced from startup_stm32l4r5xx.o(RESET)
 <LI><a href="#[9]">SysTick_Handler</a> from stm32l4xx_it.o(.text.SysTick_Handler) referenced from startup_stm32l4r5xx.o(RESET)
 <LI><a href="#[63]">SystemInit</a> from system_stm32l4xx.o(.text.SystemInit) referenced from startup_stm32l4r5xx.o(.text)
 <LI><a href="#[c]">TAMP_STAMP_IRQHandler</a> from startup_stm32l4r5xx.o(.text) referenced from startup_stm32l4r5xx.o(RESET)
 <LI><a href="#[22]">TIM1_BRK_TIM15_IRQHandler</a> from startup_stm32l4r5xx.o(.text) referenced from startup_stm32l4r5xx.o(RESET)
 <LI><a href="#[25]">TIM1_CC_IRQHandler</a> from startup_stm32l4r5xx.o(.text) referenced from startup_stm32l4r5xx.o(RESET)
 <LI><a href="#[24]">TIM1_TRG_COM_TIM17_IRQHandler</a> from startup_stm32l4r5xx.o(.text) referenced from startup_stm32l4r5xx.o(RESET)
 <LI><a href="#[23]">TIM1_UP_TIM16_IRQHandler</a> from startup_stm32l4r5xx.o(.text) referenced from startup_stm32l4r5xx.o(RESET)
 <LI><a href="#[26]">TIM2_IRQHandler</a> from startup_stm32l4r5xx.o(.text) referenced from startup_stm32l4r5xx.o(RESET)
 <LI><a href="#[27]">TIM3_IRQHandler</a> from startup_stm32l4r5xx.o(.text) referenced from startup_stm32l4r5xx.o(RESET)
 <LI><a href="#[28]">TIM4_IRQHandler</a> from startup_stm32l4r5xx.o(.text) referenced from startup_stm32l4r5xx.o(RESET)
 <LI><a href="#[3b]">TIM5_IRQHandler</a> from startup_stm32l4r5xx.o(.text) referenced from startup_stm32l4r5xx.o(RESET)
 <LI><a href="#[3f]">TIM6_DAC_IRQHandler</a> from startup_stm32l4r5xx.o(.text) referenced from startup_stm32l4r5xx.o(RESET)
 <LI><a href="#[40]">TIM7_IRQHandler</a> from startup_stm32l4r5xx.o(.text) referenced from startup_stm32l4r5xx.o(RESET)
 <LI><a href="#[35]">TIM8_BRK_IRQHandler</a> from startup_stm32l4r5xx.o(.text) referenced from startup_stm32l4r5xx.o(RESET)
 <LI><a href="#[38]">TIM8_CC_IRQHandler</a> from startup_stm32l4r5xx.o(.text) referenced from startup_stm32l4r5xx.o(RESET)
 <LI><a href="#[37]">TIM8_TRG_COM_IRQHandler</a> from startup_stm32l4r5xx.o(.text) referenced from startup_stm32l4r5xx.o(RESET)
 <LI><a href="#[36]">TIM8_UP_IRQHandler</a> from startup_stm32l4r5xx.o(.text) referenced from startup_stm32l4r5xx.o(RESET)
 <LI><a href="#[56]">TSC_IRQHandler</a> from startup_stm32l4r5xx.o(.text) referenced from startup_stm32l4r5xx.o(RESET)
 <LI><a href="#[3d]">UART4_IRQHandler</a> from startup_stm32l4r5xx.o(.text) referenced from startup_stm32l4r5xx.o(RESET)
 <LI><a href="#[3e]">UART5_IRQHandler</a> from startup_stm32l4r5xx.o(.text) referenced from startup_stm32l4r5xx.o(RESET)
 <LI><a href="#[2f]">USART1_IRQHandler</a> from startup_stm32l4r5xx.o(.text) referenced from startup_stm32l4r5xx.o(RESET)
 <LI><a href="#[30]">USART2_IRQHandler</a> from startup_stm32l4r5xx.o(.text) referenced from startup_stm32l4r5xx.o(RESET)
 <LI><a href="#[31]">USART3_IRQHandler</a> from startup_stm32l4r5xx.o(.text) referenced from startup_stm32l4r5xx.o(RESET)
 <LI><a href="#[5]">UsageFault_Handler</a> from stm32l4xx_it.o(.text.UsageFault_Handler) referenced from startup_stm32l4r5xx.o(RESET)
 <LI><a href="#[a]">WWDG_IRQHandler</a> from startup_stm32l4r5xx.o(.text) referenced from startup_stm32l4r5xx.o(RESET)
 <LI><a href="#[64]">__main</a> from entry.o(.ARM.Collect$$$$00000000) referenced from startup_stm32l4r5xx.o(.text)
 <LI><a href="#[74]">act_relu</a> from nnom_activation.o(.text.act_relu) referenced from main.o(.text.main)
 <LI><a href="#[6b]">conv2d_build</a> from nnom_conv2d.o(.text.conv2d_build) referenced from nnom_conv2d.o(.text.conv2d_s)
 <LI><a href="#[6a]">conv2d_free</a> from nnom_conv2d.o(.text.conv2d_free) referenced from nnom_conv2d.o(.text.conv2d_s)
 <LI><a href="#[6c]">conv2d_run</a> from nnom_conv2d.o(.text.conv2d_run) referenced from nnom_conv2d.o(.text.conv2d_s)
 <LI><a href="#[73]">conv2d_s</a> from nnom_conv2d.o(.text.conv2d_s) referenced from main.o(.text.main)
 <LI><a href="#[7b]">default_build</a> from nnom_baselayer.o(.text.default_build) referenced from nnom_output.o(.text.output_s)
 <LI><a href="#[6f]">dense_build</a> from nnom_dense.o(.text.dense_build) referenced from nnom_dense.o(.text.dense_s)
 <LI><a href="#[6e]">dense_free</a> from nnom_dense.o(.text.dense_free) referenced from nnom_dense.o(.text.dense_s)
 <LI><a href="#[70]">dense_run</a> from nnom_dense.o(.text.dense_run) referenced from nnom_dense.o(.text.dense_s)
 <LI><a href="#[65]">flatten_build</a> from nnom_flatten.o(.text.flatten_build) referenced from nnom_flatten.o(.text.Flatten)
 <LI><a href="#[66]">flatten_run</a> from nnom_flatten.o(.text.flatten_run) referenced from nnom_flatten.o(.text.Flatten)
 <LI><a href="#[7d]">fputc</a> from main.o(.text.fputc) referenced from printf3.o(i.__0printf$3)
 <LI><a href="#[71]">input_build</a> from nnom_input.o(.text.input_build) referenced from nnom_input.o(.text.input_s)
 <LI><a href="#[72]">input_run</a> from nnom_input.o(.text.input_run) referenced from nnom_input.o(.text.input_s)
 <LI><a href="#[62]">main</a> from main.o(.text.main) referenced from entry9a.o(.ARM.Collect$$$$0000000B)
 <LI><a href="#[67]">maxpool_build</a> from nnom_maxpool.o(.text.maxpool_build) referenced from nnom_maxpool.o(.text.MaxPool)
 <LI><a href="#[68]">maxpool_run</a> from nnom_maxpool.o(.text.maxpool_run) referenced from nnom_maxpool.o(.text.MaxPool)
 <LI><a href="#[75]">maxpool_s</a> from nnom_maxpool.o(.text.maxpool_s) referenced from main.o(.text.main)
 <LI><a href="#[76]">model_active</a> from nnom.o(.text.model_active) referenced from nnom.o(.text.new_model)
 <LI><a href="#[7a]">model_add</a> from nnom.o(.text.model_add) referenced from nnom.o(.text.new_model)
 <LI><a href="#[79]">model_hook</a> from nnom.o(.text.model_hook) referenced from nnom.o(.text.new_model)
 <LI><a href="#[78]">model_merge</a> from nnom.o(.text.model_merge) referenced from nnom.o(.text.new_model)
 <LI><a href="#[77]">model_mergex</a> from nnom.o(.text.model_mergex) referenced from nnom.o(.text.new_model)
 <LI><a href="#[7c]">output_run</a> from nnom_output.o(.text.output_run) referenced from nnom_output.o(.text.output_s)
 <LI><a href="#[69]">relu_run</a> from nnom_activation.o(.text.relu_run) referenced from nnom_activation.o(.text.act_relu)
 <LI><a href="#[6d]">tensor_size</a> from nnom_tensor.o(.text.tensor_size) referenced from nnom_dense.o(.text.dense_build)
</UL>
<P>
<H3>
Global Symbols
</H3>
<P><STRONG><a name="[64]"></a>__main</STRONG> (Thumb, 0 bytes, Stack size unknown bytes, entry.o(.ARM.Collect$$$$00000000))
<BR>[Address Reference Count : 1]<UL><LI> startup_stm32l4r5xx.o(.text)
</UL>
<P><STRONG><a name="[fc]"></a>_main_stk</STRONG> (Thumb, 0 bytes, Stack size unknown bytes, entry2.o(.ARM.Collect$$$$00000001))

<P><STRONG><a name="[7e]"></a>_main_scatterload</STRONG> (Thumb, 0 bytes, Stack size unknown bytes, entry5.o(.ARM.Collect$$$$00000004))
<BR><BR>[Calls]<UL><LI><a href="#[7f]">&gt;&gt;</a>&nbsp;&nbsp;&nbsp;__scatterload
</UL>

<P><STRONG><a name="[83]"></a>__main_after_scatterload</STRONG> (Thumb, 0 bytes, Stack size unknown bytes, entry5.o(.ARM.Collect$$$$00000004))
<BR><BR>[Called By]<UL><LI><a href="#[7f]">&gt;&gt;</a>&nbsp;&nbsp;&nbsp;__scatterload
</UL>

<P><STRONG><a name="[fd]"></a>_main_clock</STRONG> (Thumb, 0 bytes, Stack size unknown bytes, entry7b.o(.ARM.Collect$$$$00000008))

<P><STRONG><a name="[fe]"></a>_main_cpp_init</STRONG> (Thumb, 0 bytes, Stack size unknown bytes, entry8b.o(.ARM.Collect$$$$0000000A))

<P><STRONG><a name="[ff]"></a>_main_init</STRONG> (Thumb, 0 bytes, Stack size unknown bytes, entry9a.o(.ARM.Collect$$$$0000000B))

<P><STRONG><a name="[100]"></a>__rt_final_cpp</STRONG> (Thumb, 0 bytes, Stack size unknown bytes, entry10a.o(.ARM.Collect$$$$0000000D))

<P><STRONG><a name="[101]"></a>__rt_final_exit</STRONG> (Thumb, 0 bytes, Stack size unknown bytes, entry11a.o(.ARM.Collect$$$$0000000F))

<P><STRONG><a name="[0]"></a>Reset_Handler</STRONG> (Thumb, 8 bytes, Stack size 0 bytes, startup_stm32l4r5xx.o(.text))
<BR>[Address Reference Count : 1]<UL><LI> startup_stm32l4r5xx.o(RESET)
</UL>
<P><STRONG><a name="[1c]"></a>ADC1_IRQHandler</STRONG> (Thumb, 0 bytes, Stack size 0 bytes, startup_stm32l4r5xx.o(.text))
<BR><BR>[Calls]<UL><LI><a href="#[1c]">&gt;&gt;</a>&nbsp;&nbsp;&nbsp;ADC1_IRQHandler
</UL>
<BR>[Called By]<UL><LI><a href="#[1c]">&gt;&gt;</a>&nbsp;&nbsp;&nbsp;ADC1_IRQHandler
</UL>
<BR>[Address Reference Count : 1]<UL><LI> startup_stm32l4r5xx.o(RESET)
</UL>
<P><STRONG><a name="[1e]"></a>CAN1_RX0_IRQHandler</STRONG> (Thumb, 0 bytes, Stack size 0 bytes, startup_stm32l4r5xx.o(.text))
<BR>[Address Reference Count : 1]<UL><LI> startup_stm32l4r5xx.o(RESET)
</UL>
<P><STRONG><a name="[1f]"></a>CAN1_RX1_IRQHandler</STRONG> (Thumb, 0 bytes, Stack size 0 bytes, startup_stm32l4r5xx.o(.text))
<BR>[Address Reference Count : 1]<UL><LI> startup_stm32l4r5xx.o(RESET)
</UL>
<P><STRONG><a name="[20]"></a>CAN1_SCE_IRQHandler</STRONG> (Thumb, 0 bytes, Stack size 0 bytes, startup_stm32l4r5xx.o(.text))
<BR>[Address Reference Count : 1]<UL><LI> startup_stm32l4r5xx.o(RESET)
</UL>
<P><STRONG><a name="[1d]"></a>CAN1_TX_IRQHandler</STRONG> (Thumb, 0 bytes, Stack size 0 bytes, startup_stm32l4r5xx.o(.text))
<BR>[Address Reference Count : 1]<UL><LI> startup_stm32l4r5xx.o(RESET)
</UL>
<P><STRONG><a name="[49]"></a>COMP_IRQHandler</STRONG> (Thumb, 0 bytes, Stack size 0 bytes, startup_stm32l4r5xx.o(.text))
<BR>[Address Reference Count : 1]<UL><LI> startup_stm32l4r5xx.o(RESET)
</UL>
<P><STRONG><a name="[59]"></a>CRS_IRQHandler</STRONG> (Thumb, 0 bytes, Stack size 0 bytes, startup_stm32l4r5xx.o(.text))
<BR>[Address Reference Count : 1]<UL><LI> startup_stm32l4r5xx.o(RESET)
</UL>
<P><STRONG><a name="[5c]"></a>DCMI_IRQHandler</STRONG> (Thumb, 0 bytes, Stack size 0 bytes, startup_stm32l4r5xx.o(.text))
<BR>[Address Reference Count : 1]<UL><LI> startup_stm32l4r5xx.o(RESET)
</UL>
<P><STRONG><a name="[46]"></a>DFSDM1_FLT0_IRQHandler</STRONG> (Thumb, 0 bytes, Stack size 0 bytes, startup_stm32l4r5xx.o(.text))
<BR>[Address Reference Count : 1]<UL><LI> startup_stm32l4r5xx.o(RESET)
</UL>
<P><STRONG><a name="[47]"></a>DFSDM1_FLT1_IRQHandler</STRONG> (Thumb, 0 bytes, Stack size 0 bytes, startup_stm32l4r5xx.o(.text))
<BR>[Address Reference Count : 1]<UL><LI> startup_stm32l4r5xx.o(RESET)
</UL>
<P><STRONG><a name="[48]"></a>DFSDM1_FLT2_IRQHandler</STRONG> (Thumb, 0 bytes, Stack size 0 bytes, startup_stm32l4r5xx.o(.text))
<BR>[Address Reference Count : 1]<UL><LI> startup_stm32l4r5xx.o(RESET)
</UL>
<P><STRONG><a name="[34]"></a>DFSDM1_FLT3_IRQHandler</STRONG> (Thumb, 0 bytes, Stack size 0 bytes, startup_stm32l4r5xx.o(.text))
<BR>[Address Reference Count : 1]<UL><LI> startup_stm32l4r5xx.o(RESET)
</UL>
<P><STRONG><a name="[15]"></a>DMA1_Channel1_IRQHandler</STRONG> (Thumb, 0 bytes, Stack size 0 bytes, startup_stm32l4r5xx.o(.text))
<BR>[Address Reference Count : 1]<UL><LI> startup_stm32l4r5xx.o(RESET)
</UL>
<P><STRONG><a name="[16]"></a>DMA1_Channel2_IRQHandler</STRONG> (Thumb, 0 bytes, Stack size 0 bytes, startup_stm32l4r5xx.o(.text))
<BR>[Address Reference Count : 1]<UL><LI> startup_stm32l4r5xx.o(RESET)
</UL>
<P><STRONG><a name="[17]"></a>DMA1_Channel3_IRQHandler</STRONG> (Thumb, 0 bytes, Stack size 0 bytes, startup_stm32l4r5xx.o(.text))
<BR>[Address Reference Count : 1]<UL><LI> startup_stm32l4r5xx.o(RESET)
</UL>
<P><STRONG><a name="[18]"></a>DMA1_Channel4_IRQHandler</STRONG> (Thumb, 0 bytes, Stack size 0 bytes, startup_stm32l4r5xx.o(.text))
<BR>[Address Reference Count : 1]<UL><LI> startup_stm32l4r5xx.o(RESET)
</UL>
<P><STRONG><a name="[19]"></a>DMA1_Channel5_IRQHandler</STRONG> (Thumb, 0 bytes, Stack size 0 bytes, startup_stm32l4r5xx.o(.text))
<BR>[Address Reference Count : 1]<UL><LI> startup_stm32l4r5xx.o(RESET)
</UL>
<P><STRONG><a name="[1a]"></a>DMA1_Channel6_IRQHandler</STRONG> (Thumb, 0 bytes, Stack size 0 bytes, startup_stm32l4r5xx.o(.text))
<BR>[Address Reference Count : 1]<UL><LI> startup_stm32l4r5xx.o(RESET)
</UL>
<P><STRONG><a name="[1b]"></a>DMA1_Channel7_IRQHandler</STRONG> (Thumb, 0 bytes, Stack size 0 bytes, startup_stm32l4r5xx.o(.text))
<BR>[Address Reference Count : 1]<UL><LI> startup_stm32l4r5xx.o(RESET)
</UL>
<P><STRONG><a name="[5d]"></a>DMA2D_IRQHandler</STRONG> (Thumb, 0 bytes, Stack size 0 bytes, startup_stm32l4r5xx.o(.text))
<BR>[Address Reference Count : 1]<UL><LI> startup_stm32l4r5xx.o(RESET)
</UL>
<P><STRONG><a name="[41]"></a>DMA2_Channel1_IRQHandler</STRONG> (Thumb, 0 bytes, Stack size 0 bytes, startup_stm32l4r5xx.o(.text))
<BR>[Address Reference Count : 1]<UL><LI> startup_stm32l4r5xx.o(RESET)
</UL>
<P><STRONG><a name="[42]"></a>DMA2_Channel2_IRQHandler</STRONG> (Thumb, 0 bytes, Stack size 0 bytes, startup_stm32l4r5xx.o(.text))
<BR>[Address Reference Count : 1]<UL><LI> startup_stm32l4r5xx.o(RESET)
</UL>
<P><STRONG><a name="[43]"></a>DMA2_Channel3_IRQHandler</STRONG> (Thumb, 0 bytes, Stack size 0 bytes, startup_stm32l4r5xx.o(.text))
<BR>[Address Reference Count : 1]<UL><LI> startup_stm32l4r5xx.o(RESET)
</UL>
<P><STRONG><a name="[44]"></a>DMA2_Channel4_IRQHandler</STRONG> (Thumb, 0 bytes, Stack size 0 bytes, startup_stm32l4r5xx.o(.text))
<BR>[Address Reference Count : 1]<UL><LI> startup_stm32l4r5xx.o(RESET)
</UL>
<P><STRONG><a name="[45]"></a>DMA2_Channel5_IRQHandler</STRONG> (Thumb, 0 bytes, Stack size 0 bytes, startup_stm32l4r5xx.o(.text))
<BR>[Address Reference Count : 1]<UL><LI> startup_stm32l4r5xx.o(RESET)
</UL>
<P><STRONG><a name="[4d]"></a>DMA2_Channel6_IRQHandler</STRONG> (Thumb, 0 bytes, Stack size 0 bytes, startup_stm32l4r5xx.o(.text))
<BR>[Address Reference Count : 1]<UL><LI> startup_stm32l4r5xx.o(RESET)
</UL>
<P><STRONG><a name="[4e]"></a>DMA2_Channel7_IRQHandler</STRONG> (Thumb, 0 bytes, Stack size 0 bytes, startup_stm32l4r5xx.o(.text))
<BR>[Address Reference Count : 1]<UL><LI> startup_stm32l4r5xx.o(RESET)
</UL>
<P><STRONG><a name="[61]"></a>DMAMUX1_OVR_IRQHandler</STRONG> (Thumb, 0 bytes, Stack size 0 bytes, startup_stm32l4r5xx.o(.text))
<BR>[Address Reference Count : 1]<UL><LI> startup_stm32l4r5xx.o(RESET)
</UL>
<P><STRONG><a name="[10]"></a>EXTI0_IRQHandler</STRONG> (Thumb, 0 bytes, Stack size 0 bytes, startup_stm32l4r5xx.o(.text))
<BR>[Address Reference Count : 1]<UL><LI> startup_stm32l4r5xx.o(RESET)
</UL>
<P><STRONG><a name="[32]"></a>EXTI15_10_IRQHandler</STRONG> (Thumb, 0 bytes, Stack size 0 bytes, startup_stm32l4r5xx.o(.text))
<BR>[Address Reference Count : 1]<UL><LI> startup_stm32l4r5xx.o(RESET)
</UL>
<P><STRONG><a name="[11]"></a>EXTI1_IRQHandler</STRONG> (Thumb, 0 bytes, Stack size 0 bytes, startup_stm32l4r5xx.o(.text))
<BR>[Address Reference Count : 1]<UL><LI> startup_stm32l4r5xx.o(RESET)
</UL>
<P><STRONG><a name="[12]"></a>EXTI2_IRQHandler</STRONG> (Thumb, 0 bytes, Stack size 0 bytes, startup_stm32l4r5xx.o(.text))
<BR>[Address Reference Count : 1]<UL><LI> startup_stm32l4r5xx.o(RESET)
</UL>
<P><STRONG><a name="[13]"></a>EXTI3_IRQHandler</STRONG> (Thumb, 0 bytes, Stack size 0 bytes, startup_stm32l4r5xx.o(.text))
<BR>[Address Reference Count : 1]<UL><LI> startup_stm32l4r5xx.o(RESET)
</UL>
<P><STRONG><a name="[14]"></a>EXTI4_IRQHandler</STRONG> (Thumb, 0 bytes, Stack size 0 bytes, startup_stm32l4r5xx.o(.text))
<BR>[Address Reference Count : 1]<UL><LI> startup_stm32l4r5xx.o(RESET)
</UL>
<P><STRONG><a name="[21]"></a>EXTI9_5_IRQHandler</STRONG> (Thumb, 0 bytes, Stack size 0 bytes, startup_stm32l4r5xx.o(.text))
<BR>[Address Reference Count : 1]<UL><LI> startup_stm32l4r5xx.o(RESET)
</UL>
<P><STRONG><a name="[e]"></a>FLASH_IRQHandler</STRONG> (Thumb, 0 bytes, Stack size 0 bytes, startup_stm32l4r5xx.o(.text))
<BR>[Address Reference Count : 1]<UL><LI> startup_stm32l4r5xx.o(RESET)
</UL>
<P><STRONG><a name="[39]"></a>FMC_IRQHandler</STRONG> (Thumb, 0 bytes, Stack size 0 bytes, startup_stm32l4r5xx.o(.text))
<BR>[Address Reference Count : 1]<UL><LI> startup_stm32l4r5xx.o(RESET)
</UL>
<P><STRONG><a name="[58]"></a>FPU_IRQHandler</STRONG> (Thumb, 0 bytes, Stack size 0 bytes, startup_stm32l4r5xx.o(.text))
<BR>[Address Reference Count : 1]<UL><LI> startup_stm32l4r5xx.o(RESET)
</UL>
<P><STRONG><a name="[60]"></a>GFXMMU_IRQHandler</STRONG> (Thumb, 0 bytes, Stack size 0 bytes, startup_stm32l4r5xx.o(.text))
<BR>[Address Reference Count : 1]<UL><LI> startup_stm32l4r5xx.o(RESET)
</UL>
<P><STRONG><a name="[2a]"></a>I2C1_ER_IRQHandler</STRONG> (Thumb, 0 bytes, Stack size 0 bytes, startup_stm32l4r5xx.o(.text))
<BR>[Address Reference Count : 1]<UL><LI> startup_stm32l4r5xx.o(RESET)
</UL>
<P><STRONG><a name="[29]"></a>I2C1_EV_IRQHandler</STRONG> (Thumb, 0 bytes, Stack size 0 bytes, startup_stm32l4r5xx.o(.text))
<BR>[Address Reference Count : 1]<UL><LI> startup_stm32l4r5xx.o(RESET)
</UL>
<P><STRONG><a name="[2c]"></a>I2C2_ER_IRQHandler</STRONG> (Thumb, 0 bytes, Stack size 0 bytes, startup_stm32l4r5xx.o(.text))
<BR>[Address Reference Count : 1]<UL><LI> startup_stm32l4r5xx.o(RESET)
</UL>
<P><STRONG><a name="[2b]"></a>I2C2_EV_IRQHandler</STRONG> (Thumb, 0 bytes, Stack size 0 bytes, startup_stm32l4r5xx.o(.text))
<BR>[Address Reference Count : 1]<UL><LI> startup_stm32l4r5xx.o(RESET)
</UL>
<P><STRONG><a name="[52]"></a>I2C3_ER_IRQHandler</STRONG> (Thumb, 0 bytes, Stack size 0 bytes, startup_stm32l4r5xx.o(.text))
<BR>[Address Reference Count : 1]<UL><LI> startup_stm32l4r5xx.o(RESET)
</UL>
<P><STRONG><a name="[51]"></a>I2C3_EV_IRQHandler</STRONG> (Thumb, 0 bytes, Stack size 0 bytes, startup_stm32l4r5xx.o(.text))
<BR>[Address Reference Count : 1]<UL><LI> startup_stm32l4r5xx.o(RESET)
</UL>
<P><STRONG><a name="[5a]"></a>I2C4_ER_IRQHandler</STRONG> (Thumb, 0 bytes, Stack size 0 bytes, startup_stm32l4r5xx.o(.text))
<BR>[Address Reference Count : 1]<UL><LI> startup_stm32l4r5xx.o(RESET)
</UL>
<P><STRONG><a name="[5b]"></a>I2C4_EV_IRQHandler</STRONG> (Thumb, 0 bytes, Stack size 0 bytes, startup_stm32l4r5xx.o(.text))
<BR>[Address Reference Count : 1]<UL><LI> startup_stm32l4r5xx.o(RESET)
</UL>
<P><STRONG><a name="[4a]"></a>LPTIM1_IRQHandler</STRONG> (Thumb, 0 bytes, Stack size 0 bytes, startup_stm32l4r5xx.o(.text))
<BR>[Address Reference Count : 1]<UL><LI> startup_stm32l4r5xx.o(RESET)
</UL>
<P><STRONG><a name="[4b]"></a>LPTIM2_IRQHandler</STRONG> (Thumb, 0 bytes, Stack size 0 bytes, startup_stm32l4r5xx.o(.text))
<BR>[Address Reference Count : 1]<UL><LI> startup_stm32l4r5xx.o(RESET)
</UL>
<P><STRONG><a name="[4f]"></a>LPUART1_IRQHandler</STRONG> (Thumb, 0 bytes, Stack size 0 bytes, startup_stm32l4r5xx.o(.text))
<BR>[Address Reference Count : 1]<UL><LI> startup_stm32l4r5xx.o(RESET)
</UL>
<P><STRONG><a name="[5f]"></a>LTDC_ER_IRQHandler</STRONG> (Thumb, 0 bytes, Stack size 0 bytes, startup_stm32l4r5xx.o(.text))
<BR>[Address Reference Count : 1]<UL><LI> startup_stm32l4r5xx.o(RESET)
</UL>
<P><STRONG><a name="[5e]"></a>LTDC_IRQHandler</STRONG> (Thumb, 0 bytes, Stack size 0 bytes, startup_stm32l4r5xx.o(.text))
<BR>[Address Reference Count : 1]<UL><LI> startup_stm32l4r5xx.o(RESET)
</UL>
<P><STRONG><a name="[50]"></a>OCTOSPI1_IRQHandler</STRONG> (Thumb, 0 bytes, Stack size 0 bytes, startup_stm32l4r5xx.o(.text))
<BR>[Address Reference Count : 1]<UL><LI> startup_stm32l4r5xx.o(RESET)
</UL>
<P><STRONG><a name="[55]"></a>OCTOSPI2_IRQHandler</STRONG> (Thumb, 0 bytes, Stack size 0 bytes, startup_stm32l4r5xx.o(.text))
<BR>[Address Reference Count : 1]<UL><LI> startup_stm32l4r5xx.o(RESET)
</UL>
<P><STRONG><a name="[4c]"></a>OTG_FS_IRQHandler</STRONG> (Thumb, 0 bytes, Stack size 0 bytes, startup_stm32l4r5xx.o(.text))
<BR>[Address Reference Count : 1]<UL><LI> startup_stm32l4r5xx.o(RESET)
</UL>
<P><STRONG><a name="[b]"></a>PVD_PVM_IRQHandler</STRONG> (Thumb, 0 bytes, Stack size 0 bytes, startup_stm32l4r5xx.o(.text))
<BR>[Address Reference Count : 1]<UL><LI> startup_stm32l4r5xx.o(RESET)
</UL>
<P><STRONG><a name="[f]"></a>RCC_IRQHandler</STRONG> (Thumb, 0 bytes, Stack size 0 bytes, startup_stm32l4r5xx.o(.text))
<BR>[Address Reference Count : 1]<UL><LI> startup_stm32l4r5xx.o(RESET)
</UL>
<P><STRONG><a name="[57]"></a>RNG_IRQHandler</STRONG> (Thumb, 0 bytes, Stack size 0 bytes, startup_stm32l4r5xx.o(.text))
<BR>[Address Reference Count : 1]<UL><LI> startup_stm32l4r5xx.o(RESET)
</UL>
<P><STRONG><a name="[33]"></a>RTC_Alarm_IRQHandler</STRONG> (Thumb, 0 bytes, Stack size 0 bytes, startup_stm32l4r5xx.o(.text))
<BR>[Address Reference Count : 1]<UL><LI> startup_stm32l4r5xx.o(RESET)
</UL>
<P><STRONG><a name="[d]"></a>RTC_WKUP_IRQHandler</STRONG> (Thumb, 0 bytes, Stack size 0 bytes, startup_stm32l4r5xx.o(.text))
<BR>[Address Reference Count : 1]<UL><LI> startup_stm32l4r5xx.o(RESET)
</UL>
<P><STRONG><a name="[53]"></a>SAI1_IRQHandler</STRONG> (Thumb, 0 bytes, Stack size 0 bytes, startup_stm32l4r5xx.o(.text))
<BR>[Address Reference Count : 1]<UL><LI> startup_stm32l4r5xx.o(RESET)
</UL>
<P><STRONG><a name="[54]"></a>SAI2_IRQHandler</STRONG> (Thumb, 0 bytes, Stack size 0 bytes, startup_stm32l4r5xx.o(.text))
<BR>[Address Reference Count : 1]<UL><LI> startup_stm32l4r5xx.o(RESET)
</UL>
<P><STRONG><a name="[3a]"></a>SDMMC1_IRQHandler</STRONG> (Thumb, 0 bytes, Stack size 0 bytes, startup_stm32l4r5xx.o(.text))
<BR>[Address Reference Count : 1]<UL><LI> startup_stm32l4r5xx.o(RESET)
</UL>
<P><STRONG><a name="[2d]"></a>SPI1_IRQHandler</STRONG> (Thumb, 0 bytes, Stack size 0 bytes, startup_stm32l4r5xx.o(.text))
<BR>[Address Reference Count : 1]<UL><LI> startup_stm32l4r5xx.o(RESET)
</UL>
<P><STRONG><a name="[2e]"></a>SPI2_IRQHandler</STRONG> (Thumb, 0 bytes, Stack size 0 bytes, startup_stm32l4r5xx.o(.text))
<BR>[Address Reference Count : 1]<UL><LI> startup_stm32l4r5xx.o(RESET)
</UL>
<P><STRONG><a name="[3c]"></a>SPI3_IRQHandler</STRONG> (Thumb, 0 bytes, Stack size 0 bytes, startup_stm32l4r5xx.o(.text))
<BR>[Address Reference Count : 1]<UL><LI> startup_stm32l4r5xx.o(RESET)
</UL>
<P><STRONG><a name="[c]"></a>TAMP_STAMP_IRQHandler</STRONG> (Thumb, 0 bytes, Stack size 0 bytes, startup_stm32l4r5xx.o(.text))
<BR>[Address Reference Count : 1]<UL><LI> startup_stm32l4r5xx.o(RESET)
</UL>
<P><STRONG><a name="[22]"></a>TIM1_BRK_TIM15_IRQHandler</STRONG> (Thumb, 0 bytes, Stack size 0 bytes, startup_stm32l4r5xx.o(.text))
<BR>[Address Reference Count : 1]<UL><LI> startup_stm32l4r5xx.o(RESET)
</UL>
<P><STRONG><a name="[25]"></a>TIM1_CC_IRQHandler</STRONG> (Thumb, 0 bytes, Stack size 0 bytes, startup_stm32l4r5xx.o(.text))
<BR>[Address Reference Count : 1]<UL><LI> startup_stm32l4r5xx.o(RESET)
</UL>
<P><STRONG><a name="[24]"></a>TIM1_TRG_COM_TIM17_IRQHandler</STRONG> (Thumb, 0 bytes, Stack size 0 bytes, startup_stm32l4r5xx.o(.text))
<BR>[Address Reference Count : 1]<UL><LI> startup_stm32l4r5xx.o(RESET)
</UL>
<P><STRONG><a name="[23]"></a>TIM1_UP_TIM16_IRQHandler</STRONG> (Thumb, 0 bytes, Stack size 0 bytes, startup_stm32l4r5xx.o(.text))
<BR>[Address Reference Count : 1]<UL><LI> startup_stm32l4r5xx.o(RESET)
</UL>
<P><STRONG><a name="[26]"></a>TIM2_IRQHandler</STRONG> (Thumb, 0 bytes, Stack size 0 bytes, startup_stm32l4r5xx.o(.text))
<BR>[Address Reference Count : 1]<UL><LI> startup_stm32l4r5xx.o(RESET)
</UL>
<P><STRONG><a name="[27]"></a>TIM3_IRQHandler</STRONG> (Thumb, 0 bytes, Stack size 0 bytes, startup_stm32l4r5xx.o(.text))
<BR>[Address Reference Count : 1]<UL><LI> startup_stm32l4r5xx.o(RESET)
</UL>
<P><STRONG><a name="[28]"></a>TIM4_IRQHandler</STRONG> (Thumb, 0 bytes, Stack size 0 bytes, startup_stm32l4r5xx.o(.text))
<BR>[Address Reference Count : 1]<UL><LI> startup_stm32l4r5xx.o(RESET)
</UL>
<P><STRONG><a name="[3b]"></a>TIM5_IRQHandler</STRONG> (Thumb, 0 bytes, Stack size 0 bytes, startup_stm32l4r5xx.o(.text))
<BR>[Address Reference Count : 1]<UL><LI> startup_stm32l4r5xx.o(RESET)
</UL>
<P><STRONG><a name="[3f]"></a>TIM6_DAC_IRQHandler</STRONG> (Thumb, 0 bytes, Stack size 0 bytes, startup_stm32l4r5xx.o(.text))
<BR>[Address Reference Count : 1]<UL><LI> startup_stm32l4r5xx.o(RESET)
</UL>
<P><STRONG><a name="[40]"></a>TIM7_IRQHandler</STRONG> (Thumb, 0 bytes, Stack size 0 bytes, startup_stm32l4r5xx.o(.text))
<BR>[Address Reference Count : 1]<UL><LI> startup_stm32l4r5xx.o(RESET)
</UL>
<P><STRONG><a name="[35]"></a>TIM8_BRK_IRQHandler</STRONG> (Thumb, 0 bytes, Stack size 0 bytes, startup_stm32l4r5xx.o(.text))
<BR>[Address Reference Count : 1]<UL><LI> startup_stm32l4r5xx.o(RESET)
</UL>
<P><STRONG><a name="[38]"></a>TIM8_CC_IRQHandler</STRONG> (Thumb, 0 bytes, Stack size 0 bytes, startup_stm32l4r5xx.o(.text))
<BR>[Address Reference Count : 1]<UL><LI> startup_stm32l4r5xx.o(RESET)
</UL>
<P><STRONG><a name="[37]"></a>TIM8_TRG_COM_IRQHandler</STRONG> (Thumb, 0 bytes, Stack size 0 bytes, startup_stm32l4r5xx.o(.text))
<BR>[Address Reference Count : 1]<UL><LI> startup_stm32l4r5xx.o(RESET)
</UL>
<P><STRONG><a name="[36]"></a>TIM8_UP_IRQHandler</STRONG> (Thumb, 0 bytes, Stack size 0 bytes, startup_stm32l4r5xx.o(.text))
<BR>[Address Reference Count : 1]<UL><LI> startup_stm32l4r5xx.o(RESET)
</UL>
<P><STRONG><a name="[56]"></a>TSC_IRQHandler</STRONG> (Thumb, 0 bytes, Stack size 0 bytes, startup_stm32l4r5xx.o(.text))
<BR>[Address Reference Count : 1]<UL><LI> startup_stm32l4r5xx.o(RESET)
</UL>
<P><STRONG><a name="[3d]"></a>UART4_IRQHandler</STRONG> (Thumb, 0 bytes, Stack size 0 bytes, startup_stm32l4r5xx.o(.text))
<BR>[Address Reference Count : 1]<UL><LI> startup_stm32l4r5xx.o(RESET)
</UL>
<P><STRONG><a name="[3e]"></a>UART5_IRQHandler</STRONG> (Thumb, 0 bytes, Stack size 0 bytes, startup_stm32l4r5xx.o(.text))
<BR>[Address Reference Count : 1]<UL><LI> startup_stm32l4r5xx.o(RESET)
</UL>
<P><STRONG><a name="[2f]"></a>USART1_IRQHandler</STRONG> (Thumb, 0 bytes, Stack size 0 bytes, startup_stm32l4r5xx.o(.text))
<BR>[Address Reference Count : 1]<UL><LI> startup_stm32l4r5xx.o(RESET)
</UL>
<P><STRONG><a name="[30]"></a>USART2_IRQHandler</STRONG> (Thumb, 0 bytes, Stack size 0 bytes, startup_stm32l4r5xx.o(.text))
<BR>[Address Reference Count : 1]<UL><LI> startup_stm32l4r5xx.o(RESET)
</UL>
<P><STRONG><a name="[31]"></a>USART3_IRQHandler</STRONG> (Thumb, 0 bytes, Stack size 0 bytes, startup_stm32l4r5xx.o(.text))
<BR>[Address Reference Count : 1]<UL><LI> startup_stm32l4r5xx.o(RESET)
</UL>
<P><STRONG><a name="[a]"></a>WWDG_IRQHandler</STRONG> (Thumb, 0 bytes, Stack size 0 bytes, startup_stm32l4r5xx.o(.text))
<BR>[Address Reference Count : 1]<UL><LI> startup_stm32l4r5xx.o(RESET)
</UL>
<P><STRONG><a name="[da]"></a>__aeabi_lasr</STRONG> (Thumb, 36 bytes, Stack size 0 bytes, llsshr.o(.text))
<BR><BR>[Called By]<UL><LI><a href="#[c9]">&gt;&gt;</a>&nbsp;&nbsp;&nbsp;local_convolve_HWC_q15_nonsquare
</UL>

<P><STRONG><a name="[102]"></a>_ll_sshift_r</STRONG> (Thumb, 0 bytes, Stack size 0 bytes, llsshr.o(.text), UNUSED)

<P><STRONG><a name="[b0]"></a>__aeabi_memcpy</STRONG> (Thumb, 64 bytes, Stack size 8 bytes, memmovea.o(.text))
<BR><BR>[Stack]<UL><LI>Max Depth = 8<LI>Call Chain = __aeabi_memcpy
</UL>
<BR>[Called By]<UL><LI><a href="#[62]">&gt;&gt;</a>&nbsp;&nbsp;&nbsp;main
<LI><a href="#[c3]">&gt;&gt;</a>&nbsp;&nbsp;&nbsp;tensor_cpy_attr
<LI><a href="#[af]">&gt;&gt;</a>&nbsp;&nbsp;&nbsp;OUTLINED_FUNCTION_0
<LI><a href="#[7c]">&gt;&gt;</a>&nbsp;&nbsp;&nbsp;output_run
<LI><a href="#[72]">&gt;&gt;</a>&nbsp;&nbsp;&nbsp;input_run
</UL>

<P><STRONG><a name="[f8]"></a>__aeabi_memcpy4</STRONG> (Thumb, 0 bytes, Stack size 8 bytes, memmovea.o(.text))
<BR><BR>[Stack]<UL><LI>Max Depth = 8<LI>Call Chain = __aeabi_memcpy4
</UL>
<BR>[Called By]<UL><LI><a href="#[d0]">&gt;&gt;</a>&nbsp;&nbsp;&nbsp;tensor_set_attr
<LI><a href="#[c3]">&gt;&gt;</a>&nbsp;&nbsp;&nbsp;tensor_cpy_attr
</UL>

<P><STRONG><a name="[103]"></a>__aeabi_memcpy8</STRONG> (Thumb, 0 bytes, Stack size 8 bytes, memmovea.o(.text), UNUSED)

<P><STRONG><a name="[104]"></a>__aeabi_memmove</STRONG> (Thumb, 0 bytes, Stack size 8 bytes, memmovea.o(.text), UNUSED)

<P><STRONG><a name="[105]"></a>__aeabi_memmove4</STRONG> (Thumb, 0 bytes, Stack size 8 bytes, memmovea.o(.text), UNUSED)

<P><STRONG><a name="[106]"></a>__aeabi_memmove8</STRONG> (Thumb, 0 bytes, Stack size 8 bytes, memmovea.o(.text), UNUSED)

<P><STRONG><a name="[81]"></a>__aeabi_memset</STRONG> (Thumb, 14 bytes, Stack size 0 bytes, memseta.o(.text))
<BR><BR>[Called By]<UL><LI><a href="#[82]">&gt;&gt;</a>&nbsp;&nbsp;&nbsp;_memset$wrapper
<LI><a href="#[80]">&gt;&gt;</a>&nbsp;&nbsp;&nbsp;__aeabi_memclr
</UL>

<P><STRONG><a name="[107]"></a>__aeabi_memset4</STRONG> (Thumb, 0 bytes, Stack size 0 bytes, memseta.o(.text), UNUSED)

<P><STRONG><a name="[108]"></a>__aeabi_memset8</STRONG> (Thumb, 0 bytes, Stack size 0 bytes, memseta.o(.text), UNUSED)

<P><STRONG><a name="[80]"></a>__aeabi_memclr</STRONG> (Thumb, 4 bytes, Stack size 0 bytes, memseta.o(.text))
<BR><BR>[Calls]<UL><LI><a href="#[81]">&gt;&gt;</a>&nbsp;&nbsp;&nbsp;__aeabi_memset
</UL>
<BR>[Called By]<UL><LI><a href="#[85]">&gt;&gt;</a>&nbsp;&nbsp;&nbsp;nnom_mem
</UL>

<P><STRONG><a name="[bb]"></a>__aeabi_memclr4</STRONG> (Thumb, 0 bytes, Stack size 0 bytes, memseta.o(.text))
<BR><BR>[Called By]<UL><LI><a href="#[e4]">&gt;&gt;</a>&nbsp;&nbsp;&nbsp;new_model
<LI><a href="#[e9]">&gt;&gt;</a>&nbsp;&nbsp;&nbsp;model_delete
<LI><a href="#[ba]">&gt;&gt;</a>&nbsp;&nbsp;&nbsp;SystemClock_MHz
</UL>

<P><STRONG><a name="[109]"></a>__aeabi_memclr8</STRONG> (Thumb, 0 bytes, Stack size 0 bytes, memseta.o(.text), UNUSED)

<P><STRONG><a name="[82]"></a>_memset$wrapper</STRONG> (Thumb, 18 bytes, Stack size 8 bytes, memseta.o(.text), UNUSED)
<BR><BR>[Calls]<UL><LI><a href="#[81]">&gt;&gt;</a>&nbsp;&nbsp;&nbsp;__aeabi_memset
</UL>

<P><STRONG><a name="[10a]"></a>__aeabi_uidiv</STRONG> (Thumb, 0 bytes, Stack size 12 bytes, uidiv.o(.text), UNUSED)

<P><STRONG><a name="[fb]"></a>__aeabi_uidivmod</STRONG> (Thumb, 44 bytes, Stack size 12 bytes, uidiv.o(.text), UNUSED)
<BR><BR>[Called By]<UL><LI><a href="#[fa]">&gt;&gt;</a>&nbsp;&nbsp;&nbsp;_printf_core
</UL>

<P><STRONG><a name="[7f]"></a>__scatterload</STRONG> (Thumb, 28 bytes, Stack size 0 bytes, init.o(.text))
<BR><BR>[Calls]<UL><LI><a href="#[83]">&gt;&gt;</a>&nbsp;&nbsp;&nbsp;__main_after_scatterload
</UL>
<BR>[Called By]<UL><LI><a href="#[7e]">&gt;&gt;</a>&nbsp;&nbsp;&nbsp;_main_scatterload
</UL>

<P><STRONG><a name="[10b]"></a>__scatterload_rt2</STRONG> (Thumb, 0 bytes, Stack size 0 bytes, init.o(.text), UNUSED)

<P><STRONG><a name="[4]"></a>BusFault_Handler</STRONG> (Thumb, 2 bytes, Stack size 0 bytes, stm32l4xx_it.o(.text.BusFault_Handler))
<BR><BR>[Calls]<UL><LI><a href="#[4]">&gt;&gt;</a>&nbsp;&nbsp;&nbsp;BusFault_Handler
</UL>
<BR>[Called By]<UL><LI><a href="#[4]">&gt;&gt;</a>&nbsp;&nbsp;&nbsp;BusFault_Handler
</UL>
<BR>[Address Reference Count : 1]<UL><LI> startup_stm32l4r5xx.o(RESET)
</UL>
<P><STRONG><a name="[7]"></a>DebugMon_Handler</STRONG> (Thumb, 2 bytes, Stack size 0 bytes, stm32l4xx_it.o(.text.DebugMon_Handler))
<BR>[Address Reference Count : 1]<UL><LI> startup_stm32l4r5xx.o(RESET)
</UL>
<P><STRONG><a name="[84]"></a>Flatten</STRONG> (Thumb, 64 bytes, Stack size 8 bytes, nnom_flatten.o(.text.Flatten))
<BR><BR>[Stack]<UL><LI>Max Depth = 44<LI>Call Chain = Flatten &rArr; nnom_mem &rArr; malloc
</UL>
<BR>[Calls]<UL><LI><a href="#[86]">&gt;&gt;</a>&nbsp;&nbsp;&nbsp;io_init
<LI><a href="#[85]">&gt;&gt;</a>&nbsp;&nbsp;&nbsp;nnom_mem
</UL>
<BR>[Called By]<UL><LI><a href="#[d4]">&gt;&gt;</a>&nbsp;&nbsp;&nbsp;flatten_s
</UL>

<P><STRONG><a name="[87]"></a>HAL_Delay</STRONG> (Thumb, 32 bytes, Stack size 16 bytes, stm32l4xx_hal.o(.text.HAL_Delay))
<BR><BR>[Stack]<UL><LI>Max Depth = 16<LI>Call Chain = HAL_Delay
</UL>
<BR>[Calls]<UL><LI><a href="#[88]">&gt;&gt;</a>&nbsp;&nbsp;&nbsp;HAL_GetTick
</UL>
<BR>[Called By]<UL><LI><a href="#[62]">&gt;&gt;</a>&nbsp;&nbsp;&nbsp;main
</UL>

<P><STRONG><a name="[de]"></a>HAL_GPIO_Init</STRONG> (Thumb, 340 bytes, Stack size 40 bytes, stm32l4xx_hal_gpio.o(.text.HAL_GPIO_Init))
<BR><BR>[Stack]<UL><LI>Max Depth = 40<LI>Call Chain = HAL_GPIO_Init
</UL>
<BR>[Called By]<UL><LI><a href="#[62]">&gt;&gt;</a>&nbsp;&nbsp;&nbsp;main
</UL>

<P><STRONG><a name="[e0]"></a>HAL_GPIO_TogglePin</STRONG> (Thumb, 14 bytes, Stack size 0 bytes, stm32l4xx_hal_gpio.o(.text.HAL_GPIO_TogglePin))
<BR><BR>[Called By]<UL><LI><a href="#[62]">&gt;&gt;</a>&nbsp;&nbsp;&nbsp;main
</UL>

<P><STRONG><a name="[dd]"></a>HAL_GPIO_WritePin</STRONG> (Thumb, 12 bytes, Stack size 0 bytes, stm32l4xx_hal_gpio.o(.text.HAL_GPIO_WritePin))
<BR><BR>[Called By]<UL><LI><a href="#[62]">&gt;&gt;</a>&nbsp;&nbsp;&nbsp;main
</UL>

<P><STRONG><a name="[88]"></a>HAL_GetTick</STRONG> (Thumb, 8 bytes, Stack size 0 bytes, stm32l4xx_hal.o(.text.HAL_GetTick))
<BR><BR>[Called By]<UL><LI><a href="#[98]">&gt;&gt;</a>&nbsp;&nbsp;&nbsp;HAL_RCC_OscConfig
<LI><a href="#[97]">&gt;&gt;</a>&nbsp;&nbsp;&nbsp;HAL_RCC_DeInit
<LI><a href="#[93]">&gt;&gt;</a>&nbsp;&nbsp;&nbsp;HAL_RCC_ClockConfig
<LI><a href="#[87]">&gt;&gt;</a>&nbsp;&nbsp;&nbsp;HAL_Delay
<LI><a href="#[95]">&gt;&gt;</a>&nbsp;&nbsp;&nbsp;OUTLINED_FUNCTION_2
</UL>

<P><STRONG><a name="[b9]"></a>HAL_IncTick</STRONG> (Thumb, 16 bytes, Stack size 0 bytes, stm32l4xx_hal.o(.text.HAL_IncTick))
<BR><BR>[Called By]<UL><LI><a href="#[9]">&gt;&gt;</a>&nbsp;&nbsp;&nbsp;SysTick_Handler
</UL>

<P><STRONG><a name="[89]"></a>HAL_Init</STRONG> (Thumb, 28 bytes, Stack size 8 bytes, stm32l4xx_hal.o(.text.HAL_Init))
<BR><BR>[Stack]<UL><LI>Max Depth = 48<LI>Call Chain = HAL_Init &rArr; HAL_InitTick &rArr; HAL_NVIC_SetPriority &rArr; __NVIC_SetPriority
</UL>
<BR>[Calls]<UL><LI><a href="#[8a]">&gt;&gt;</a>&nbsp;&nbsp;&nbsp;HAL_NVIC_SetPriorityGrouping
<LI><a href="#[8b]">&gt;&gt;</a>&nbsp;&nbsp;&nbsp;HAL_InitTick
<LI><a href="#[8c]">&gt;&gt;</a>&nbsp;&nbsp;&nbsp;HAL_MspInit
</UL>
<BR>[Called By]<UL><LI><a href="#[62]">&gt;&gt;</a>&nbsp;&nbsp;&nbsp;main
</UL>

<P><STRONG><a name="[8b]"></a>HAL_InitTick</STRONG> (Thumb, 64 bytes, Stack size 16 bytes, stm32l4xx_hal.o(.text.HAL_InitTick))
<BR><BR>[Stack]<UL><LI>Max Depth = 40<LI>Call Chain = HAL_InitTick &rArr; HAL_NVIC_SetPriority &rArr; __NVIC_SetPriority
</UL>
<BR>[Calls]<UL><LI><a href="#[8d]">&gt;&gt;</a>&nbsp;&nbsp;&nbsp;HAL_SYSTICK_Config
<LI><a href="#[8e]">&gt;&gt;</a>&nbsp;&nbsp;&nbsp;HAL_NVIC_SetPriority
</UL>
<BR>[Called By]<UL><LI><a href="#[98]">&gt;&gt;</a>&nbsp;&nbsp;&nbsp;HAL_RCC_OscConfig
<LI><a href="#[97]">&gt;&gt;</a>&nbsp;&nbsp;&nbsp;HAL_RCC_DeInit
<LI><a href="#[93]">&gt;&gt;</a>&nbsp;&nbsp;&nbsp;HAL_RCC_ClockConfig
<LI><a href="#[89]">&gt;&gt;</a>&nbsp;&nbsp;&nbsp;HAL_Init
</UL>

<P><STRONG><a name="[8c]"></a>HAL_MspInit</STRONG> (Thumb, 44 bytes, Stack size 8 bytes, stm32l4xx_hal_msp.o(.text.HAL_MspInit))
<BR><BR>[Stack]<UL><LI>Max Depth = 8<LI>Call Chain = HAL_MspInit
</UL>
<BR>[Called By]<UL><LI><a href="#[89]">&gt;&gt;</a>&nbsp;&nbsp;&nbsp;HAL_Init
</UL>

<P><STRONG><a name="[8e]"></a>HAL_NVIC_SetPriority</STRONG> (Thumb, 56 bytes, Stack size 16 bytes, stm32l4xx_hal_cortex.o(.text.HAL_NVIC_SetPriority))
<BR><BR>[Stack]<UL><LI>Max Depth = 24<LI>Call Chain = HAL_NVIC_SetPriority &rArr; __NVIC_SetPriority
</UL>
<BR>[Calls]<UL><LI><a href="#[8f]">&gt;&gt;</a>&nbsp;&nbsp;&nbsp;__NVIC_SetPriority
</UL>
<BR>[Called By]<UL><LI><a href="#[8b]">&gt;&gt;</a>&nbsp;&nbsp;&nbsp;HAL_InitTick
</UL>

<P><STRONG><a name="[8a]"></a>HAL_NVIC_SetPriorityGrouping</STRONG> (Thumb, 24 bytes, Stack size 0 bytes, stm32l4xx_hal_cortex.o(.text.HAL_NVIC_SetPriorityGrouping))
<BR><BR>[Called By]<UL><LI><a href="#[89]">&gt;&gt;</a>&nbsp;&nbsp;&nbsp;HAL_Init
</UL>

<P><STRONG><a name="[92]"></a>HAL_PWREx_DisableLowPowerRunMode</STRONG> (Thumb, 56 bytes, Stack size 0 bytes, stm32l4xx_hal_pwr_ex.o(.text.HAL_PWREx_DisableLowPowerRunMode))
<BR><BR>[Called By]<UL><LI><a href="#[90]">&gt;&gt;</a>&nbsp;&nbsp;&nbsp;HAL_PWR_EnterSLEEPMode
</UL>

<P><STRONG><a name="[91]"></a>HAL_PWREx_EnableLowPowerRunMode</STRONG> (Thumb, 12 bytes, Stack size 0 bytes, stm32l4xx_hal_pwr_ex.o(.text.HAL_PWREx_EnableLowPowerRunMode))
<BR><BR>[Called By]<UL><LI><a href="#[90]">&gt;&gt;</a>&nbsp;&nbsp;&nbsp;HAL_PWR_EnterSLEEPMode
</UL>

<P><STRONG><a name="[b8]"></a>HAL_PWREx_GetVoltageRange</STRONG> (Thumb, 32 bytes, Stack size 0 bytes, stm32l4xx_hal_pwr_ex.o(.text.HAL_PWREx_GetVoltageRange))
<BR><BR>[Called By]<UL><LI><a href="#[9a]">&gt;&gt;</a>&nbsp;&nbsp;&nbsp;RCC_SetFlashLatencyFromMSIRange
</UL>

<P><STRONG><a name="[90]"></a>HAL_PWR_EnterSLEEPMode</STRONG> (Thumb, 60 bytes, Stack size 8 bytes, stm32l4xx_hal_pwr.o(.text.HAL_PWR_EnterSLEEPMode))
<BR><BR>[Stack]<UL><LI>Max Depth = 8<LI>Call Chain = HAL_PWR_EnterSLEEPMode
</UL>
<BR>[Calls]<UL><LI><a href="#[91]">&gt;&gt;</a>&nbsp;&nbsp;&nbsp;HAL_PWREx_EnableLowPowerRunMode
<LI><a href="#[92]">&gt;&gt;</a>&nbsp;&nbsp;&nbsp;HAL_PWREx_DisableLowPowerRunMode
</UL>
<BR>[Called By]<UL><LI><a href="#[62]">&gt;&gt;</a>&nbsp;&nbsp;&nbsp;main
</UL>

<P><STRONG><a name="[93]"></a>HAL_RCC_ClockConfig</STRONG> (Thumb, 484 bytes, Stack size 32 bytes, stm32l4xx_hal_rcc.o(.text.HAL_RCC_ClockConfig))
<BR><BR>[Stack]<UL><LI>Max Depth = 72<LI>Call Chain = HAL_RCC_ClockConfig &rArr; HAL_InitTick &rArr; HAL_NVIC_SetPriority &rArr; __NVIC_SetPriority
</UL>
<BR>[Calls]<UL><LI><a href="#[8b]">&gt;&gt;</a>&nbsp;&nbsp;&nbsp;HAL_InitTick
<LI><a href="#[88]">&gt;&gt;</a>&nbsp;&nbsp;&nbsp;HAL_GetTick
<LI><a href="#[94]">&gt;&gt;</a>&nbsp;&nbsp;&nbsp;HAL_RCC_GetSysClockFreq
<LI><a href="#[96]">&gt;&gt;</a>&nbsp;&nbsp;&nbsp;OUTLINED_FUNCTION_4
<LI><a href="#[95]">&gt;&gt;</a>&nbsp;&nbsp;&nbsp;OUTLINED_FUNCTION_2
</UL>
<BR>[Called By]<UL><LI><a href="#[ba]">&gt;&gt;</a>&nbsp;&nbsp;&nbsp;SystemClock_MHz
</UL>

<P><STRONG><a name="[97]"></a>HAL_RCC_DeInit</STRONG> (Thumb, 200 bytes, Stack size 16 bytes, stm32l4xx_hal_rcc.o(.text.HAL_RCC_DeInit))
<BR><BR>[Stack]<UL><LI>Max Depth = 56<LI>Call Chain = HAL_RCC_DeInit &rArr; HAL_InitTick &rArr; HAL_NVIC_SetPriority &rArr; __NVIC_SetPriority
</UL>
<BR>[Calls]<UL><LI><a href="#[8b]">&gt;&gt;</a>&nbsp;&nbsp;&nbsp;HAL_InitTick
<LI><a href="#[88]">&gt;&gt;</a>&nbsp;&nbsp;&nbsp;HAL_GetTick
</UL>
<BR>[Called By]<UL><LI><a href="#[ba]">&gt;&gt;</a>&nbsp;&nbsp;&nbsp;SystemClock_MHz
</UL>

<P><STRONG><a name="[94]"></a>HAL_RCC_GetSysClockFreq</STRONG> (Thumb, 144 bytes, Stack size 8 bytes, stm32l4xx_hal_rcc.o(.text.HAL_RCC_GetSysClockFreq))
<BR><BR>[Stack]<UL><LI>Max Depth = 8<LI>Call Chain = HAL_RCC_GetSysClockFreq
</UL>
<BR>[Called By]<UL><LI><a href="#[98]">&gt;&gt;</a>&nbsp;&nbsp;&nbsp;HAL_RCC_OscConfig
<LI><a href="#[93]">&gt;&gt;</a>&nbsp;&nbsp;&nbsp;HAL_RCC_ClockConfig
</UL>

<P><STRONG><a name="[98]"></a>HAL_RCC_OscConfig</STRONG> (Thumb, 1256 bytes, Stack size 32 bytes, stm32l4xx_hal_rcc.o(.text.HAL_RCC_OscConfig))
<BR><BR>[Stack]<UL><LI>Max Depth = 72<LI>Call Chain = HAL_RCC_OscConfig &rArr; HAL_InitTick &rArr; HAL_NVIC_SetPriority &rArr; __NVIC_SetPriority
</UL>
<BR>[Calls]<UL><LI><a href="#[8b]">&gt;&gt;</a>&nbsp;&nbsp;&nbsp;HAL_InitTick
<LI><a href="#[88]">&gt;&gt;</a>&nbsp;&nbsp;&nbsp;HAL_GetTick
<LI><a href="#[94]">&gt;&gt;</a>&nbsp;&nbsp;&nbsp;HAL_RCC_GetSysClockFreq
<LI><a href="#[9a]">&gt;&gt;</a>&nbsp;&nbsp;&nbsp;RCC_SetFlashLatencyFromMSIRange
<LI><a href="#[96]">&gt;&gt;</a>&nbsp;&nbsp;&nbsp;OUTLINED_FUNCTION_4
<LI><a href="#[95]">&gt;&gt;</a>&nbsp;&nbsp;&nbsp;OUTLINED_FUNCTION_2
<LI><a href="#[99]">&gt;&gt;</a>&nbsp;&nbsp;&nbsp;OUTLINED_FUNCTION_1
<LI><a href="#[9b]">&gt;&gt;</a>&nbsp;&nbsp;&nbsp;OUTLINED_FUNCTION_0
</UL>
<BR>[Called By]<UL><LI><a href="#[ba]">&gt;&gt;</a>&nbsp;&nbsp;&nbsp;SystemClock_MHz
</UL>

<P><STRONG><a name="[9c]"></a>HAL_ResumeTick</STRONG> (Thumb, 8 bytes, Stack size 0 bytes, stm32l4xx_hal.o(.text.HAL_ResumeTick))
<BR><BR>[Calls]<UL><LI><a href="#[9d]">&gt;&gt;</a>&nbsp;&nbsp;&nbsp;OUTLINED_FUNCTION_0
</UL>
<BR>[Called By]<UL><LI><a href="#[62]">&gt;&gt;</a>&nbsp;&nbsp;&nbsp;main
</UL>

<P><STRONG><a name="[8d]"></a>HAL_SYSTICK_Config</STRONG> (Thumb, 32 bytes, Stack size 0 bytes, stm32l4xx_hal_cortex.o(.text.HAL_SYSTICK_Config))
<BR><BR>[Called By]<UL><LI><a href="#[8b]">&gt;&gt;</a>&nbsp;&nbsp;&nbsp;HAL_InitTick
</UL>

<P><STRONG><a name="[9e]"></a>HAL_SuspendTick</STRONG> (Thumb, 8 bytes, Stack size 0 bytes, stm32l4xx_hal.o(.text.HAL_SuspendTick))
<BR><BR>[Calls]<UL><LI><a href="#[9f]">&gt;&gt;</a>&nbsp;&nbsp;&nbsp;OUTLINED_FUNCTION_2
</UL>
<BR>[Called By]<UL><LI><a href="#[62]">&gt;&gt;</a>&nbsp;&nbsp;&nbsp;main
</UL>

<P><STRONG><a name="[df]"></a>HAL_TIMEx_MasterConfigSynchronization</STRONG> (Thumb, 80 bytes, Stack size 16 bytes, stm32l4xx_hal_tim_ex.o(.text.HAL_TIMEx_MasterConfigSynchronization))
<BR><BR>[Stack]<UL><LI>Max Depth = 16<LI>Call Chain = HAL_TIMEx_MasterConfigSynchronization
</UL>
<BR>[Called By]<UL><LI><a href="#[62]">&gt;&gt;</a>&nbsp;&nbsp;&nbsp;main
</UL>

<P><STRONG><a name="[a0]"></a>HAL_TIM_Base_Init</STRONG> (Thumb, 32 bytes, Stack size 8 bytes, stm32l4xx_hal_tim.o(.text.HAL_TIM_Base_Init))
<BR><BR>[Stack]<UL><LI>Max Depth = 24<LI>Call Chain = HAL_TIM_Base_Init &rArr; OUTLINED_FUNCTION_9 &rArr; TIM_Base_SetConfig
</UL>
<BR>[Calls]<UL><LI><a href="#[a4]">&gt;&gt;</a>&nbsp;&nbsp;&nbsp;OUTLINED_FUNCTION_9
<LI><a href="#[a5]">&gt;&gt;</a>&nbsp;&nbsp;&nbsp;OUTLINED_FUNCTION_5
<LI><a href="#[a1]">&gt;&gt;</a>&nbsp;&nbsp;&nbsp;OUTLINED_FUNCTION_45
<LI><a href="#[a2]">&gt;&gt;</a>&nbsp;&nbsp;&nbsp;OUTLINED_FUNCTION_21
<LI><a href="#[a3]">&gt;&gt;</a>&nbsp;&nbsp;&nbsp;HAL_TIM_Base_MspInit
</UL>
<BR>[Called By]<UL><LI><a href="#[62]">&gt;&gt;</a>&nbsp;&nbsp;&nbsp;main
</UL>

<P><STRONG><a name="[a3]"></a>HAL_TIM_Base_MspInit</STRONG> (Thumb, 36 bytes, Stack size 4 bytes, stm32l4xx_hal_msp.o(.text.HAL_TIM_Base_MspInit))
<BR><BR>[Stack]<UL><LI>Max Depth = 4<LI>Call Chain = HAL_TIM_Base_MspInit
</UL>
<BR>[Called By]<UL><LI><a href="#[a0]">&gt;&gt;</a>&nbsp;&nbsp;&nbsp;HAL_TIM_Base_Init
</UL>

<P><STRONG><a name="[a6]"></a>HAL_TIM_Base_Start</STRONG> (Thumb, 36 bytes, Stack size 0 bytes, stm32l4xx_hal_tim.o(.text.HAL_TIM_Base_Start))
<BR><BR>[Calls]<UL><LI><a href="#[a7]">&gt;&gt;</a>&nbsp;&nbsp;&nbsp;OUTLINED_FUNCTION_52
</UL>
<BR>[Called By]<UL><LI><a href="#[62]">&gt;&gt;</a>&nbsp;&nbsp;&nbsp;main
</UL>

<P><STRONG><a name="[a8]"></a>HAL_TIM_ConfigClockSource</STRONG> (Thumb, 176 bytes, Stack size 16 bytes, stm32l4xx_hal_tim.o(.text.HAL_TIM_ConfigClockSource))
<BR><BR>[Stack]<UL><LI>Max Depth = 24<LI>Call Chain = HAL_TIM_ConfigClockSource &rArr; OUTLINED_FUNCTION_55 &rArr; TIM_TI1_ConfigInputStage
</UL>
<BR>[Calls]<UL><LI><a href="#[ad]">&gt;&gt;</a>&nbsp;&nbsp;&nbsp;TIM_TI2_ConfigInputStage
<LI><a href="#[ac]">&gt;&gt;</a>&nbsp;&nbsp;&nbsp;OUTLINED_FUNCTION_55
<LI><a href="#[a9]">&gt;&gt;</a>&nbsp;&nbsp;&nbsp;OUTLINED_FUNCTION_39
<LI><a href="#[aa]">&gt;&gt;</a>&nbsp;&nbsp;&nbsp;OUTLINED_FUNCTION_36
<LI><a href="#[ab]">&gt;&gt;</a>&nbsp;&nbsp;&nbsp;OUTLINED_FUNCTION_19
</UL>
<BR>[Called By]<UL><LI><a href="#[62]">&gt;&gt;</a>&nbsp;&nbsp;&nbsp;main
</UL>

<P><STRONG><a name="[2]"></a>HardFault_Handler</STRONG> (Thumb, 2 bytes, Stack size 0 bytes, stm32l4xx_it.o(.text.HardFault_Handler))
<BR><BR>[Calls]<UL><LI><a href="#[2]">&gt;&gt;</a>&nbsp;&nbsp;&nbsp;HardFault_Handler
</UL>
<BR>[Called By]<UL><LI><a href="#[2]">&gt;&gt;</a>&nbsp;&nbsp;&nbsp;HardFault_Handler
</UL>
<BR>[Address Reference Count : 1]<UL><LI> startup_stm32l4r5xx.o(RESET)
</UL>
<P><STRONG><a name="[ae]"></a>MaxPool</STRONG> (Thumb, 156 bytes, Stack size 32 bytes, nnom_maxpool.o(.text.MaxPool))
<BR><BR>[Stack]<UL><LI>Max Depth = 68<LI>Call Chain = MaxPool &rArr; nnom_mem &rArr; malloc
</UL>
<BR>[Calls]<UL><LI><a href="#[86]">&gt;&gt;</a>&nbsp;&nbsp;&nbsp;io_init
<LI><a href="#[85]">&gt;&gt;</a>&nbsp;&nbsp;&nbsp;nnom_mem
</UL>
<BR>[Called By]<UL><LI><a href="#[75]">&gt;&gt;</a>&nbsp;&nbsp;&nbsp;maxpool_s
</UL>

<P><STRONG><a name="[3]"></a>MemManage_Handler</STRONG> (Thumb, 2 bytes, Stack size 0 bytes, stm32l4xx_it.o(.text.MemManage_Handler))
<BR><BR>[Calls]<UL><LI><a href="#[3]">&gt;&gt;</a>&nbsp;&nbsp;&nbsp;MemManage_Handler
</UL>
<BR>[Called By]<UL><LI><a href="#[3]">&gt;&gt;</a>&nbsp;&nbsp;&nbsp;MemManage_Handler
</UL>
<BR>[Address Reference Count : 1]<UL><LI> startup_stm32l4r5xx.o(RESET)
</UL>
<P><STRONG><a name="[1]"></a>NMI_Handler</STRONG> (Thumb, 2 bytes, Stack size 0 bytes, stm32l4xx_it.o(.text.NMI_Handler))
<BR>[Address Reference Count : 1]<UL><LI> startup_stm32l4r5xx.o(RESET)
</UL>
<P><STRONG><a name="[8]"></a>PendSV_Handler</STRONG> (Thumb, 2 bytes, Stack size 0 bytes, stm32l4xx_it.o(.text.PendSV_Handler))
<BR>[Address Reference Count : 1]<UL><LI> startup_stm32l4r5xx.o(RESET)
</UL>
<P><STRONG><a name="[6]"></a>SVC_Handler</STRONG> (Thumb, 2 bytes, Stack size 0 bytes, stm32l4xx_it.o(.text.SVC_Handler))
<BR>[Address Reference Count : 1]<UL><LI> startup_stm32l4r5xx.o(RESET)
</UL>
<P><STRONG><a name="[9]"></a>SysTick_Handler</STRONG> (Thumb, 4 bytes, Stack size 0 bytes, stm32l4xx_it.o(.text.SysTick_Handler))
<BR><BR>[Calls]<UL><LI><a href="#[b9]">&gt;&gt;</a>&nbsp;&nbsp;&nbsp;HAL_IncTick
</UL>
<BR>[Address Reference Count : 1]<UL><LI> startup_stm32l4r5xx.o(RESET)
</UL>
<P><STRONG><a name="[ba]"></a>SystemClock_MHz</STRONG> (Thumb, 112 bytes, Stack size 112 bytes, main.o(.text.SystemClock_MHz))
<BR><BR>[Stack]<UL><LI>Max Depth = 184<LI>Call Chain = SystemClock_MHz &rArr; HAL_RCC_OscConfig &rArr; HAL_InitTick &rArr; HAL_NVIC_SetPriority &rArr; __NVIC_SetPriority
</UL>
<BR>[Calls]<UL><LI><a href="#[98]">&gt;&gt;</a>&nbsp;&nbsp;&nbsp;HAL_RCC_OscConfig
<LI><a href="#[97]">&gt;&gt;</a>&nbsp;&nbsp;&nbsp;HAL_RCC_DeInit
<LI><a href="#[93]">&gt;&gt;</a>&nbsp;&nbsp;&nbsp;HAL_RCC_ClockConfig
<LI><a href="#[bb]">&gt;&gt;</a>&nbsp;&nbsp;&nbsp;__aeabi_memclr4
</UL>
<BR>[Called By]<UL><LI><a href="#[62]">&gt;&gt;</a>&nbsp;&nbsp;&nbsp;main
</UL>

<P><STRONG><a name="[63]"></a>SystemInit</STRONG> (Thumb, 64 bytes, Stack size 8 bytes, system_stm32l4xx.o(.text.SystemInit))
<BR><BR>[Stack]<UL><LI>Max Depth = 8<LI>Call Chain = SystemInit
</UL>
<BR>[Address Reference Count : 1]<UL><LI> startup_stm32l4r5xx.o(.text)
</UL>
<P><STRONG><a name="[b7]"></a>TIM_Base_SetConfig</STRONG> (Thumb, 168 bytes, Stack size 16 bytes, stm32l4xx_hal_tim.o(.text.TIM_Base_SetConfig))
<BR><BR>[Stack]<UL><LI>Max Depth = 16<LI>Call Chain = TIM_Base_SetConfig
</UL>
<BR>[Called By]<UL><LI><a href="#[a4]">&gt;&gt;</a>&nbsp;&nbsp;&nbsp;OUTLINED_FUNCTION_9
</UL>

<P><STRONG><a name="[5]"></a>UsageFault_Handler</STRONG> (Thumb, 2 bytes, Stack size 0 bytes, stm32l4xx_it.o(.text.UsageFault_Handler))
<BR><BR>[Calls]<UL><LI><a href="#[5]">&gt;&gt;</a>&nbsp;&nbsp;&nbsp;UsageFault_Handler
</UL>
<BR>[Called By]<UL><LI><a href="#[5]">&gt;&gt;</a>&nbsp;&nbsp;&nbsp;UsageFault_Handler
</UL>
<BR>[Address Reference Count : 1]<UL><LI> startup_stm32l4r5xx.o(RESET)
</UL>
<P><STRONG><a name="[c4]"></a>act_get_dec_bit</STRONG> (Thumb, 14 bytes, Stack size 0 bytes, nnom_activation.o(.text.act_get_dec_bit))
<BR><BR>[Called By]<UL><LI><a href="#[6f]">&gt;&gt;</a>&nbsp;&nbsp;&nbsp;dense_build
<LI><a href="#[6b]">&gt;&gt;</a>&nbsp;&nbsp;&nbsp;conv2d_build
<LI><a href="#[67]">&gt;&gt;</a>&nbsp;&nbsp;&nbsp;maxpool_build
<LI><a href="#[7b]">&gt;&gt;</a>&nbsp;&nbsp;&nbsp;default_build
</UL>

<P><STRONG><a name="[74]"></a>act_relu</STRONG> (Thumb, 20 bytes, Stack size 8 bytes, nnom_activation.o(.text.act_relu))
<BR><BR>[Stack]<UL><LI>Max Depth = 44<LI>Call Chain = act_relu &rArr; nnom_mem &rArr; malloc
</UL>
<BR>[Calls]<UL><LI><a href="#[85]">&gt;&gt;</a>&nbsp;&nbsp;&nbsp;nnom_mem
</UL>
<BR>[Address Reference Count : 1]<UL><LI> main.o(.text.main)
</UL>
<P><STRONG><a name="[ed]"></a>block_mem_set</STRONG> (Thumb, 30 bytes, Stack size 16 bytes, nnom.o(.text.block_mem_set))
<BR><BR>[Stack]<UL><LI>Max Depth = 16<LI>Call Chain = block_mem_set
</UL>
<BR>[Called By]<UL><LI><a href="#[e6]">&gt;&gt;</a>&nbsp;&nbsp;&nbsp;model_compile
</UL>

<P><STRONG><a name="[e3]"></a>check_model_version</STRONG> (Thumb, 12 bytes, Stack size 0 bytes, nnom.o(.text.check_model_version))
<BR><BR>[Called By]<UL><LI><a href="#[62]">&gt;&gt;</a>&nbsp;&nbsp;&nbsp;main
</UL>

<P><STRONG><a name="[bc]"></a>compile_layers</STRONG> (Thumb, 538 bytes, Stack size 40 bytes, nnom.o(.text.compile_layers))
<BR><BR>[Stack]<UL><LI>Max Depth = 56 + In Cycle
<LI>Call Chain = compile_layers &rArr;  compile_layers (Cycle)
</UL>
<BR>[Calls]<UL><LI><a href="#[6d]">&gt;&gt;</a>&nbsp;&nbsp;&nbsp;tensor_size
<LI><a href="#[c1]">&gt;&gt;</a>&nbsp;&nbsp;&nbsp;nnom_hook_length
<LI><a href="#[bc]">&gt;&gt;</a>&nbsp;&nbsp;&nbsp;compile_layers
<LI><a href="#[bf]">&gt;&gt;</a>&nbsp;&nbsp;&nbsp;release_input_mem
<LI><a href="#[c0]">&gt;&gt;</a>&nbsp;&nbsp;&nbsp;release_comp_mem
<LI><a href="#[be]">&gt;&gt;</a>&nbsp;&nbsp;&nbsp;io_mem_size
<LI><a href="#[bd]">&gt;&gt;</a>&nbsp;&nbsp;&nbsp;allocate_block
</UL>
<BR>[Called By]<UL><LI><a href="#[e6]">&gt;&gt;</a>&nbsp;&nbsp;&nbsp;model_compile
<LI><a href="#[bc]">&gt;&gt;</a>&nbsp;&nbsp;&nbsp;compile_layers
</UL>

<P><STRONG><a name="[6b]"></a>conv2d_build</STRONG> (Thumb, 256 bytes, Stack size 24 bytes, nnom_conv2d.o(.text.conv2d_build))
<BR><BR>[Stack]<UL><LI>Max Depth = 76<LI>Call Chain = conv2d_build &rArr; new_tensor &rArr; nnom_mem &rArr; malloc
</UL>
<BR>[Calls]<UL><LI><a href="#[c4]">&gt;&gt;</a>&nbsp;&nbsp;&nbsp;act_get_dec_bit
<LI><a href="#[c3]">&gt;&gt;</a>&nbsp;&nbsp;&nbsp;tensor_cpy_attr
<LI><a href="#[c2]">&gt;&gt;</a>&nbsp;&nbsp;&nbsp;new_tensor
<LI><a href="#[6d]">&gt;&gt;</a>&nbsp;&nbsp;&nbsp;tensor_size
</UL>
<BR>[Address Reference Count : 1]<UL><LI> nnom_conv2d.o(.text.conv2d_s)
</UL>
<P><STRONG><a name="[6a]"></a>conv2d_free</STRONG> (Thumb, 24 bytes, Stack size 8 bytes, nnom_conv2d.o(.text.conv2d_free))
<BR><BR>[Stack]<UL><LI>Max Depth = 16<LI>Call Chain = conv2d_free &rArr; delete_tensor &rArr; free
</UL>
<BR>[Calls]<UL><LI><a href="#[c5]">&gt;&gt;</a>&nbsp;&nbsp;&nbsp;delete_tensor
</UL>
<BR>[Address Reference Count : 1]<UL><LI> nnom_conv2d.o(.text.conv2d_s)
</UL>
<P><STRONG><a name="[6c]"></a>conv2d_run</STRONG> (Thumb, 134 bytes, Stack size 144 bytes, nnom_conv2d.o(.text.conv2d_run))
<BR><BR>[Stack]<UL><LI>Max Depth = 288<LI>Call Chain = conv2d_run &rArr; local_convolve_HWC_q15_nonsquare
</UL>
<BR>[Calls]<UL><LI><a href="#[c8]">&gt;&gt;</a>&nbsp;&nbsp;&nbsp;OUTLINED_FUNCTION_3
<LI><a href="#[c6]">&gt;&gt;</a>&nbsp;&nbsp;&nbsp;OUTLINED_FUNCTION_2
<LI><a href="#[c7]">&gt;&gt;</a>&nbsp;&nbsp;&nbsp;OUTLINED_FUNCTION_0
<LI><a href="#[c9]">&gt;&gt;</a>&nbsp;&nbsp;&nbsp;local_convolve_HWC_q15_nonsquare
<LI><a href="#[ca]">&gt;&gt;</a>&nbsp;&nbsp;&nbsp;local_convolve_HWC_q7_nonsquare
</UL>
<BR>[Address Reference Count : 1]<UL><LI> nnom_conv2d.o(.text.conv2d_s)
</UL>
<P><STRONG><a name="[73]"></a>conv2d_s</STRONG> (Thumb, 260 bytes, Stack size 24 bytes, nnom_conv2d.o(.text.conv2d_s))
<BR><BR>[Stack]<UL><LI>Max Depth = 60<LI>Call Chain = conv2d_s &rArr; nnom_mem &rArr; malloc
</UL>
<BR>[Calls]<UL><LI><a href="#[b4]">&gt;&gt;</a>&nbsp;&nbsp;&nbsp;OUTLINED_FUNCTION_4
<LI><a href="#[b2]">&gt;&gt;</a>&nbsp;&nbsp;&nbsp;OUTLINED_FUNCTION_1
<LI><a href="#[cc]">&gt;&gt;</a>&nbsp;&nbsp;&nbsp;stride
<LI><a href="#[cb]">&gt;&gt;</a>&nbsp;&nbsp;&nbsp;kernel
<LI><a href="#[cd]">&gt;&gt;</a>&nbsp;&nbsp;&nbsp;dilation
<LI><a href="#[85]">&gt;&gt;</a>&nbsp;&nbsp;&nbsp;nnom_mem
</UL>
<BR>[Address Reference Count : 1]<UL><LI> main.o(.text.main)
</UL>
<P><STRONG><a name="[7b]"></a>default_build</STRONG> (Thumb, 70 bytes, Stack size 16 bytes, nnom_baselayer.o(.text.default_build))
<BR><BR>[Stack]<UL><LI>Max Depth = 68<LI>Call Chain = default_build &rArr; new_tensor &rArr; nnom_mem &rArr; malloc
</UL>
<BR>[Calls]<UL><LI><a href="#[c4]">&gt;&gt;</a>&nbsp;&nbsp;&nbsp;act_get_dec_bit
<LI><a href="#[ce]">&gt;&gt;</a>&nbsp;&nbsp;&nbsp;tensor_get_num_channel
<LI><a href="#[c3]">&gt;&gt;</a>&nbsp;&nbsp;&nbsp;tensor_cpy_attr
<LI><a href="#[c2]">&gt;&gt;</a>&nbsp;&nbsp;&nbsp;new_tensor
</UL>
<BR>[Address Reference Count : 1]<UL><LI> nnom_output.o(.text.output_s)
</UL>
<P><STRONG><a name="[c5]"></a>delete_tensor</STRONG> (Thumb, 4 bytes, Stack size 0 bytes, nnom_tensor.o(.text.delete_tensor))
<BR><BR>[Stack]<UL><LI>Max Depth = 8<LI>Call Chain = delete_tensor &rArr; free
</UL>
<BR>[Calls]<UL><LI><a href="#[cf]">&gt;&gt;</a>&nbsp;&nbsp;&nbsp;free
</UL>
<BR>[Called By]<UL><LI><a href="#[6e]">&gt;&gt;</a>&nbsp;&nbsp;&nbsp;dense_free
<LI><a href="#[6a]">&gt;&gt;</a>&nbsp;&nbsp;&nbsp;conv2d_free
</UL>

<P><STRONG><a name="[6f]"></a>dense_build</STRONG> (Thumb, 144 bytes, Stack size 32 bytes, nnom_dense.o(.text.dense_build))
<BR><BR>[Stack]<UL><LI>Max Depth = 84<LI>Call Chain = dense_build &rArr; new_tensor &rArr; nnom_mem &rArr; malloc
</UL>
<BR>[Calls]<UL><LI><a href="#[c4]">&gt;&gt;</a>&nbsp;&nbsp;&nbsp;act_get_dec_bit
<LI><a href="#[d0]">&gt;&gt;</a>&nbsp;&nbsp;&nbsp;tensor_set_attr
<LI><a href="#[ce]">&gt;&gt;</a>&nbsp;&nbsp;&nbsp;tensor_get_num_channel
<LI><a href="#[c2]">&gt;&gt;</a>&nbsp;&nbsp;&nbsp;new_tensor
</UL>
<BR>[Address Reference Count : 1]<UL><LI> nnom_dense.o(.text.dense_s)
</UL>
<P><STRONG><a name="[6e]"></a>dense_free</STRONG> (Thumb, 24 bytes, Stack size 8 bytes, nnom_dense.o(.text.dense_free))
<BR><BR>[Stack]<UL><LI>Max Depth = 16<LI>Call Chain = dense_free &rArr; delete_tensor &rArr; free
</UL>
<BR>[Calls]<UL><LI><a href="#[c5]">&gt;&gt;</a>&nbsp;&nbsp;&nbsp;delete_tensor
</UL>
<BR>[Address Reference Count : 1]<UL><LI> nnom_dense.o(.text.dense_s)
</UL>
<P><STRONG><a name="[70]"></a>dense_run</STRONG> (Thumb, 82 bytes, Stack size 48 bytes, nnom_dense.o(.text.dense_run))
<BR><BR>[Stack]<UL><LI>Max Depth = 120<LI>Call Chain = dense_run &rArr; local_fully_connected_q7_opt
</UL>
<BR>[Calls]<UL><LI><a href="#[6d]">&gt;&gt;</a>&nbsp;&nbsp;&nbsp;tensor_size
<LI><a href="#[d1]">&gt;&gt;</a>&nbsp;&nbsp;&nbsp;local_fully_connected_q7_opt
</UL>
<BR>[Address Reference Count : 1]<UL><LI> nnom_dense.o(.text.dense_s)
</UL>
<P><STRONG><a name="[d2]"></a>dense_s</STRONG> (Thumb, 104 bytes, Stack size 16 bytes, nnom_dense.o(.text.dense_s))
<BR><BR>[Stack]<UL><LI>Max Depth = 52<LI>Call Chain = dense_s &rArr; nnom_mem &rArr; malloc
</UL>
<BR>[Calls]<UL><LI><a href="#[ce]">&gt;&gt;</a>&nbsp;&nbsp;&nbsp;tensor_get_num_channel
<LI><a href="#[86]">&gt;&gt;</a>&nbsp;&nbsp;&nbsp;io_init
<LI><a href="#[85]">&gt;&gt;</a>&nbsp;&nbsp;&nbsp;nnom_mem
</UL>
<BR>[Called By]<UL><LI><a href="#[62]">&gt;&gt;</a>&nbsp;&nbsp;&nbsp;main
</UL>

<P><STRONG><a name="[cd]"></a>dilation</STRONG> (Thumb, 4 bytes, Stack size 0 bytes, nnom_layers.o(.text.dilation))
<BR><BR>[Calls]<UL><LI><a href="#[d3]">&gt;&gt;</a>&nbsp;&nbsp;&nbsp;OUTLINED_FUNCTION_0
</UL>
<BR>[Called By]<UL><LI><a href="#[73]">&gt;&gt;</a>&nbsp;&nbsp;&nbsp;conv2d_s
</UL>

<P><STRONG><a name="[65]"></a>flatten_build</STRONG> (Thumb, 78 bytes, Stack size 32 bytes, nnom_flatten.o(.text.flatten_build))
<BR><BR>[Stack]<UL><LI>Max Depth = 84<LI>Call Chain = flatten_build &rArr; new_tensor &rArr; nnom_mem &rArr; malloc
</UL>
<BR>[Calls]<UL><LI><a href="#[d0]">&gt;&gt;</a>&nbsp;&nbsp;&nbsp;tensor_set_attr
<LI><a href="#[ce]">&gt;&gt;</a>&nbsp;&nbsp;&nbsp;tensor_get_num_channel
<LI><a href="#[c2]">&gt;&gt;</a>&nbsp;&nbsp;&nbsp;new_tensor
<LI><a href="#[6d]">&gt;&gt;</a>&nbsp;&nbsp;&nbsp;tensor_size
</UL>
<BR>[Address Reference Count : 1]<UL><LI> nnom_flatten.o(.text.Flatten)
</UL>
<P><STRONG><a name="[66]"></a>flatten_run</STRONG> (Thumb, 4 bytes, Stack size 0 bytes, nnom_flatten.o(.text.flatten_run))
<BR>[Address Reference Count : 1]<UL><LI> nnom_flatten.o(.text.Flatten)
</UL>
<P><STRONG><a name="[d4]"></a>flatten_s</STRONG> (Thumb, 14 bytes, Stack size 8 bytes, nnom_flatten.o(.text.flatten_s))
<BR><BR>[Stack]<UL><LI>Max Depth = 52<LI>Call Chain = flatten_s &rArr; Flatten &rArr; nnom_mem &rArr; malloc
</UL>
<BR>[Calls]<UL><LI><a href="#[84]">&gt;&gt;</a>&nbsp;&nbsp;&nbsp;Flatten
</UL>
<BR>[Called By]<UL><LI><a href="#[62]">&gt;&gt;</a>&nbsp;&nbsp;&nbsp;main
</UL>

<P><STRONG><a name="[7d]"></a>fputc</STRONG> (Thumb, 36 bytes, Stack size 0 bytes, main.o(.text.fputc))
<BR><BR>[Called By]<UL><LI><a href="#[e8]">&gt;&gt;</a>&nbsp;&nbsp;&nbsp;putchar
<LI><a href="#[e2]">&gt;&gt;</a>&nbsp;&nbsp;&nbsp;puts
</UL>
<BR>[Address Reference Count : 1]<UL><LI> printf3.o(i.__0printf$3)
</UL>
<P><STRONG><a name="[71]"></a>input_build</STRONG> (Thumb, 40 bytes, Stack size 16 bytes, nnom_input.o(.text.input_build))
<BR><BR>[Stack]<UL><LI>Max Depth = 68<LI>Call Chain = input_build &rArr; new_tensor &rArr; nnom_mem &rArr; malloc
</UL>
<BR>[Calls]<UL><LI><a href="#[ce]">&gt;&gt;</a>&nbsp;&nbsp;&nbsp;tensor_get_num_channel
<LI><a href="#[c3]">&gt;&gt;</a>&nbsp;&nbsp;&nbsp;tensor_cpy_attr
<LI><a href="#[c2]">&gt;&gt;</a>&nbsp;&nbsp;&nbsp;new_tensor
</UL>
<BR>[Address Reference Count : 1]<UL><LI> nnom_input.o(.text.input_s)
</UL>
<P><STRONG><a name="[72]"></a>input_run</STRONG> (Thumb, 28 bytes, Stack size 16 bytes, nnom_input.o(.text.input_run))
<BR><BR>[Stack]<UL><LI>Max Depth = 24<LI>Call Chain = input_run &rArr; tensor_size
</UL>
<BR>[Calls]<UL><LI><a href="#[6d]">&gt;&gt;</a>&nbsp;&nbsp;&nbsp;tensor_size
<LI><a href="#[b0]">&gt;&gt;</a>&nbsp;&nbsp;&nbsp;__aeabi_memcpy
</UL>
<BR>[Address Reference Count : 1]<UL><LI> nnom_input.o(.text.input_s)
</UL>
<P><STRONG><a name="[d5]"></a>input_s</STRONG> (Thumb, 172 bytes, Stack size 32 bytes, nnom_input.o(.text.input_s))
<BR><BR>[Stack]<UL><LI>Max Depth = 84<LI>Call Chain = input_s &rArr; new_tensor &rArr; nnom_mem &rArr; malloc
</UL>
<BR>[Calls]<UL><LI><a href="#[d7]">&gt;&gt;</a>&nbsp;&nbsp;&nbsp;tensor_set_attr_v
<LI><a href="#[ce]">&gt;&gt;</a>&nbsp;&nbsp;&nbsp;tensor_get_num_channel
<LI><a href="#[c2]">&gt;&gt;</a>&nbsp;&nbsp;&nbsp;new_tensor
<LI><a href="#[d6]">&gt;&gt;</a>&nbsp;&nbsp;&nbsp;shape
<LI><a href="#[85]">&gt;&gt;</a>&nbsp;&nbsp;&nbsp;nnom_mem
<LI><a href="#[b3]">&gt;&gt;</a>&nbsp;&nbsp;&nbsp;OUTLINED_FUNCTION_1
<LI><a href="#[b1]">&gt;&gt;</a>&nbsp;&nbsp;&nbsp;OUTLINED_FUNCTION_0
</UL>
<BR>[Called By]<UL><LI><a href="#[e5]">&gt;&gt;</a>&nbsp;&nbsp;&nbsp;output_s
<LI><a href="#[62]">&gt;&gt;</a>&nbsp;&nbsp;&nbsp;main
</UL>

<P><STRONG><a name="[86]"></a>io_init</STRONG> (Thumb, 6 bytes, Stack size 0 bytes, nnom_layers.o(.text.io_init))
<BR><BR>[Called By]<UL><LI><a href="#[d2]">&gt;&gt;</a>&nbsp;&nbsp;&nbsp;dense_s
<LI><a href="#[84]">&gt;&gt;</a>&nbsp;&nbsp;&nbsp;Flatten
<LI><a href="#[b4]">&gt;&gt;</a>&nbsp;&nbsp;&nbsp;OUTLINED_FUNCTION_4
<LI><a href="#[b2]">&gt;&gt;</a>&nbsp;&nbsp;&nbsp;OUTLINED_FUNCTION_1
<LI><a href="#[ae]">&gt;&gt;</a>&nbsp;&nbsp;&nbsp;MaxPool
<LI><a href="#[b3]">&gt;&gt;</a>&nbsp;&nbsp;&nbsp;OUTLINED_FUNCTION_1
<LI><a href="#[b1]">&gt;&gt;</a>&nbsp;&nbsp;&nbsp;OUTLINED_FUNCTION_0
</UL>

<P><STRONG><a name="[cb]"></a>kernel</STRONG> (Thumb, 4 bytes, Stack size 0 bytes, nnom_layers.o(.text.kernel))
<BR><BR>[Calls]<UL><LI><a href="#[d3]">&gt;&gt;</a>&nbsp;&nbsp;&nbsp;OUTLINED_FUNCTION_0
</UL>
<BR>[Called By]<UL><LI><a href="#[75]">&gt;&gt;</a>&nbsp;&nbsp;&nbsp;maxpool_s
<LI><a href="#[73]">&gt;&gt;</a>&nbsp;&nbsp;&nbsp;conv2d_s
</UL>

<P><STRONG><a name="[f1]"></a>layer_run</STRONG> (Thumb, 32 bytes, Stack size 16 bytes, nnom.o(.text.layer_run), UNUSED)
<BR><BR>[Called By]<UL><LI><a href="#[f0]">&gt;&gt;</a>&nbsp;&nbsp;&nbsp;model_run_to
</UL>

<P><STRONG><a name="[c9]"></a>local_convolve_HWC_q15_nonsquare</STRONG> (Thumb, 510 bytes, Stack size 144 bytes, nnom_local_q15.o(.text.local_convolve_HWC_q15_nonsquare))
<BR><BR>[Stack]<UL><LI>Max Depth = 144<LI>Call Chain = local_convolve_HWC_q15_nonsquare
</UL>
<BR>[Calls]<UL><LI><a href="#[da]">&gt;&gt;</a>&nbsp;&nbsp;&nbsp;__aeabi_lasr
</UL>
<BR>[Called By]<UL><LI><a href="#[6c]">&gt;&gt;</a>&nbsp;&nbsp;&nbsp;conv2d_run
</UL>

<P><STRONG><a name="[ca]"></a>local_convolve_HWC_q7_nonsquare</STRONG> (Thumb, 498 bytes, Stack size 136 bytes, nnom_local.o(.text.local_convolve_HWC_q7_nonsquare))
<BR><BR>[Stack]<UL><LI>Max Depth = 136<LI>Call Chain = local_convolve_HWC_q7_nonsquare
</UL>
<BR>[Called By]<UL><LI><a href="#[6c]">&gt;&gt;</a>&nbsp;&nbsp;&nbsp;conv2d_run
</UL>

<P><STRONG><a name="[d1]"></a>local_fully_connected_q7_opt</STRONG> (Thumb, 502 bytes, Stack size 72 bytes, nnom_local.o(.text.local_fully_connected_q7_opt))
<BR><BR>[Stack]<UL><LI>Max Depth = 72<LI>Call Chain = local_fully_connected_q7_opt
</UL>
<BR>[Called By]<UL><LI><a href="#[70]">&gt;&gt;</a>&nbsp;&nbsp;&nbsp;dense_run
</UL>

<P><STRONG><a name="[db]"></a>local_maxpool_q7_HWC</STRONG> (Thumb, 194 bytes, Stack size 68 bytes, nnom_local.o(.text.local_maxpool_q7_HWC))
<BR><BR>[Stack]<UL><LI>Max Depth = 68<LI>Call Chain = local_maxpool_q7_HWC
</UL>
<BR>[Calls]<UL><LI><a href="#[dc]">&gt;&gt;</a>&nbsp;&nbsp;&nbsp;OUTLINED_FUNCTION_2
</UL>
<BR>[Called By]<UL><LI><a href="#[68]">&gt;&gt;</a>&nbsp;&nbsp;&nbsp;maxpool_run
</UL>

<P><STRONG><a name="[f6]"></a>local_relu_q15</STRONG> (Thumb, 24 bytes, Stack size 0 bytes, nnom_local_q15.o(.text.local_relu_q15))
<BR><BR>[Called By]<UL><LI><a href="#[69]">&gt;&gt;</a>&nbsp;&nbsp;&nbsp;relu_run
</UL>

<P><STRONG><a name="[f7]"></a>local_relu_q7</STRONG> (Thumb, 24 bytes, Stack size 0 bytes, nnom_local.o(.text.local_relu_q7))
<BR><BR>[Called By]<UL><LI><a href="#[69]">&gt;&gt;</a>&nbsp;&nbsp;&nbsp;relu_run
</UL>

<P><STRONG><a name="[62]"></a>main</STRONG> (Thumb, 652 bytes, Stack size 40 bytes, main.o(.text.main))
<BR><BR>[Stack]<UL><LI>Max Depth = 224<LI>Call Chain = main &rArr; SystemClock_MHz &rArr; HAL_RCC_OscConfig &rArr; HAL_InitTick &rArr; HAL_NVIC_SetPriority &rArr; __NVIC_SetPriority
</UL>
<BR>[Calls]<UL><LI><a href="#[e5]">&gt;&gt;</a>&nbsp;&nbsp;&nbsp;output_s
<LI><a href="#[e4]">&gt;&gt;</a>&nbsp;&nbsp;&nbsp;new_model
<LI><a href="#[e7]">&gt;&gt;</a>&nbsp;&nbsp;&nbsp;model_run
<LI><a href="#[e9]">&gt;&gt;</a>&nbsp;&nbsp;&nbsp;model_delete
<LI><a href="#[e6]">&gt;&gt;</a>&nbsp;&nbsp;&nbsp;model_compile
<LI><a href="#[d5]">&gt;&gt;</a>&nbsp;&nbsp;&nbsp;input_s
<LI><a href="#[d4]">&gt;&gt;</a>&nbsp;&nbsp;&nbsp;flatten_s
<LI><a href="#[d2]">&gt;&gt;</a>&nbsp;&nbsp;&nbsp;dense_s
<LI><a href="#[e3]">&gt;&gt;</a>&nbsp;&nbsp;&nbsp;check_model_version
<LI><a href="#[ba]">&gt;&gt;</a>&nbsp;&nbsp;&nbsp;SystemClock_MHz
<LI><a href="#[a8]">&gt;&gt;</a>&nbsp;&nbsp;&nbsp;HAL_TIM_ConfigClockSource
<LI><a href="#[a6]">&gt;&gt;</a>&nbsp;&nbsp;&nbsp;HAL_TIM_Base_Start
<LI><a href="#[a0]">&gt;&gt;</a>&nbsp;&nbsp;&nbsp;HAL_TIM_Base_Init
<LI><a href="#[df]">&gt;&gt;</a>&nbsp;&nbsp;&nbsp;HAL_TIMEx_MasterConfigSynchronization
<LI><a href="#[9e]">&gt;&gt;</a>&nbsp;&nbsp;&nbsp;HAL_SuspendTick
<LI><a href="#[9c]">&gt;&gt;</a>&nbsp;&nbsp;&nbsp;HAL_ResumeTick
<LI><a href="#[90]">&gt;&gt;</a>&nbsp;&nbsp;&nbsp;HAL_PWR_EnterSLEEPMode
<LI><a href="#[89]">&gt;&gt;</a>&nbsp;&nbsp;&nbsp;HAL_Init
<LI><a href="#[dd]">&gt;&gt;</a>&nbsp;&nbsp;&nbsp;HAL_GPIO_WritePin
<LI><a href="#[e0]">&gt;&gt;</a>&nbsp;&nbsp;&nbsp;HAL_GPIO_TogglePin
<LI><a href="#[de]">&gt;&gt;</a>&nbsp;&nbsp;&nbsp;HAL_GPIO_Init
<LI><a href="#[87]">&gt;&gt;</a>&nbsp;&nbsp;&nbsp;HAL_Delay
<LI><a href="#[e1]">&gt;&gt;</a>&nbsp;&nbsp;&nbsp;__2printf
<LI><a href="#[b0]">&gt;&gt;</a>&nbsp;&nbsp;&nbsp;__aeabi_memcpy
<LI><a href="#[e8]">&gt;&gt;</a>&nbsp;&nbsp;&nbsp;putchar
<LI><a href="#[e2]">&gt;&gt;</a>&nbsp;&nbsp;&nbsp;puts
</UL>
<BR>[Address Reference Count : 1]<UL><LI> entry9a.o(.ARM.Collect$$$$0000000B)
</UL>
<P><STRONG><a name="[67]"></a>maxpool_build</STRONG> (Thumb, 138 bytes, Stack size 16 bytes, nnom_maxpool.o(.text.maxpool_build))
<BR><BR>[Stack]<UL><LI>Max Depth = 68<LI>Call Chain = maxpool_build &rArr; new_tensor &rArr; nnom_mem &rArr; malloc
</UL>
<BR>[Calls]<UL><LI><a href="#[c4]">&gt;&gt;</a>&nbsp;&nbsp;&nbsp;act_get_dec_bit
<LI><a href="#[ce]">&gt;&gt;</a>&nbsp;&nbsp;&nbsp;tensor_get_num_channel
<LI><a href="#[c3]">&gt;&gt;</a>&nbsp;&nbsp;&nbsp;tensor_cpy_attr
<LI><a href="#[c2]">&gt;&gt;</a>&nbsp;&nbsp;&nbsp;new_tensor
<LI><a href="#[ea]">&gt;&gt;</a>&nbsp;&nbsp;&nbsp;OUTLINED_FUNCTION_0
</UL>
<BR>[Address Reference Count : 1]<UL><LI> nnom_maxpool.o(.text.MaxPool)
</UL>
<P><STRONG><a name="[68]"></a>maxpool_run</STRONG> (Thumb, 100 bytes, Stack size 80 bytes, nnom_maxpool.o(.text.maxpool_run))
<BR><BR>[Stack]<UL><LI>Max Depth = 148<LI>Call Chain = maxpool_run &rArr; local_maxpool_q7_HWC
</UL>
<BR>[Calls]<UL><LI><a href="#[db]">&gt;&gt;</a>&nbsp;&nbsp;&nbsp;local_maxpool_q7_HWC
</UL>
<BR>[Address Reference Count : 1]<UL><LI> nnom_maxpool.o(.text.MaxPool)
</UL>
<P><STRONG><a name="[75]"></a>maxpool_s</STRONG> (Thumb, 108 bytes, Stack size 56 bytes, nnom_maxpool.o(.text.maxpool_s))
<BR><BR>[Stack]<UL><LI>Max Depth = 124<LI>Call Chain = maxpool_s &rArr; MaxPool &rArr; nnom_mem &rArr; malloc
</UL>
<BR>[Calls]<UL><LI><a href="#[ae]">&gt;&gt;</a>&nbsp;&nbsp;&nbsp;MaxPool
<LI><a href="#[cc]">&gt;&gt;</a>&nbsp;&nbsp;&nbsp;stride
<LI><a href="#[cb]">&gt;&gt;</a>&nbsp;&nbsp;&nbsp;kernel
</UL>
<BR>[Address Reference Count : 1]<UL><LI> main.o(.text.main)
</UL>
<P><STRONG><a name="[ec]"></a>mem_analysis_result</STRONG> (Thumb, 22 bytes, Stack size 0 bytes, nnom.o(.text.mem_analysis_result))
<BR><BR>[Called By]<UL><LI><a href="#[e6]">&gt;&gt;</a>&nbsp;&nbsp;&nbsp;model_compile
</UL>

<P><STRONG><a name="[e6]"></a>model_compile</STRONG> (Thumb, 116 bytes, Stack size 24 bytes, nnom.o(.text.model_compile))
<BR><BR>[Stack]<UL><LI>Max Depth = 80<LI>Call Chain = model_compile &rArr; compile_layers &rArr;  compile_layers (Cycle)
</UL>
<BR>[Calls]<UL><LI><a href="#[ee]">&gt;&gt;</a>&nbsp;&nbsp;&nbsp;tensor_mem_set
<LI><a href="#[ef]">&gt;&gt;</a>&nbsp;&nbsp;&nbsp;set_tailed_activation
<LI><a href="#[85]">&gt;&gt;</a>&nbsp;&nbsp;&nbsp;nnom_mem
<LI><a href="#[ec]">&gt;&gt;</a>&nbsp;&nbsp;&nbsp;mem_analysis_result
<LI><a href="#[bc]">&gt;&gt;</a>&nbsp;&nbsp;&nbsp;compile_layers
<LI><a href="#[ed]">&gt;&gt;</a>&nbsp;&nbsp;&nbsp;block_mem_set
<LI><a href="#[eb]">&gt;&gt;</a>&nbsp;&nbsp;&nbsp;find_last
</UL>
<BR>[Called By]<UL><LI><a href="#[62]">&gt;&gt;</a>&nbsp;&nbsp;&nbsp;main
</UL>

<P><STRONG><a name="[e9]"></a>model_delete</STRONG> (Thumb, 108 bytes, Stack size 16 bytes, nnom.o(.text.model_delete))
<BR><BR>[Stack]<UL><LI>Max Depth = 40<LI>Call Chain = model_delete &rArr; io_list_delete &rArr; free
</UL>
<BR>[Calls]<UL><LI><a href="#[d9]">&gt;&gt;</a>&nbsp;&nbsp;&nbsp;io_tensor_delete
<LI><a href="#[d8]">&gt;&gt;</a>&nbsp;&nbsp;&nbsp;io_list_delete
<LI><a href="#[cf]">&gt;&gt;</a>&nbsp;&nbsp;&nbsp;free
<LI><a href="#[bb]">&gt;&gt;</a>&nbsp;&nbsp;&nbsp;__aeabi_memclr4
</UL>
<BR>[Called By]<UL><LI><a href="#[62]">&gt;&gt;</a>&nbsp;&nbsp;&nbsp;main
</UL>

<P><STRONG><a name="[e7]"></a>model_run</STRONG> (Thumb, 6 bytes, Stack size 0 bytes, nnom.o(.text.model_run))
<BR><BR>[Called By]<UL><LI><a href="#[62]">&gt;&gt;</a>&nbsp;&nbsp;&nbsp;main
</UL>

<P><STRONG><a name="[f0]"></a>model_run_to</STRONG> (Thumb, 52 bytes, Stack size 16 bytes, nnom.o(.text.model_run_to), UNUSED)
<BR><BR>[Calls]<UL><LI><a href="#[f1]">&gt;&gt;</a>&nbsp;&nbsp;&nbsp;layer_run
</UL>

<P><STRONG><a name="[e4]"></a>new_model</STRONG> (Thumb, 52 bytes, Stack size 16 bytes, nnom.o(.text.new_model))
<BR><BR>[Stack]<UL><LI>Max Depth = 52<LI>Call Chain = new_model &rArr; nnom_mem &rArr; malloc
</UL>
<BR>[Calls]<UL><LI><a href="#[85]">&gt;&gt;</a>&nbsp;&nbsp;&nbsp;nnom_mem
<LI><a href="#[bb]">&gt;&gt;</a>&nbsp;&nbsp;&nbsp;__aeabi_memclr4
</UL>
<BR>[Called By]<UL><LI><a href="#[62]">&gt;&gt;</a>&nbsp;&nbsp;&nbsp;main
</UL>

<P><STRONG><a name="[c2]"></a>new_tensor</STRONG> (Thumb, 66 bytes, Stack size 16 bytes, nnom_tensor.o(.text.new_tensor))
<BR><BR>[Stack]<UL><LI>Max Depth = 52<LI>Call Chain = new_tensor &rArr; nnom_mem &rArr; malloc
</UL>
<BR>[Calls]<UL><LI><a href="#[85]">&gt;&gt;</a>&nbsp;&nbsp;&nbsp;nnom_mem
<LI><a href="#[f2]">&gt;&gt;</a>&nbsp;&nbsp;&nbsp;nnom_alignto
</UL>
<BR>[Called By]<UL><LI><a href="#[d5]">&gt;&gt;</a>&nbsp;&nbsp;&nbsp;input_s
<LI><a href="#[65]">&gt;&gt;</a>&nbsp;&nbsp;&nbsp;flatten_build
<LI><a href="#[6f]">&gt;&gt;</a>&nbsp;&nbsp;&nbsp;dense_build
<LI><a href="#[6b]">&gt;&gt;</a>&nbsp;&nbsp;&nbsp;conv2d_build
<LI><a href="#[67]">&gt;&gt;</a>&nbsp;&nbsp;&nbsp;maxpool_build
<LI><a href="#[7b]">&gt;&gt;</a>&nbsp;&nbsp;&nbsp;default_build
<LI><a href="#[71]">&gt;&gt;</a>&nbsp;&nbsp;&nbsp;input_build
</UL>

<P><STRONG><a name="[f2]"></a>nnom_alignto</STRONG> (Thumb, 18 bytes, Stack size 0 bytes, nnom.o(.text.nnom_alignto))
<BR><BR>[Called By]<UL><LI><a href="#[c2]">&gt;&gt;</a>&nbsp;&nbsp;&nbsp;new_tensor
</UL>

<P><STRONG><a name="[c1]"></a>nnom_hook_length</STRONG> (Thumb, 18 bytes, Stack size 0 bytes, nnom.o(.text.nnom_hook_length))
<BR><BR>[Called By]<UL><LI><a href="#[bc]">&gt;&gt;</a>&nbsp;&nbsp;&nbsp;compile_layers
</UL>

<P><STRONG><a name="[85]"></a>nnom_mem</STRONG> (Thumb, 44 bytes, Stack size 16 bytes, nnom.o(.text.nnom_mem))
<BR><BR>[Stack]<UL><LI>Max Depth = 36<LI>Call Chain = nnom_mem &rArr; malloc
</UL>
<BR>[Calls]<UL><LI><a href="#[f3]">&gt;&gt;</a>&nbsp;&nbsp;&nbsp;malloc
<LI><a href="#[80]">&gt;&gt;</a>&nbsp;&nbsp;&nbsp;__aeabi_memclr
</UL>
<BR>[Called By]<UL><LI><a href="#[e4]">&gt;&gt;</a>&nbsp;&nbsp;&nbsp;new_model
<LI><a href="#[e6]">&gt;&gt;</a>&nbsp;&nbsp;&nbsp;model_compile
<LI><a href="#[d5]">&gt;&gt;</a>&nbsp;&nbsp;&nbsp;input_s
<LI><a href="#[d2]">&gt;&gt;</a>&nbsp;&nbsp;&nbsp;dense_s
<LI><a href="#[73]">&gt;&gt;</a>&nbsp;&nbsp;&nbsp;conv2d_s
<LI><a href="#[74]">&gt;&gt;</a>&nbsp;&nbsp;&nbsp;act_relu
<LI><a href="#[84]">&gt;&gt;</a>&nbsp;&nbsp;&nbsp;Flatten
<LI><a href="#[ae]">&gt;&gt;</a>&nbsp;&nbsp;&nbsp;MaxPool
<LI><a href="#[c2]">&gt;&gt;</a>&nbsp;&nbsp;&nbsp;new_tensor
<LI><a href="#[79]">&gt;&gt;</a>&nbsp;&nbsp;&nbsp;model_hook
</UL>

<P><STRONG><a name="[7c]"></a>output_run</STRONG> (Thumb, 32 bytes, Stack size 16 bytes, nnom_output.o(.text.output_run))
<BR><BR>[Stack]<UL><LI>Max Depth = 24<LI>Call Chain = output_run &rArr; tensor_size
</UL>
<BR>[Calls]<UL><LI><a href="#[6d]">&gt;&gt;</a>&nbsp;&nbsp;&nbsp;tensor_size
<LI><a href="#[b0]">&gt;&gt;</a>&nbsp;&nbsp;&nbsp;__aeabi_memcpy
</UL>
<BR>[Address Reference Count : 1]<UL><LI> nnom_output.o(.text.output_s)
</UL>
<P><STRONG><a name="[e5]"></a>output_s</STRONG> (Thumb, 28 bytes, Stack size 8 bytes, nnom_output.o(.text.output_s))
<BR><BR>[Stack]<UL><LI>Max Depth = 92<LI>Call Chain = output_s &rArr; input_s &rArr; new_tensor &rArr; nnom_mem &rArr; malloc
</UL>
[...]
<LI><a href="#[67]">&gt;&gt;</a>&nbsp;&nbsp;&nbsp;maxpool_build
<LI><a href="#[7b]">&gt;&gt;</a>&nbsp;&nbsp;&nbsp;default_build
<LI><a href="#[71]">&gt;&gt;</a>&nbsp;&nbsp;&nbsp;input_build
</UL>

<P><STRONG><a name="[ce]"></a>tensor_get_num_channel</STRONG> (Thumb, 14 bytes, Stack size 0 bytes, nnom_tensor.o(.text.tensor_get_num_channel))
<BR><BR>[Called By]<UL><LI><a href="#[d5]">&gt;&gt;</a>&nbsp;&nbsp;&nbsp;input_s
<LI><a href="#[d2]">&gt;&gt;</a>&nbsp;&nbsp;&nbsp;dense_s
<LI><a href="#[65]">&gt;&gt;</a>&nbsp;&nbsp;&nbsp;flatten_build
<LI><a href="#[6f]">&gt;&gt;</a>&nbsp;&nbsp;&nbsp;dense_build
<LI><a href="#[67]">&gt;&gt;</a>&nbsp;&nbsp;&nbsp;maxpool_build
<LI><a href="#[7b]">&gt;&gt;</a>&nbsp;&nbsp;&nbsp;default_build
<LI><a href="#[71]">&gt;&gt;</a>&nbsp;&nbsp;&nbsp;input_build
</UL>

<P><STRONG><a name="[ee]"></a>tensor_mem_set</STRONG> (Thumb, 50 bytes, Stack size 0 bytes, nnom.o(.text.tensor_mem_set))
<BR><BR>[Calls]<UL><LI><a href="#[ee]">&gt;&gt;</a>&nbsp;&nbsp;&nbsp;tensor_mem_set
</UL>
<BR>[Called By]<UL><LI><a href="#[e6]">&gt;&gt;</a>&nbsp;&nbsp;&nbsp;model_compile
<LI><a href="#[ee]">&gt;&gt;</a>&nbsp;&nbsp;&nbsp;tensor_mem_set
</UL>

<P><STRONG><a name="[d0]"></a>tensor_set_attr</STRONG> (Thumb, 66 bytes, Stack size 24 bytes, nnom_tensor.o(.text.tensor_set_attr))
<BR><BR>[Stack]<UL><LI>Max Depth = 32<LI>Call Chain = tensor_set_attr &rArr; OUTLINED_FUNCTION_0 &rArr; __aeabi_memcpy
</UL>
<BR>[Calls]<UL><LI><a href="#[af]">&gt;&gt;</a>&nbsp;&nbsp;&nbsp;OUTLINED_FUNCTION_0
<LI><a href="#[f8]">&gt;&gt;</a>&nbsp;&nbsp;&nbsp;__aeabi_memcpy4
</UL>
<BR>[Called By]<UL><LI><a href="#[65]">&gt;&gt;</a>&nbsp;&nbsp;&nbsp;flatten_build
<LI><a href="#[6f]">&gt;&gt;</a>&nbsp;&nbsp;&nbsp;dense_build
</UL>

<P><STRONG><a name="[d7]"></a>tensor_set_attr_v</STRONG> (Thumb, 30 bytes, Stack size 16 bytes, nnom_tensor.o(.text.tensor_set_attr_v))
<BR><BR>[Stack]<UL><LI>Max Depth = 24<LI>Call Chain = tensor_set_attr_v &rArr; OUTLINED_FUNCTION_0 &rArr; __aeabi_memcpy
</UL>
<BR>[Calls]<UL><LI><a href="#[af]">&gt;&gt;</a>&nbsp;&nbsp;&nbsp;OUTLINED_FUNCTION_0
</UL>
<BR>[Called By]<UL><LI><a href="#[d5]">&gt;&gt;</a>&nbsp;&nbsp;&nbsp;input_s
</UL>

<P><STRONG><a name="[6d]"></a>tensor_size</STRONG> (Thumb, 32 bytes, Stack size 8 bytes, nnom_tensor.o(.text.tensor_size))
<BR><BR>[Stack]<UL><LI>Max Depth = 8<LI>Call Chain = tensor_size
</UL>
<BR>[Called By]<UL><LI><a href="#[65]">&gt;&gt;</a>&nbsp;&nbsp;&nbsp;flatten_build
<LI><a href="#[70]">&gt;&gt;</a>&nbsp;&nbsp;&nbsp;dense_run
<LI><a href="#[6b]">&gt;&gt;</a>&nbsp;&nbsp;&nbsp;conv2d_build
<LI><a href="#[b5]">&gt;&gt;</a>&nbsp;&nbsp;&nbsp;OUTLINED_FUNCTION_5
<LI><a href="#[bc]">&gt;&gt;</a>&nbsp;&nbsp;&nbsp;compile_layers
<LI><a href="#[be]">&gt;&gt;</a>&nbsp;&nbsp;&nbsp;io_mem_size
<LI><a href="#[7c]">&gt;&gt;</a>&nbsp;&nbsp;&nbsp;output_run
<LI><a href="#[72]">&gt;&gt;</a>&nbsp;&nbsp;&nbsp;input_run
</UL>
<BR>[Address Reference Count : 1]<UL><LI> nnom_dense.o(.text.dense_build)
</UL>
<P><STRONG><a name="[f9]"></a>__0printf$3</STRONG> (Thumb, 22 bytes, Stack size 24 bytes, printf3.o(i.__0printf$3), UNUSED)
<BR><BR>[Calls]<UL><LI><a href="#[fa]">&gt;&gt;</a>&nbsp;&nbsp;&nbsp;_printf_core
</UL>

<P><STRONG><a name="[10c]"></a>__1printf$3</STRONG> (Thumb, 0 bytes, Stack size 24 bytes, printf3.o(i.__0printf$3), UNUSED)

<P><STRONG><a name="[e1]"></a>__2printf</STRONG> (Thumb, 0 bytes, Stack size 24 bytes, printf3.o(i.__0printf$3))
<BR><BR>[Stack]<UL><LI>Max Depth = 24<LI>Call Chain = __2printf
</UL>
<BR>[Called By]<UL><LI><a href="#[62]">&gt;&gt;</a>&nbsp;&nbsp;&nbsp;main
</UL>

<P><STRONG><a name="[10d]"></a>__scatterload_copy</STRONG> (Thumb, 14 bytes, Stack size unknown bytes, handlers.o(i.__scatterload_copy), UNUSED)

<P><STRONG><a name="[10e]"></a>__scatterload_null</STRONG> (Thumb, 2 bytes, Stack size unknown bytes, handlers.o(i.__scatterload_null), UNUSED)

<P><STRONG><a name="[10f]"></a>__scatterload_zeroinit</STRONG> (Thumb, 14 bytes, Stack size unknown bytes, handlers.o(i.__scatterload_zeroinit), UNUSED)

<P><STRONG><a name="[cf]"></a>free</STRONG> (Thumb, 76 bytes, Stack size 8 bytes, malloc.o(i.free))
<BR><BR>[Stack]<UL><LI>Max Depth = 8<LI>Call Chain = free
</UL>
<BR>[Called By]<UL><LI><a href="#[e9]">&gt;&gt;</a>&nbsp;&nbsp;&nbsp;model_delete
<LI><a href="#[c5]">&gt;&gt;</a>&nbsp;&nbsp;&nbsp;delete_tensor
<LI><a href="#[d9]">&gt;&gt;</a>&nbsp;&nbsp;&nbsp;io_tensor_delete
<LI><a href="#[d8]">&gt;&gt;</a>&nbsp;&nbsp;&nbsp;io_list_delete
</UL>

<P><STRONG><a name="[f3]"></a>malloc</STRONG> (Thumb, 92 bytes, Stack size 20 bytes, malloc.o(i.malloc))
<BR><BR>[Stack]<UL><LI>Max Depth = 20<LI>Call Chain = malloc
</UL>
<BR>[Called By]<UL><LI><a href="#[85]">&gt;&gt;</a>&nbsp;&nbsp;&nbsp;nnom_mem
</UL>

<P><STRONG><a name="[e8]"></a>putchar</STRONG> (Thumb, 6 bytes, Stack size 0 bytes, putchar.o(i.putchar))
<BR><BR>[Calls]<UL><LI><a href="#[7d]">&gt;&gt;</a>&nbsp;&nbsp;&nbsp;fputc
</UL>
<BR>[Called By]<UL><LI><a href="#[62]">&gt;&gt;</a>&nbsp;&nbsp;&nbsp;main
</UL>

<P><STRONG><a name="[e2]"></a>puts</STRONG> (Thumb, 30 bytes, Stack size 8 bytes, puts.o(i.puts))
<BR><BR>[Stack]<UL><LI>Max Depth = 8<LI>Call Chain = puts
</UL>
<BR>[Calls]<UL><LI><a href="#[7d]">&gt;&gt;</a>&nbsp;&nbsp;&nbsp;fputc
</UL>
<BR>[Called By]<UL><LI><a href="#[62]">&gt;&gt;</a>&nbsp;&nbsp;&nbsp;main
</UL>
<P>
<H3>
Local Symbols
</H3>
<P><STRONG><a name="[9d]"></a>OUTLINED_FUNCTION_0</STRONG> (Thumb, 10 bytes, Stack size 0 bytes, stm32l4xx_hal.o(.text.OUTLINED_FUNCTION_0))
<BR><BR>[Called By]<UL><LI><a href="#[9c]">&gt;&gt;</a>&nbsp;&nbsp;&nbsp;HAL_ResumeTick
</UL>

<P><STRONG><a name="[9f]"></a>OUTLINED_FUNCTION_2</STRONG> (Thumb, 10 bytes, Stack size 0 bytes, stm32l4xx_hal.o(.text.OUTLINED_FUNCTION_2))
<BR><BR>[Called By]<UL><LI><a href="#[9e]">&gt;&gt;</a>&nbsp;&nbsp;&nbsp;HAL_SuspendTick
</UL>

<P><STRONG><a name="[8f]"></a>__NVIC_SetPriority</STRONG> (Thumb, 28 bytes, Stack size 8 bytes, stm32l4xx_hal_cortex.o(.text.__NVIC_SetPriority))
<BR><BR>[Stack]<UL><LI>Max Depth = 8<LI>Call Chain = __NVIC_SetPriority
</UL>
<BR>[Called By]<UL><LI><a href="#[8e]">&gt;&gt;</a>&nbsp;&nbsp;&nbsp;HAL_NVIC_SetPriority
</UL>

<P><STRONG><a name="[9b]"></a>OUTLINED_FUNCTION_0</STRONG> (Thumb, 36 bytes, Stack size 0 bytes, stm32l4xx_hal_rcc.o(.text.OUTLINED_FUNCTION_0))
<BR><BR>[Called By]<UL><LI><a href="#[98]">&gt;&gt;</a>&nbsp;&nbsp;&nbsp;HAL_RCC_OscConfig
</UL>

<P><STRONG><a name="[99]"></a>OUTLINED_FUNCTION_1</STRONG> (Thumb, 8 bytes, Stack size 0 bytes, stm32l4xx_hal_rcc.o(.text.OUTLINED_FUNCTION_1))
<BR><BR>[Called By]<UL><LI><a href="#[98]">&gt;&gt;</a>&nbsp;&nbsp;&nbsp;HAL_RCC_OscConfig
</UL>

<P><STRONG><a name="[95]"></a>OUTLINED_FUNCTION_2</STRONG> (Thumb, 6 bytes, Stack size 0 bytes, stm32l4xx_hal_rcc.o(.text.OUTLINED_FUNCTION_2))
<BR><BR>[Calls]<UL><LI><a href="#[88]">&gt;&gt;</a>&nbsp;&nbsp;&nbsp;HAL_GetTick
</UL>
<BR>[Called By]<UL><LI><a href="#[98]">&gt;&gt;</a>&nbsp;&nbsp;&nbsp;HAL_RCC_OscConfig
<LI><a href="#[93]">&gt;&gt;</a>&nbsp;&nbsp;&nbsp;HAL_RCC_ClockConfig
</UL>

<P><STRONG><a name="[96]"></a>OUTLINED_FUNCTION_4</STRONG> (Thumb, 14 bytes, Stack size 0 bytes, stm32l4xx_hal_rcc.o(.text.OUTLINED_FUNCTION_4))
<BR><BR>[Called By]<UL><LI><a href="#[98]">&gt;&gt;</a>&nbsp;&nbsp;&nbsp;HAL_RCC_OscConfig
<LI><a href="#[93]">&gt;&gt;</a>&nbsp;&nbsp;&nbsp;HAL_RCC_ClockConfig
</UL>

<P><STRONG><a name="[9a]"></a>RCC_SetFlashLatencyFromMSIRange</STRONG> (Thumb, 116 bytes, Stack size 24 bytes, stm32l4xx_hal_rcc.o(.text.RCC_SetFlashLatencyFromMSIRange))
<BR><BR>[Stack]<UL><LI>Max Depth = 24<LI>Call Chain = RCC_SetFlashLatencyFromMSIRange
</UL>
<BR>[Calls]<UL><LI><a href="#[b8]">&gt;&gt;</a>&nbsp;&nbsp;&nbsp;HAL_PWREx_GetVoltageRange
</UL>
<BR>[Called By]<UL><LI><a href="#[98]">&gt;&gt;</a>&nbsp;&nbsp;&nbsp;HAL_RCC_OscConfig
</UL>

<P><STRONG><a name="[ab]"></a>OUTLINED_FUNCTION_19</STRONG> (Thumb, 26 bytes, Stack size 0 bytes, stm32l4xx_hal_tim.o(.text.OUTLINED_FUNCTION_19))
<BR><BR>[Called By]<UL><LI><a href="#[a8]">&gt;&gt;</a>&nbsp;&nbsp;&nbsp;HAL_TIM_ConfigClockSource
</UL>

<P><STRONG><a name="[a2]"></a>OUTLINED_FUNCTION_21</STRONG> (Thumb, 10 bytes, Stack size 0 bytes, stm32l4xx_hal_tim.o(.text.OUTLINED_FUNCTION_21))
<BR><BR>[Called By]<UL><LI><a href="#[a0]">&gt;&gt;</a>&nbsp;&nbsp;&nbsp;HAL_TIM_Base_Init
</UL>

<P><STRONG><a name="[aa]"></a>OUTLINED_FUNCTION_36</STRONG> (Thumb, 14 bytes, Stack size 0 bytes, stm32l4xx_hal_tim.o(.text.OUTLINED_FUNCTION_36))
<BR><BR>[Called By]<UL><LI><a href="#[a8]">&gt;&gt;</a>&nbsp;&nbsp;&nbsp;HAL_TIM_ConfigClockSource
</UL>

<P><STRONG><a name="[a9]"></a>OUTLINED_FUNCTION_39</STRONG> (Thumb, 12 bytes, Stack size 0 bytes, stm32l4xx_hal_tim.o(.text.OUTLINED_FUNCTION_39))
<BR><BR>[Called By]<UL><LI><a href="#[a8]">&gt;&gt;</a>&nbsp;&nbsp;&nbsp;HAL_TIM_ConfigClockSource
</UL>

<P><STRONG><a name="[a1]"></a>OUTLINED_FUNCTION_45</STRONG> (Thumb, 10 bytes, Stack size 0 bytes, stm32l4xx_hal_tim.o(.text.OUTLINED_FUNCTION_45))
<BR><BR>[Called By]<UL><LI><a href="#[a0]">&gt;&gt;</a>&nbsp;&nbsp;&nbsp;HAL_TIM_Base_Init
</UL>

<P><STRONG><a name="[a5]"></a>OUTLINED_FUNCTION_5</STRONG> (Thumb, 8 bytes, Stack size 0 bytes, stm32l4xx_hal_tim.o(.text.OUTLINED_FUNCTION_5))
<BR><BR>[Called By]<UL><LI><a href="#[a0]">&gt;&gt;</a>&nbsp;&nbsp;&nbsp;HAL_TIM_Base_Init
</UL>

<P><STRONG><a name="[a7]"></a>OUTLINED_FUNCTION_52</STRONG> (Thumb, 10 bytes, Stack size 0 bytes, stm32l4xx_hal_tim.o(.text.OUTLINED_FUNCTION_52))
<BR><BR>[Called By]<UL><LI><a href="#[a6]">&gt;&gt;</a>&nbsp;&nbsp;&nbsp;HAL_TIM_Base_Start
</UL>

<P><STRONG><a name="[ac]"></a>OUTLINED_FUNCTION_55</STRONG> (Thumb, 10 bytes, Stack size 0 bytes, stm32l4xx_hal_tim.o(.text.OUTLINED_FUNCTION_55))
<BR><BR>[Stack]<UL><LI>Max Depth = 8<LI>Call Chain = OUTLINED_FUNCTION_55 &rArr; TIM_TI1_ConfigInputStage
</UL>
<BR>[Calls]<UL><LI><a href="#[b6]">&gt;&gt;</a>&nbsp;&nbsp;&nbsp;TIM_TI1_ConfigInputStage
</UL>
<BR>[Called By]<UL><LI><a href="#[a8]">&gt;&gt;</a>&nbsp;&nbsp;&nbsp;HAL_TIM_ConfigClockSource
</UL>

<P><STRONG><a name="[a4]"></a>OUTLINED_FUNCTION_9</STRONG> (Thumb, 14 bytes, Stack size 0 bytes, stm32l4xx_hal_tim.o(.text.OUTLINED_FUNCTION_9))
<BR><BR>[Stack]<UL><LI>Max Depth = 16<LI>Call Chain = OUTLINED_FUNCTION_9 &rArr; TIM_Base_SetConfig
</UL>
<BR>[Calls]<UL><LI><a href="#[b7]">&gt;&gt;</a>&nbsp;&nbsp;&nbsp;TIM_Base_SetConfig
</UL>
<BR>[Called By]<UL><LI><a href="#[a0]">&gt;&gt;</a>&nbsp;&nbsp;&nbsp;HAL_TIM_Base_Init
</UL>

<P><STRONG><a name="[b6]"></a>TIM_TI1_ConfigInputStage</STRONG> (Thumb, 34 bytes, Stack size 8 bytes, stm32l4xx_hal_tim.o(.text.TIM_TI1_ConfigInputStage))
<BR><BR>[Stack]<UL><LI>Max Depth = 8<LI>Call Chain = TIM_TI1_ConfigInputStage
</UL>
<BR>[Called By]<UL><LI><a href="#[ac]">&gt;&gt;</a>&nbsp;&nbsp;&nbsp;OUTLINED_FUNCTION_55
</UL>

<P><STRONG><a name="[ad]"></a>TIM_TI2_ConfigInputStage</STRONG> (Thumb, 34 bytes, Stack size 0 bytes, stm32l4xx_hal_tim.o(.text.TIM_TI2_ConfigInputStage))
<BR><BR>[Called By]<UL><LI><a href="#[a8]">&gt;&gt;</a>&nbsp;&nbsp;&nbsp;HAL_TIM_ConfigClockSource
</UL>

<P><STRONG><a name="[dc]"></a>OUTLINED_FUNCTION_2</STRONG> (Thumb, 6 bytes, Stack size 0 bytes, nnom_local.o(.text.OUTLINED_FUNCTION_2))
<BR><BR>[Called By]<UL><LI><a href="#[db]">&gt;&gt;</a>&nbsp;&nbsp;&nbsp;local_maxpool_q7_HWC
</UL>

<P><STRONG><a name="[bd]"></a>allocate_block</STRONG> (Thumb, 22 bytes, Stack size 0 bytes, nnom.o(.text.allocate_block))
<BR><BR>[Called By]<UL><LI><a href="#[bc]">&gt;&gt;</a>&nbsp;&nbsp;&nbsp;compile_layers
</UL>

<P><STRONG><a name="[eb]"></a>find_last</STRONG> (Thumb, 16 bytes, Stack size 0 bytes, nnom.o(.text.find_last))
<BR><BR>[Called By]<UL><LI><a href="#[e6]">&gt;&gt;</a>&nbsp;&nbsp;&nbsp;model_compile
<LI><a href="#[7a]">&gt;&gt;</a>&nbsp;&nbsp;&nbsp;model_add
</UL>

<P><STRONG><a name="[d8]"></a>io_list_delete</STRONG> (Thumb, 48 bytes, Stack size 16 bytes, nnom.o(.text.io_list_delete))
<BR><BR>[Stack]<UL><LI>Max Depth = 24<LI>Call Chain = io_list_delete &rArr; free
</UL>
<BR>[Calls]<UL><LI><a href="#[cf]">&gt;&gt;</a>&nbsp;&nbsp;&nbsp;free
</UL>
<BR>[Called By]<UL><LI><a href="#[e9]">&gt;&gt;</a>&nbsp;&nbsp;&nbsp;model_delete
</UL>

<P><STRONG><a name="[be]"></a>io_mem_size</STRONG> (Thumb, 20 bytes, Stack size 8 bytes, nnom.o(.text.io_mem_size))
<BR><BR>[Stack]<UL><LI>Max Depth = 16<LI>Call Chain = io_mem_size &rArr; tensor_size
</UL>
<BR>[Calls]<UL><LI><a href="#[6d]">&gt;&gt;</a>&nbsp;&nbsp;&nbsp;tensor_size
</UL>
<BR>[Called By]<UL><LI><a href="#[bc]">&gt;&gt;</a>&nbsp;&nbsp;&nbsp;compile_layers
</UL>

<P><STRONG><a name="[d9]"></a>io_tensor_delete</STRONG> (Thumb, 18 bytes, Stack size 8 bytes, nnom.o(.text.io_tensor_delete))
<BR><BR>[Stack]<UL><LI>Max Depth = 16<LI>Call Chain = io_tensor_delete &rArr; free
</UL>
<BR>[Calls]<UL><LI><a href="#[cf]">&gt;&gt;</a>&nbsp;&nbsp;&nbsp;free
</UL>
<BR>[Called By]<UL><LI><a href="#[e9]">&gt;&gt;</a>&nbsp;&nbsp;&nbsp;model_delete
</UL>

<P><STRONG><a name="[76]"></a>model_active</STRONG> (Thumb, 6 bytes, Stack size 0 bytes, nnom.o(.text.model_active))
<BR>[Address Reference Count : 1]<UL><LI> nnom.o(.text.new_model)
</UL>
<P><STRONG><a name="[7a]"></a>model_add</STRONG> (Thumb, 38 bytes, Stack size 16 bytes, nnom.o(.text.model_add))
<BR><BR>[Stack]<UL><LI>Max Depth = 16<LI>Call Chain = model_add
</UL>
<BR>[Calls]<UL><LI><a href="#[eb]">&gt;&gt;</a>&nbsp;&nbsp;&nbsp;find_last
</UL>
<BR>[Address Reference Count : 1]<UL><LI> nnom.o(.text.new_model)
</UL>
<P><STRONG><a name="[79]"></a>model_hook</STRONG> (Thumb, 88 bytes, Stack size 24 bytes, nnom.o(.text.model_hook))
<BR><BR>[Stack]<UL><LI>Max Depth = 60<LI>Call Chain = model_hook &rArr; nnom_mem &rArr; malloc
</UL>
<BR>[Calls]<UL><LI><a href="#[85]">&gt;&gt;</a>&nbsp;&nbsp;&nbsp;nnom_mem
</UL>
<BR>[Called By]<UL><LI><a href="#[77]">&gt;&gt;</a>&nbsp;&nbsp;&nbsp;model_mergex
</UL>
<BR>[Address Reference Count : 1]<UL><LI> nnom.o(.text.new_model)
</UL>
<P><STRONG><a name="[78]"></a>model_merge</STRONG> (Thumb, 10 bytes, Stack size 0 bytes, nnom.o(.text.model_merge))
<BR>[Address Reference Count : 1]<UL><LI> nnom.o(.text.new_model)
</UL>
<P><STRONG><a name="[77]"></a>model_mergex</STRONG> (Thumb, 52 bytes, Stack size 32 bytes, nnom.o(.text.model_mergex))
<BR><BR>[Stack]<UL><LI>Max Depth = 92<LI>Call Chain = model_mergex &rArr; model_hook &rArr; nnom_mem &rArr; malloc
</UL>
<BR>[Calls]<UL><LI><a href="#[79]">&gt;&gt;</a>&nbsp;&nbsp;&nbsp;model_hook
</UL>
<BR>[Address Reference Count : 1]<UL><LI> nnom.o(.text.new_model)
</UL>
<P><STRONG><a name="[f4]"></a>release_block</STRONG> (Thumb, 20 bytes, Stack size 0 bytes, nnom.o(.text.release_block))
<BR><BR>[Called By]<UL><LI><a href="#[bf]">&gt;&gt;</a>&nbsp;&nbsp;&nbsp;release_input_mem
<LI><a href="#[c0]">&gt;&gt;</a>&nbsp;&nbsp;&nbsp;release_comp_mem
</UL>

<P><STRONG><a name="[c0]"></a>release_comp_mem</STRONG> (Thumb, 12 bytes, Stack size 0 bytes, nnom.o(.text.release_comp_mem))
<BR><BR>[Calls]<UL><LI><a href="#[f4]">&gt;&gt;</a>&nbsp;&nbsp;&nbsp;release_block
</UL>
<BR>[Called By]<UL><LI><a href="#[bc]">&gt;&gt;</a>&nbsp;&nbsp;&nbsp;compile_layers
</UL>

<P><STRONG><a name="[bf]"></a>release_input_mem</STRONG> (Thumb, 22 bytes, Stack size 8 bytes, nnom.o(.text.release_input_mem))
<BR><BR>[Stack]<UL><LI>Max Depth = 8<LI>Call Chain = release_input_mem
</UL>
<BR>[Calls]<UL><LI><a href="#[f4]">&gt;&gt;</a>&nbsp;&nbsp;&nbsp;release_block
</UL>
<BR>[Called By]<UL><LI><a href="#[bc]">&gt;&gt;</a>&nbsp;&nbsp;&nbsp;compile_layers
</UL>

<P><STRONG><a name="[d3]"></a>OUTLINED_FUNCTION_0</STRONG> (Thumb, 10 bytes, Stack size 0 bytes, nnom_layers.o(.text.OUTLINED_FUNCTION_0))
<BR><BR>[Called By]<UL><LI><a href="#[cc]">&gt;&gt;</a>&nbsp;&nbsp;&nbsp;stride
<LI><a href="#[cb]">&gt;&gt;</a>&nbsp;&nbsp;&nbsp;kernel
<LI><a href="#[cd]">&gt;&gt;</a>&nbsp;&nbsp;&nbsp;dilation
</UL>

<P><STRONG><a name="[af]"></a>OUTLINED_FUNCTION_0</STRONG> (Thumb, 12 bytes, Stack size 0 bytes, nnom_tensor.o(.text.OUTLINED_FUNCTION_0))
<BR><BR>[Stack]<UL><LI>Max Depth = 8<LI>Call Chain = OUTLINED_FUNCTION_0 &rArr; __aeabi_memcpy
</UL>
<BR>[Calls]<UL><LI><a href="#[b0]">&gt;&gt;</a>&nbsp;&nbsp;&nbsp;__aeabi_memcpy
</UL>
<BR>[Called By]<UL><LI><a href="#[d7]">&gt;&gt;</a>&nbsp;&nbsp;&nbsp;tensor_set_attr_v
<LI><a href="#[d0]">&gt;&gt;</a>&nbsp;&nbsp;&nbsp;tensor_set_attr
</UL>

<P><STRONG><a name="[b5]"></a>OUTLINED_FUNCTION_5</STRONG> (Thumb, 6 bytes, Stack size 0 bytes, nnom_activation.o(.text.OUTLINED_FUNCTION_5))
<BR><BR>[Stack]<UL><LI>Max Depth = 8<LI>Call Chain = OUTLINED_FUNCTION_5 &rArr; tensor_size
</UL>
<BR>[Calls]<UL><LI><a href="#[6d]">&gt;&gt;</a>&nbsp;&nbsp;&nbsp;tensor_size
</UL>
<BR>[Called By]<UL><LI><a href="#[69]">&gt;&gt;</a>&nbsp;&nbsp;&nbsp;relu_run
</UL>

<P><STRONG><a name="[f5]"></a>OUTLINED_FUNCTION_7</STRONG> (Thumb, 8 bytes, Stack size 0 bytes, nnom_activation.o(.text.OUTLINED_FUNCTION_7))
<BR><BR>[Called By]<UL><LI><a href="#[69]">&gt;&gt;</a>&nbsp;&nbsp;&nbsp;relu_run
</UL>

<P><STRONG><a name="[69]"></a>relu_run</STRONG> (Thumb, 38 bytes, Stack size 8 bytes, nnom_activation.o(.text.relu_run))
<BR><BR>[Stack]<UL><LI>Max Depth = 16<LI>Call Chain = relu_run &rArr; OUTLINED_FUNCTION_5 &rArr; tensor_size
</UL>
<BR>[Calls]<UL><LI><a href="#[f5]">&gt;&gt;</a>&nbsp;&nbsp;&nbsp;OUTLINED_FUNCTION_7
<LI><a href="#[b5]">&gt;&gt;</a>&nbsp;&nbsp;&nbsp;OUTLINED_FUNCTION_5
<LI><a href="#[f6]">&gt;&gt;</a>&nbsp;&nbsp;&nbsp;local_relu_q15
<LI><a href="#[f7]">&gt;&gt;</a>&nbsp;&nbsp;&nbsp;local_relu_q7
</UL>
<BR>[Address Reference Count : 1]<UL><LI> nnom_activation.o(.text.act_relu)
</UL>
<P><STRONG><a name="[c7]"></a>OUTLINED_FUNCTION_0</STRONG> (Thumb, 70 bytes, Stack size 0 bytes, nnom_conv2d.o(.text.OUTLINED_FUNCTION_0))
<BR><BR>[Called By]<UL><LI><a href="#[6c]">&gt;&gt;</a>&nbsp;&nbsp;&nbsp;conv2d_run
</UL>

<P><STRONG><a name="[b2]"></a>OUTLINED_FUNCTION_1</STRONG> (Thumb, 26 bytes, Stack size 0 bytes, nnom_conv2d.o(.text.OUTLINED_FUNCTION_1))
<BR><BR>[Calls]<UL><LI><a href="#[86]">&gt;&gt;</a>&nbsp;&nbsp;&nbsp;io_init
</UL>
<BR>[Called By]<UL><LI><a href="#[73]">&gt;&gt;</a>&nbsp;&nbsp;&nbsp;conv2d_s
</UL>

<P><STRONG><a name="[c6]"></a>OUTLINED_FUNCTION_2</STRONG> (Thumb, 20 bytes, Stack size 0 bytes, nnom_conv2d.o(.text.OUTLINED_FUNCTION_2))
<BR><BR>[Called By]<UL><LI><a href="#[6c]">&gt;&gt;</a>&nbsp;&nbsp;&nbsp;conv2d_run
</UL>

<P><STRONG><a name="[c8]"></a>OUTLINED_FUNCTION_3</STRONG> (Thumb, 18 bytes, Stack size 0 bytes, nnom_conv2d.o(.text.OUTLINED_FUNCTION_3))
<BR><BR>[Called By]<UL><LI><a href="#[6c]">&gt;&gt;</a>&nbsp;&nbsp;&nbsp;conv2d_run
</UL>

<P><STRONG><a name="[b4]"></a>OUTLINED_FUNCTION_4</STRONG> (Thumb, 12 bytes, Stack size 0 bytes, nnom_conv2d.o(.text.OUTLINED_FUNCTION_4))
<BR><BR>[Calls]<UL><LI><a href="#[86]">&gt;&gt;</a>&nbsp;&nbsp;&nbsp;io_init
</UL>
<BR>[Called By]<UL><LI><a href="#[73]">&gt;&gt;</a>&nbsp;&nbsp;&nbsp;conv2d_s
</UL>

<P><STRONG><a name="[b1]"></a>OUTLINED_FUNCTION_0</STRONG> (Thumb, 18 bytes, Stack size 0 bytes, nnom_input.o(.text.OUTLINED_FUNCTION_0))
<BR><BR>[Calls]<UL><LI><a href="#[86]">&gt;&gt;</a>&nbsp;&nbsp;&nbsp;io_init
</UL>
<BR>[Called By]<UL><LI><a href="#[d5]">&gt;&gt;</a>&nbsp;&nbsp;&nbsp;input_s
</UL>

<P><STRONG><a name="[b3]"></a>OUTLINED_FUNCTION_1</STRONG> (Thumb, 12 bytes, Stack size 0 bytes, nnom_input.o(.text.OUTLINED_FUNCTION_1))
<BR><BR>[Calls]<UL><LI><a href="#[86]">&gt;&gt;</a>&nbsp;&nbsp;&nbsp;io_init
</UL>
<BR>[Called By]<UL><LI><a href="#[d5]">&gt;&gt;</a>&nbsp;&nbsp;&nbsp;input_s
</UL>

<P><STRONG><a name="[ea]"></a>OUTLINED_FUNCTION_0</STRONG> (Thumb, 14 bytes, Stack size 0 bytes, nnom_maxpool.o(.text.OUTLINED_FUNCTION_0))
<BR><BR>[Called By]<UL><LI><a href="#[67]">&gt;&gt;</a>&nbsp;&nbsp;&nbsp;maxpool_build
</UL>

<P><STRONG><a name="[fa]"></a>_printf_core</STRONG> (Thumb, 436 bytes, Stack size 96 bytes, printf3.o(i._printf_core), UNUSED)
<BR><BR>[Calls]<UL><LI><a href="#[fb]">&gt;&gt;</a>&nbsp;&nbsp;&nbsp;__aeabi_uidivmod
</UL>
<BR>[Called By]<UL><LI><a href="#[f9]">&gt;&gt;</a>&nbsp;&nbsp;&nbsp;__0printf$3
</UL>
<P>
<H3>
Undefined Global Symbols
</H3><HR></body></html>
