Component: ARM Compiler 5.06 update 6 (build 750) Tool: armlink [4d35ed]

==============================================================================

Section Cross References

    am_time.o(i.am_systick_isr) refers to am_time.o(.data) for .data
    core_list_join.o(i.calc_func) refers to core_util.o(i.crcu16) for crcu16
    core_list_join.o(i.calc_func) refers to core_state.o(i.core_bench_state) for core_bench_state
    core_list_join.o(i.calc_func) refers to core_matrix.o(i.core_bench_matrix) for core_bench_matrix
    core_list_join.o(i.cmp_complex) refers to core_list_join.o(i.calc_func) for calc_func
    core_list_join.o(i.core_bench_list) refers to core_list_join.o(i.core_list_mergesort) for core_list_mergesort
    core_list_join.o(i.core_bench_list) refers to core_util.o(i.crc16) for crc16
    core_list_join.o(i.core_bench_list) refers to core_list_join.o(i.cmp_complex) for cmp_complex
    core_list_join.o(i.core_bench_list) refers to core_list_join.o(i.cmp_idx) for cmp_idx
    core_list_join.o(i.core_list_init) refers to core_list_join.o(i.core_list_mergesort) for core_list_mergesort
    core_list_join.o(i.core_list_init) refers to core_list_join.o(i.cmp_idx) for cmp_idx
    core_main.o(i.iterate) refers to core_list_join.o(i.core_bench_list) for core_bench_list
    core_main.o(i.iterate) refers to core_util.o(i.crcu16) for crcu16
    core_main.o(i.main) refers to core_portme.o(i.portable_init) for portable_init
    core_main.o(i.main) refers to core_util.o(i.get_seed_32) for get_seed_32
    core_main.o(i.main) refers to core_list_join.o(i.core_list_init) for core_list_init
    core_main.o(i.main) refers to core_matrix.o(i.core_init_matrix) for core_init_matrix
    core_main.o(i.main) refers to core_state.o(i.core_init_state) for core_init_state
    core_main.o(i.main) refers to core_portme.o(i.start_time) for start_time
    core_main.o(i.main) refers to core_list_join.o(i.core_bench_list) for core_bench_list
    core_main.o(i.main) refers to core_util.o(i.crcu16) for crcu16
    core_main.o(i.main) refers to core_portme.o(i.stop_time) for stop_time
    core_main.o(i.main) refers to core_portme.o(i.get_time) for get_time
    core_main.o(i.main) refers to core_portme.o(i.time_in_secs) for time_in_secs
    core_main.o(i.main) refers to dleqf.o(x$fpl$dleqf) for __aeabi_cdcmple
    core_main.o(i.main) refers to dfixu.o(x$fpl$dfixu) for __aeabi_d2uiz
    core_main.o(i.main) refers to core_util.o(i.crc16) for crc16
    core_main.o(i.main) refers to core_portme.o(i.am_sprintf) for am_sprintf
    core_main.o(i.main) refers to core_util.o(i.check_data_types) for check_data_types
    core_main.o(i.main) refers to drleqf.o(x$fpl$drleqf) for __aeabi_cdrcmple
    core_main.o(i.main) refers to dflt_clz.o(x$fpl$dfltu) for __aeabi_ui2d
    core_main.o(i.main) refers to ddiv.o(x$fpl$ddiv) for __aeabi_ddiv
    core_main.o(i.main) refers to core_portme.o(.data) for default_num_contexts
    core_main.o(i.main) refers to core_main.o(.data) for .data
    core_main.o(i.main) refers to core_main.o(.conststring) for .conststring
    core_main.o(i.main) refers to d2f.o(x$fpl$d2f) for __aeabi_d2f
    core_main.o(i.main) refers to f2d.o(x$fpl$f2d) for __aeabi_f2d
    core_main.o(i.main) refers to core_portme.o(i.portable_fini) for portable_fini
    core_main.o(.data) refers to core_main.o(.conststring) for .conststring
    core_matrix.o(i.core_bench_matrix) refers to core_matrix.o(i.matrix_test) for matrix_test
    core_matrix.o(i.core_bench_matrix) refers to core_util.o(i.crc16) for crc16
    core_matrix.o(i.matrix_test) refers to core_matrix.o(i.matrix_sum) for matrix_sum
    core_matrix.o(i.matrix_test) refers to core_util.o(i.crc16) for crc16
    core_portme.o(i.am_sprintf) refers to am_util_stdio.o(i.am_util_stdio_vsprintf) for am_util_stdio_vsprintf
    core_portme.o(i.am_sprintf) refers to am_util_stdio.o(i.am_util_stdio_sprintf) for am_util_stdio_sprintf
    core_portme.o(i.am_sprintf) refers to core_portme.o(.data) for .data
    core_portme.o(i.am_sprintf) refers to core_portme.o(.bss) for .bss
    core_portme.o(i.get_time) refers to core_portme.o(.data) for .data
    core_portme.o(i.portable_fini) refers to am_util_stdio.o(i.am_util_stdio_printf_init) for am_util_stdio_printf_init
    core_portme.o(i.portable_fini) refers to core_portme.o(i.uart_init) for uart_init
    core_portme.o(i.portable_fini) refers to am_util_stdio.o(i.am_util_stdio_terminal_clear) for am_util_stdio_terminal_clear
    core_portme.o(i.portable_fini) refers to am_util_stdio.o(i.am_util_stdio_printf) for am_util_stdio_printf
    core_portme.o(i.portable_fini) refers to core_portme.o(i.uart_disable) for uart_disable
    core_portme.o(i.portable_fini) refers to am_devices_led.o(i.am_devices_led_array_init) for am_devices_led_array_init
    core_portme.o(i.portable_fini) refers to am_devices_led.o(i.am_devices_led_on) for am_devices_led_on
[...]
    Removing am_hal_iom.o(i.am_hal_iom_config), (652 bytes).
    Removing am_hal_iom.o(i.am_hal_iom_disable), (44 bytes).
    Removing am_hal_iom.o(i.am_hal_iom_enable), (40 bytes).
    Removing am_hal_iom.o(i.am_hal_iom_error_status_get), (16 bytes).
    Removing am_hal_iom.o(i.am_hal_iom_fifo_empty_slots), (44 bytes).
    Removing am_hal_iom.o(i.am_hal_iom_fifo_full_slots), (26 bytes).
    Removing am_hal_iom.o(i.am_hal_iom_fifo_read), (216 bytes).
    Removing am_hal_iom.o(i.am_hal_iom_fifo_write), (232 bytes).
    Removing am_hal_iom.o(i.am_hal_iom_frequency_get), (72 bytes).
    Removing am_hal_iom.o(i.am_hal_iom_i2c_cmd_run), (348 bytes).
    Removing am_hal_iom.o(i.am_hal_iom_i2c_read), (320 bytes).
    Removing am_hal_iom.o(i.am_hal_iom_i2c_read_nb), (244 bytes).
    Removing am_hal_iom.o(i.am_hal_iom_i2c_read_nq), (344 bytes).
    Removing am_hal_iom.o(i.am_hal_iom_i2c_write), (316 bytes).
    Removing am_hal_iom.o(i.am_hal_iom_i2c_write_nb), (292 bytes).
    Removing am_hal_iom.o(i.am_hal_iom_i2c_write_nq), (392 bytes).
    Removing am_hal_iom.o(i.am_hal_iom_int_clear), (22 bytes).
    Removing am_hal_iom.o(i.am_hal_iom_int_disable), (30 bytes).
    Removing am_hal_iom.o(i.am_hal_iom_int_enable), (28 bytes).
    Removing am_hal_iom.o(i.am_hal_iom_int_enable_get), (24 bytes).
    Removing am_hal_iom.o(i.am_hal_iom_int_service), (360 bytes).
    Removing am_hal_iom.o(i.am_hal_iom_int_set), (22 bytes).
    Removing am_hal_iom.o(i.am_hal_iom_int_status_get), (40 bytes).
    Removing am_hal_iom.o(i.am_hal_iom_poll_complete), (20 bytes).
    Removing am_hal_iom.o(i.am_hal_iom_power_off_save), (156 bytes).
    Removing am_hal_iom.o(i.am_hal_iom_power_on_restore), (172 bytes).
    Removing am_hal_iom.o(i.am_hal_iom_pwrctrl_disable), (100 bytes).
    Removing am_hal_iom.o(i.am_hal_iom_pwrctrl_enable), (100 bytes).
    Removing am_hal_iom.o(i.am_hal_iom_queue_i2c_read), (164 bytes).
    Removing am_hal_iom.o(i.am_hal_iom_queue_i2c_write), (164 bytes).
    Removing am_hal_iom.o(i.am_hal_iom_queue_init), (32 bytes).
    Removing am_hal_iom.o(i.am_hal_iom_queue_length_get), (28 bytes).
    Removing am_hal_iom.o(i.am_hal_iom_queue_service), (212 bytes).
    Removing am_hal_iom.o(i.am_hal_iom_queue_spi_read), (168 bytes).
    Removing am_hal_iom.o(i.am_hal_iom_queue_spi_write), (172 bytes).
    Removing am_hal_iom.o(i.am_hal_iom_queue_start_next_msg), (184 bytes).
    Removing am_hal_iom.o(i.am_hal_iom_sleeping_queue_flush), (88 bytes).
    Removing am_hal_iom.o(i.am_hal_iom_spi_cmd_run), (120 bytes).
    Removing am_hal_iom.o(i.am_hal_iom_spi_fullduplex), (84 bytes).
    Removing am_hal_iom.o(i.am_hal_iom_spi_fullduplex_nq), (460 bytes).
    Removing am_hal_iom.o(i.am_hal_iom_spi_read), (248 bytes).
    Removing am_hal_iom.o(i.am_hal_iom_spi_read_nb), (292 bytes).
    Removing am_hal_iom.o(i.am_hal_iom_spi_read_nq), (388 bytes).
    Removing am_hal_iom.o(i.am_hal_iom_spi_write), (236 bytes).
    Removing am_hal_iom.o(i.am_hal_iom_spi_write_nb), (284 bytes).
    Removing am_hal_iom.o(i.am_hal_iom_spi_write_nq), (352 bytes).
    Removing am_hal_iom.o(i.am_hal_iom_status_get), (24 bytes).
    Removing am_hal_iom.o(i.am_hal_iom_workaround_word_write), (1196 bytes).
    Removing am_hal_iom.o(i.internal_iom_get_int_err), (58 bytes).
    Removing am_hal_iom.o(i.isRevB0), (20 bytes).
    Removing am_hal_iom.o(.bss), (408 bytes).
    Removing am_hal_iom.o(.constdata), (65 bytes).
    Removing am_hal_iom.o(.data), (18 bytes).
    Removing am_hal_itm.o(i.am_hal_itm_disable), (100 bytes).
    Removing am_hal_itm.o(i.am_hal_itm_enable), (88 bytes).
    Removing am_hal_itm.o(i.am_hal_itm_not_busy), (24 bytes).
    Removing am_hal_itm.o(i.am_hal_itm_print), (48 bytes).
    Removing am_hal_itm.o(i.am_hal_itm_print_not_busy), (14 bytes).
    Removing am_hal_itm.o(i.am_hal_itm_stimulus_not_busy), (18 bytes).
    Removing am_hal_itm.o(i.am_hal_itm_stimulus_reg_byte_write), (18 bytes).
    Removing am_hal_itm.o(i.am_hal_itm_stimulus_reg_short_write), (18 bytes).
    Removing am_hal_itm.o(i.am_hal_itm_stimulus_reg_word_write), (18 bytes).
    Removing am_hal_itm.o(i.am_hal_itm_sync_send), (20 bytes).
    Removing am_hal_itm.o(i.am_hal_itm_trace_port_disable), (24 bytes).
    Removing am_hal_itm.o(i.am_hal_itm_trace_port_enable), (24 bytes).
    Removing am_hal_queue.o(i.am_hal_queue_init), (22 bytes).
    Removing am_hal_queue.o(i.am_hal_queue_item_add), (158 bytes).
    Removing am_hal_queue.o(i.am_hal_queue_item_get), (152 bytes).
    Removing am_hal_rtc.o(i.am_hal_rtc_alarm_get), (158 bytes).
    Removing am_hal_rtc.o(i.am_hal_rtc_alarm_interval_set), (52 bytes).
    Removing am_hal_rtc.o(i.am_hal_rtc_alarm_set), (312 bytes).
    Removing am_hal_rtc.o(i.am_hal_rtc_int_clear), (10 bytes).
    Removing am_hal_rtc.o(i.am_hal_rtc_int_disable), (18 bytes).
    Removing am_hal_rtc.o(i.am_hal_rtc_int_enable), (16 bytes).
    Removing am_hal_rtc.o(i.am_hal_rtc_int_enable_get), (10 bytes).
    Removing am_hal_rtc.o(i.am_hal_rtc_int_set), (10 bytes).
    Removing am_hal_rtc.o(i.am_hal_rtc_int_status_get), (24 bytes).
    Removing am_hal_rtc.o(i.am_hal_rtc_osc_enable), (14 bytes).
    Removing am_hal_rtc.o(i.am_hal_rtc_time_12hour), (14 bytes).
    Removing am_hal_rtc.o(i.am_hal_rtc_time_get), (198 bytes).
    Removing am_hal_rtc.o(i.am_hal_rtc_time_set), (368 bytes).
    Removing am_hal_tpiu.o(i.am_hal_tpiu_clock_disable), (20 bytes).
    Removing am_hal_tpiu.o(i.am_hal_tpiu_clock_enable), (20 bytes).
    Removing am_hal_tpiu.o(i.am_hal_tpiu_configure), (48 bytes).
    Removing am_hal_tpiu.o(i.am_hal_tpiu_disable), (16 bytes).
    Removing am_hal_tpiu.o(i.am_hal_tpiu_enable), (136 bytes).
    Removing am_hal_tpiu.o(i.am_hal_tpiu_port_width_get), (40 bytes).
    Removing am_hal_tpiu.o(i.am_hal_tpiu_port_width_set), (20 bytes).
    Removing am_hal_tpiu.o(i.am_hal_tpiu_supported_port_width_get), (56 bytes).
    Removing am_hal_vcomp.o(i.am_hal_vcomp_config), (20 bytes).
    Removing am_hal_vcomp.o(i.am_hal_vcomp_dac_level_set), (24 bytes).
    Removing am_hal_vcomp.o(i.am_hal_vcomp_enable), (12 bytes).
    Removing am_hal_vcomp.o(i.am_hal_vcomp_int_clear), (12 bytes).
    Removing am_hal_vcomp.o(i.am_hal_vcomp_int_disable), (20 bytes).
    Removing am_hal_vcomp.o(i.am_hal_vcomp_int_enable), (20 bytes).
    Removing am_hal_vcomp.o(i.am_hal_vcomp_int_enable_get), (12 bytes).
    Removing am_hal_vcomp.o(i.am_hal_vcomp_int_set), (12 bytes).
    Removing am_hal_vcomp.o(i.am_hal_vcomp_int_status_get), (24 bytes).
    Removing am_hal_vcomp.o(i.am_hal_vcomp_read), (16 bytes).
    Removing am_hal_i2c_bit_bang.o(i.am_hal_i2c_bit_bang_init), (516 bytes).
    Removing am_hal_i2c_bit_bang.o(i.am_hal_i2c_bit_bang_receive), (476 bytes).
    Removing am_hal_i2c_bit_bang.o(i.am_hal_i2c_bit_bang_send), (204 bytes).
    Removing am_hal_i2c_bit_bang.o(i.i2c_pull_and_wait_scl_hi), (60 bytes).
    Removing am_hal_i2c_bit_bang.o(i.i2c_send_byte), (160 bytes).
    Removing am_hal_i2c_bit_bang.o(.bss), (44 bytes).

284 unused section(s) (total 28485 bytes) removed from the image.

==============================================================================

Image Symbol Table

    Local Symbols

    Symbol Name                              Value     Ov Type        Size  Object(Section)

    RESET                                    0x00000000   Section      232  startup_keil.o(RESET)
    ../../../../../devices/am_devices_led.c  0x00000000   Number         0  am_devices_led.o ABSOLUTE
    ../../../../../utils/am_util_delay.c     0x00000000   Number         0  am_util_delay.o ABSOLUTE
    ../../../../../utils/am_util_faultisr.c  0x00000000   Number         0  am_util_faultisr.o ABSOLUTE
    ../../../../../utils/am_util_stdio.c     0x00000000   Number         0  am_util_stdio.o ABSOLUTE
    ../am_bsp.c                              0x00000000   Number         0  am_bsp.o ABSOLUTE
    ../am_hal_cachectrl.c                    0x00000000   Number         0  am_hal_cachectrl.o ABSOLUTE
    ../am_hal_clkgen.c                       0x00000000   Number         0  am_hal_clkgen.o ABSOLUTE
    ../am_hal_ctimer.c                       0x00000000   Number         0  am_hal_ctimer.o ABSOLUTE
    ../am_hal_debug.c                        0x00000000   Number         0  am_hal_debug.o ABSOLUTE
    ../am_hal_flash.c                        0x00000000   Number         0  am_hal_flash.o ABSOLUTE
    ../am_hal_global.c                       0x00000000   Number         0  am_hal_global.o ABSOLUTE
    ../am_hal_gpio.c                         0x00000000   Number         0  am_hal_gpio.o ABSOLUTE
    ../am_hal_i2c_bit_bang.c                 0x00000000   Number         0  am_hal_i2c_bit_bang.o ABSOLUTE
    ../am_hal_interrupt.c                    0x00000000   Number         0  am_hal_interrupt.o ABSOLUTE
    ../am_hal_iom.c                          0x00000000   Number         0  am_hal_iom.o ABSOLUTE
    ../am_hal_itm.c                          0x00000000   Number         0  am_hal_itm.o ABSOLUTE
    ../am_hal_mcuctrl.c                      0x00000000   Number         0  am_hal_mcuctrl.o ABSOLUTE
    ../am_hal_pwrctrl.c                      0x00000000   Number         0  am_hal_pwrctrl.o ABSOLUTE
    ../am_hal_queue.c                        0x00000000   Number         0  am_hal_queue.o ABSOLUTE
    ../am_hal_rtc.c                          0x00000000   Number         0  am_hal_rtc.o ABSOLUTE
    ../am_hal_sysctrl.c                      0x00000000   Number         0  am_hal_sysctrl.o ABSOLUTE
    ../am_hal_systick.c                      0x00000000   Number         0  am_hal_systick.o ABSOLUTE
    ../am_hal_tpiu.c                         0x00000000   Number         0  am_hal_tpiu.o ABSOLUTE
    ../am_hal_uart.c                         0x00000000   Number         0  am_hal_uart.o ABSOLUTE
    ../am_hal_vcomp.c                        0x00000000   Number         0  am_hal_vcomp.o ABSOLUTE
    ../clib/angel/boardlib.s                 0x00000000   Number         0  boardinit1.o ABSOLUTE
    ../clib/angel/boardlib.s                 0x00000000   Number         0  boardinit2.o ABSOLUTE
    ../clib/angel/boardlib.s                 0x00000000   Number         0  boardinit3.o ABSOLUTE
    ../clib/angel/boardlib.s                 0x00000000   Number         0  boardshut.o ABSOLUTE
    ../clib/angel/handlers.s                 0x00000000   Number         0  __scatter_zi.o ABSOLUTE
    ../clib/angel/handlers.s                 0x00000000   Number         0  __scatter_copy.o ABSOLUTE
    ../clib/angel/kernel.s                   0x00000000   Number         0  __rtentry2.o ABSOLUTE
    ../clib/angel/kernel.s                   0x00000000   Number         0  rtexit.o ABSOLUTE
    ../clib/angel/kernel.s                   0x00000000   Number         0  __rtentry.o ABSOLUTE
    ../clib/angel/kernel.s                   0x00000000   Number         0  rtexit2.o ABSOLUTE
    ../clib/angel/kernel.s                   0x00000000   Number         0  __rtentry4.o ABSOLUTE
    ../clib/angel/rt.s                       0x00000000   Number         0  rt_raise.o ABSOLUTE
    ../clib/angel/scatter.s                  0x00000000   Number         0  __scatter.o ABSOLUTE
    ../clib/angel/startup.s                  0x00000000   Number         0  __main.o ABSOLUTE
    ../clib/angel/sys.s                      0x00000000   Number         0  sys_stackheap_outer.o ABSOLUTE
    ../clib/angel/sys.s                      0x00000000   Number         0  use_no_semi.o ABSOLUTE
    ../clib/angel/sys.s                      0x00000000   Number         0  libspace.o ABSOLUTE
    ../clib/angel/sys.s                      0x00000000   Number         0  indicate_semi.o ABSOLUTE
    ../clib/angel/sysapp.c                   0x00000000   Number         0  sys_wrch.o ABSOLUTE
    ../clib/angel/sysapp.c                   0x00000000   Number         0  sys_exit.o ABSOLUTE
    ../clib/angel/sysapp.c                   0x00000000   Number         0  sys_command.o ABSOLUTE
    ../clib/armsys.c                         0x00000000   Number         0  _get_argv_nomalloc.o ABSOLUTE
    ../clib/armsys.c                         0x00000000   Number         0  no_argv.o ABSOLUTE
    ../clib/armsys.c                         0x00000000   Number         0  argv_veneer.o ABSOLUTE
    ../clib/armsys.c                         0x00000000   Number         0  argv_veneer.o ABSOLUTE
    ../clib/heapalloc.c                      0x00000000   Number         0  hrguard.o ABSOLUTE
    ../clib/heapaux.c                        0x00000000   Number         0  heapauxi.o ABSOLUTE
    ../clib/libinit.s                        0x00000000   Number         0  libinit2.o ABSOLUTE
    ../clib/libinit.s                        0x00000000   Number         0  libinit.o ABSOLUTE
    ../clib/libinit.s                        0x00000000   Number         0  libshutdown.o ABSOLUTE
    ../clib/libinit.s                        0x00000000   Number         0  libshutdown2.o ABSOLUTE
    ../clib/longlong.s                       0x00000000   Number         0  llshl.o ABSOLUTE
    ../clib/memcpset.s                       0x00000000   Number         0  rt_memclr_w.o ABSOLUTE
    ../clib/memcpset.s                       0x00000000   Number         0  rt_memclr.o ABSOLUTE
    ../clib/signal.c                         0x00000000   Number         0  defsig_rtmem_outer.o ABSOLUTE
    ../clib/signal.c                         0x00000000   Number         0  defsig_exit.o ABSOLUTE
    ../clib/signal.c                         0x00000000   Number         0  defsig_rtmem_inner.o ABSOLUTE
    ../clib/signal.c                         0x00000000   Number         0  __raise.o ABSOLUTE
    ../clib/signal.c                         0x00000000   Number         0  defsig_general.o ABSOLUTE
    ../clib/signal.c                         0x00000000   Number         0  defsig_pvfn_inner.o ABSOLUTE
    ../clib/signal.c                         0x00000000   Number         0  defsig_abrt_inner.o ABSOLUTE
    ../clib/signal.c                         0x00000000   Number         0  defsig_fpe_inner.o ABSOLUTE
    ../clib/signal.c                         0x00000000   Number         0  defsig_rtred_inner.o ABSOLUTE
    ../clib/signal.c                         0x00000000   Number         0  defsig_stak_inner.o ABSOLUTE
    ../clib/signal.c                         0x00000000   Number         0  defsig_cppl_inner.o ABSOLUTE
    ../clib/signal.c                         0x00000000   Number         0  defsig_segv_inner.o ABSOLUTE
    ../clib/signal.c                         0x00000000   Number         0  defsig_other.o ABSOLUTE
    ../clib/signal.c                         0x00000000   Number         0  defsig_rtmem_formal.o ABSOLUTE
    ../clib/signal.s                         0x00000000   Number         0  defsig.o ABSOLUTE
    ../clib/stdlib.c                         0x00000000   Number         0  exit.o ABSOLUTE
    ../fplib/d2f.s                           0x00000000   Number         0  d2f.o ABSOLUTE
    ../fplib/dcmpi.s                         0x00000000   Number         0  dcmpi.o ABSOLUTE
    ../fplib/ddiv.s                          0x00000000   Number         0  ddiv.o ABSOLUTE
    ../fplib/dfixu.s                         0x00000000   Number         0  dfixu.o ABSOLUTE
    ../fplib/dflt.s                          0x00000000   Number         0  dflt_clz.o ABSOLUTE
    ../fplib/dleqf.s                         0x00000000   Number         0  dleqf.o ABSOLUTE
    ../fplib/dnaninf.s                       0x00000000   Number         0  dnaninf.o ABSOLUTE
    ../fplib/dretinf.s                       0x00000000   Number         0  dretinf.o ABSOLUTE
    ../fplib/drleqf.s                        0x00000000   Number         0  drleqf.o ABSOLUTE
    ../fplib/f2d.s                           0x00000000   Number         0  f2d.o ABSOLUTE
    ../fplib/fnaninf.s                       0x00000000   Number         0  fnaninf.o ABSOLUTE
    ../fplib/fpinit.s                        0x00000000   Number         0  fpinit.o ABSOLUTE
    ../fplib/fretinf.s                       0x00000000   Number         0  fretinf.o ABSOLUTE
    ../fplib/usenofp.s                       0x00000000   Number         0  usenofp.o ABSOLUTE
    ../keil/startup_keil.s                   0x00000000   Number         0  startup_keil.o ABSOLUTE
    ../src/am_time.c                         0x00000000   Number         0  am_time.o ABSOLUTE
    ../src/core_list_join.c                  0x00000000   Number         0  core_list_join.o ABSOLUTE
    ../src/core_main.c                       0x00000000   Number         0  core_main.o ABSOLUTE
    ../src/core_matrix.c                     0x00000000   Number         0  core_matrix.o ABSOLUTE
    ../src/core_portme.c                     0x00000000   Number         0  core_portme.o ABSOLUTE
    ../src/core_state.c                      0x00000000   Number         0  core_state.o ABSOLUTE
    ../src/core_util.c                       0x00000000   Number         0  core_util.o ABSOLUTE
    ..\..\..\..\..\utils\am_util_faultisr.c  0x00000000   Number         0  am_util_faultisr.o ABSOLUTE
    ..\am_hal_ctimer.c                       0x00000000   Number         0  am_hal_ctimer.o ABSOLUTE
    ..\am_hal_interrupt.c                    0x00000000   Number         0  am_hal_interrupt.o ABSOLUTE
    ..\am_hal_iom.c                          0x00000000   Number         0  am_hal_iom.o ABSOLUTE
    dc.s                                     0x00000000   Number         0  dc.o ABSOLUTE
    $v0                                      0x000000c0   Number         0  startup_keil.o(RESET)
    !!!main                                  0x000000e8   Section        8  __main.o(!!!main)
    !!!scatter                               0x000000f0   Section       52  __scatter.o(!!!scatter)
    !!handler_copy                           0x00000124   Section       26  __scatter_copy.o(!!handler_copy)
    !!handler_zi                             0x00000140   Section       28  __scatter_zi.o(!!handler_zi)
    .ARM.Collect$$libinit$$00000000          0x0000015c   Section        2  libinit.o(.ARM.Collect$$libinit$$00000000)
    .ARM.Collect$$libinit$$00000001          0x0000015e   Section        4  libinit2.o(.ARM.Collect$$libinit$$00000001)
    .ARM.Collect$$libinit$$00000004          0x00000162   Section        0  libinit2.o(.ARM.Collect$$libinit$$00000004)
    .ARM.Collect$$libinit$$0000000A          0x00000162   Section        0  libinit2.o(.ARM.Collect$$libinit$$0000000A)
    .ARM.Collect$$libinit$$0000000C          0x00000162   Section        0  libinit2.o(.ARM.Collect$$libinit$$0000000C)
    .ARM.Collect$$libinit$$0000000E          0x00000162   Section        0  libinit2.o(.ARM.Collect$$libinit$$0000000E)
    .ARM.Collect$$libinit$$00000011          0x00000162   Section        0  libinit2.o(.ARM.Collect$$libinit$$00000011)
    .ARM.Collect$$libinit$$00000013          0x00000162   Section        0  libinit2.o(.ARM.Collect$$libinit$$00000013)
    .ARM.Collect$$libinit$$00000015          0x00000162   Section        0  libinit2.o(.ARM.Collect$$libinit$$00000015)
    .ARM.Collect$$libinit$$00000017          0x00000162   Section        0  libinit2.o(.ARM.Collect$$libinit$$00000017)
    .ARM.Collect$$libinit$$00000019          0x00000162   Section        0  libinit2.o(.ARM.Collect$$libinit$$00000019)
    .ARM.Collect$$libinit$$0000001B          0x00000162   Section        0  libinit2.o(.ARM.Collect$$libinit$$0000001B)
    .ARM.Collect$$libinit$$0000001D          0x00000162   Section        0  libinit2.o(.ARM.Collect$$libinit$$0000001D)
    .ARM.Collect$$libinit$$0000001F          0x00000162   Section        0  libinit2.o(.ARM.Collect$$libinit$$0000001F)
    .ARM.Collect$$libinit$$00000021          0x00000162   Section        0  libinit2.o(.ARM.Collect$$libinit$$00000021)
    .ARM.Collect$$libinit$$00000023          0x00000162   Section        0  libinit2.o(.ARM.Collect$$libinit$$00000023)
    .ARM.Collect$$libinit$$00000025          0x00000162   Section        0  libinit2.o(.ARM.Collect$$libinit$$00000025)
    .ARM.Collect$$libinit$$0000002C          0x00000162   Section        0  libinit2.o(.ARM.Collect$$libinit$$0000002C)
    .ARM.Collect$$libinit$$0000002E          0x00000162   Section        0  libinit2.o(.ARM.Collect$$libinit$$0000002E)
    .ARM.Collect$$libinit$$00000030          0x00000162   Section        0  libinit2.o(.ARM.Collect$$libinit$$00000030)
    .ARM.Collect$$libinit$$00000032          0x00000162   Section        0  libinit2.o(.ARM.Collect$$libinit$$00000032)
    .ARM.Collect$$libinit$$00000033          0x00000162   Section        2  libinit2.o(.ARM.Collect$$libinit$$00000033)
    .ARM.Collect$$libshutdown$$00000000      0x00000164   Section        2  libshutdown.o(.ARM.Collect$$libshutdown$$00000000)
    .ARM.Collect$$libshutdown$$00000002      0x00000166   Section        0  libshutdown2.o(.ARM.Collect$$libshutdown$$00000002)
    .ARM.Collect$$libshutdown$$00000004      0x00000166   Section        0  libshutdown2.o(.ARM.Collect$$libshutdown$$00000004)
    .ARM.Collect$$libshutdown$$00000007      0x00000166   Section        0  libshutdown2.o(.ARM.Collect$$libshutdown$$00000007)
    .ARM.Collect$$libshutdown$$0000000A      0x00000166   Section        0  libshutdown2.o(.ARM.Collect$$libshutdown$$0000000A)
    .ARM.Collect$$libshutdown$$0000000C      0x00000166   Section        0  libshutdown2.o(.ARM.Collect$$libshutdown$$0000000C)
    .ARM.Collect$$libshutdown$$0000000F      0x00000166   Section        0  libshutdown2.o(.ARM.Collect$$libshutdown$$0000000F)
    .ARM.Collect$$libshutdown$$00000010      0x00000166   Section        2  libshutdown2.o(.ARM.Collect$$libshutdown$$00000010)
    .ARM.Collect$$rtentry$$00000000          0x00000168   Section        0  __rtentry.o(.ARM.Collect$$rtentry$$00000000)
    .ARM.Collect$$rtentry$$00000002          0x00000168   Section        0  __rtentry2.o(.ARM.Collect$$rtentry$$00000002)
    .ARM.Collect$$rtentry$$00000004          0x00000168   Section        6  __rtentry4.o(.ARM.Collect$$rtentry$$00000004)
    .ARM.Collect$$rtentry$$00000009          0x0000016e   Section        0  __rtentry2.o(.ARM.Collect$$rtentry$$00000009)
    .ARM.Collect$$rtentry$$0000000A          0x0000016e   Section        4  __rtentry2.o(.ARM.Collect$$rtentry$$0000000A)
    .ARM.Collect$$rtentry$$0000000C          0x00000172   Section        0  __rtentry2.o(.ARM.Collect$$rtentry$$0000000C)
    .ARM.Collect$$rtentry$$0000000D          0x00000172   Section        8  __rtentry2.o(.ARM.Collect$$rtentry$$0000000D)
    .ARM.Collect$$rtexit$$00000000           0x0000017a   Section        2  rtexit.o(.ARM.Collect$$rtexit$$00000000)
    .ARM.Collect$$rtexit$$00000002           0x0000017c   Section        0  rtexit2.o(.ARM.Collect$$rtexit$$00000002)
    .ARM.Collect$$rtexit$$00000003           0x0000017c   Section        4  rtexit2.o(.ARM.Collect$$rtexit$$00000003)
    .ARM.Collect$$rtexit$$00000004           0x00000180   Section        6  rtexit2.o(.ARM.Collect$$rtexit$$00000004)
    .emb_text                                0x00000188   Section       34  am_util_faultisr.o(.emb_text)
    $v0                                      0x00000188   Number         0  am_util_faultisr.o(.emb_text)
    .emb_text                                0x000001ac   Section       22  am_hal_interrupt.o(.emb_text)
    $v0                                      0x000001ac   Number         0  am_hal_interrupt.o(.emb_text)
    .text                                    0x000001c4   Section       24  startup_keil.o(.text)
    $v0                                      0x000001c4   Number         0  startup_keil.o(.text)
    .text                                    0x000001dc   Section       68  rt_memclr.o(.text)
    .text                                    0x00000220   Section        0  heapauxi.o(.text)
    .text                                    0x00000226   Section       78  rt_memclr_w.o(.text)
    .text                                    0x00000274   Section       74  sys_stackheap_outer.o(.text)
    .text                                    0x000002be   Section        0  exit.o(.text)
    .text                                    0x000002d0   Section        8  libspace.o(.text)
    .text                                    0x000002d8   Section        0  sys_exit.o(.text)
    .text                                    0x000002e4   Section        2  use_no_semi.o(.text)
    .text                                    0x000002e6   Section        0  indicate_semi.o(.text)
    i.am_bsp_low_power_init                  0x000002e6   Section        0  am_bsp.o(i.am_bsp_low_power_init)
    i.am_bsp_uart_string_print               0x00000308   Section        0  am_bsp.o(i.am_bsp_uart_string_print)
    i.am_devices_led_array_init              0x00000310   Section        0  am_devices_led.o(i.am_devices_led_array_init)
    i.am_devices_led_init                    0x0000033c   Section        0  am_devices_led.o(i.am_devices_led_init)
    i.am_devices_led_on                      0x000004e8   Section        0  am_devices_led.o(i.am_devices_led_on)
    i.am_hal_cachectrl_enable                0x00000548   Section        0  am_hal_cachectrl.o(i.am_hal_cachectrl_enable)
    i.am_hal_clkgen_osc_stop                 0x00000618   Section        0  am_hal_clkgen.o(i.am_hal_clkgen_osc_stop)
    i.am_hal_clkgen_sysclk_get               0x0000062c   Section        0  am_hal_clkgen.o(i.am_hal_clkgen_sysclk_get)
    i.am_hal_clkgen_sysclk_select            0x0000064c   Section        0  am_hal_clkgen.o(i.am_hal_clkgen_sysclk_select)
    i.am_hal_clkgen_uarten_set               0x000006b8   Section        0  am_hal_clkgen.o(i.am_hal_clkgen_uarten_set)
    i.am_hal_debug_error                     0x000006fa   Section        0  am_hal_debug.o(i.am_hal_debug_error)
    i.am_hal_flash_delay                     0x000006fc   Section        0  am_hal_flash.o(i.am_hal_flash_delay)
    i.am_hal_mcuctrl_fault_status            0x00000704   Section        0  am_hal_mcuctrl.o(i.am_hal_mcuctrl_fault_status)
    i.am_hal_pwrctrl_bucks_enable            0x0000073c   Section        0  am_hal_pwrctrl.o(i.am_hal_pwrctrl_bucks_enable)
    i.am_hal_pwrctrl_bucks_init              0x00000770   Section        0  am_hal_pwrctrl.o(i.am_hal_pwrctrl_bucks_init)
    i.am_hal_pwrctrl_low_power_init          0x000007b0   Section        0  am_hal_pwrctrl.o(i.am_hal_pwrctrl_low_power_init)
    i.am_hal_pwrctrl_memory_enable           0x000007c8   Section        0  am_hal_pwrctrl.o(i.am_hal_pwrctrl_memory_enable)
    i.am_hal_pwrctrl_periph_disable          0x00000948   Section        0  am_hal_pwrctrl.o(i.am_hal_pwrctrl_periph_disable)
    i.am_hal_pwrctrl_periph_enable           0x000009c8   Section        0  am_hal_pwrctrl.o(i.am_hal_pwrctrl_periph_enable)
    i.am_hal_rtc_osc_disable                 0x00000a84   Section        0  am_hal_rtc.o(i.am_hal_rtc_osc_disable)
    i.am_hal_rtc_osc_select                  0x00000a92   Section        0  am_hal_rtc.o(i.am_hal_rtc_osc_select)
    i.am_hal_sysctrl_fpu_enable              0x00000aa8   Section        0  am_hal_sysctrl.o(i.am_hal_sysctrl_fpu_enable)
    i.am_hal_sysctrl_fpu_stacking_enable     0x00000ab8   Section        0  am_hal_sysctrl.o(i.am_hal_sysctrl_fpu_stacking_enable)
    i.am_hal_systick_count                   0x00000ae8   Section        0  am_hal_systick.o(i.am_hal_systick_count)
    i.am_hal_systick_int_enable              0x00000af0   Section        0  am_hal_systick.o(i.am_hal_systick_int_enable)
    i.am_hal_systick_load                    0x00000afe   Section        0  am_hal_systick.o(i.am_hal_systick_load)
    i.am_hal_systick_start                   0x00000b0a   Section        0  am_hal_systick.o(i.am_hal_systick_start)
    i.am_hal_systick_stop                    0x00000b18   Section        0  am_hal_systick.o(i.am_hal_systick_stop)
    i.am_hal_uart_clock_disable              0x00000b26   Section        0  am_hal_uart.o(i.am_hal_uart_clock_disable)
    i.am_hal_uart_clock_enable               0x00000b3e   Section        0  am_hal_uart.o(i.am_hal_uart_clock_enable)
    i.am_hal_uart_config                     0x00000b64   Section        0  am_hal_uart.o(i.am_hal_uart_config)
    i.am_hal_uart_disable                    0x00000c3c   Section        0  am_hal_uart.o(i.am_hal_uart_disable)
    i.am_hal_uart_enable                     0x00000c66   Section        0  am_hal_uart.o(i.am_hal_uart_enable)
    i.am_hal_uart_fifo_config                0x00000c8e   Section        0  am_hal_uart.o(i.am_hal_uart_fifo_config)
    i.am_hal_uart_pwrctrl_disable            0x00000ca4   Section        0  am_hal_uart.o(i.am_hal_uart_pwrctrl_disable)
    i.am_hal_uart_pwrctrl_enable             0x00000d0c   Section        0  am_hal_uart.o(i.am_hal_uart_pwrctrl_enable)
    i.am_hal_uart_string_transmit_polled     0x00000d74   Section        0  am_hal_uart.o(i.am_hal_uart_string_transmit_polled)
    i.am_hal_vcomp_disable                   0x00000d9c   Section        0  am_hal_vcomp.o(i.am_hal_vcomp_disable)
    i.am_sprintf                             0x00000da8   Section        0  core_portme.o(i.am_sprintf)
    i.am_systick_isr                         0x00000e40   Section        0  am_time.o(i.am_systick_isr)
    i.am_util_delay_ms                       0x00000e50   Section        0  am_util_delay.o(i.am_util_delay_ms)
    i.am_util_faultisr_collect_data          0x00000e6c   Section        0  am_util_faultisr.o(i.am_util_faultisr_collect_data)
    i.am_util_stdio_printf                   0x00000f1c   Section        0  am_util_stdio.o(i.am_util_stdio_printf)
    i.am_util_stdio_printf_init              0x00000f50   Section        0  am_util_stdio.o(i.am_util_stdio_printf_init)
    i.am_util_stdio_sprintf                  0x00000f5c   Section        0  am_util_stdio.o(i.am_util_stdio_sprintf)
    i.am_util_stdio_terminal_clear           0x00000f70   Section        0  am_util_stdio.o(i.am_util_stdio_terminal_clear)
    i.am_util_stdio_vsprintf                 0x00000fac   Section        0  am_util_stdio.o(i.am_util_stdio_vsprintf)
    i.calc_func                              0x000016ec   Section        0  core_list_join.o(i.calc_func)
    i.check_data_types                       0x0000177a   Section        0  core_util.o(i.check_data_types)
    i.cmp_complex                            0x0000177e   Section        0  core_list_join.o(i.cmp_complex)
    i.cmp_idx                                0x00001798   Section        0  core_list_join.o(i.cmp_idx)
    i.core_bench_list                        0x000017c4   Section        0  core_list_join.o(i.core_bench_list)
    i.core_bench_matrix                      0x00001938   Section        0  core_matrix.o(i.core_bench_matrix)
    i.core_bench_state                       0x0000195a   Section        0  core_state.o(i.core_bench_state)
    i.core_init_matrix                       0x00001a48   Section        0  core_matrix.o(i.core_init_matrix)
    i.core_init_state                        0x00001af0   Section        0  core_state.o(i.core_init_state)
    i.core_list_init                         0x00001bfc   Section        0  core_list_join.o(i.core_list_init)
    i.core_list_mergesort                    0x00001d0c   Section        0  core_list_join.o(i.core_list_mergesort)
    i.core_state_transition                  0x00001db2   Section        0  core_state.o(i.core_state_transition)
    i.crc16                                  0x00001f5c   Section        0  core_util.o(i.crc16)
    i.crcu16                                 0x00001fac   Section        0  core_util.o(i.crcu16)
    i.crcu32                                 0x00001ff6   Section        0  core_util.o(i.crcu32)
    i.get_seed_32                            0x00002010   Section        0  core_util.o(i.get_seed_32)
    i.get_time                               0x00002050   Section        0  core_portme.o(i.get_time)
    i.main                                   0x00002060   Section        0  core_main.o(i.main)
    i.matrix_sum                             0x00002a00   Section        0  core_matrix.o(i.matrix_sum)
    i.matrix_test                            0x00002a5c   Section        0  core_matrix.o(i.matrix_test)
    i.ndigits_in_u64                         0x00002d26   Section        0  am_util_stdio.o(i.ndigits_in_u64)
    ndigits_in_u64                           0x00002d27   Thumb Code   198  am_util_stdio.o(i.ndigits_in_u64)
    i.portable_fini                          0x00002dec   Section        0  core_portme.o(i.portable_fini)
    i.portable_init                          0x00002e90   Section        0  core_portme.o(i.portable_init)
    i.start_time                             0x00002f40   Section        0  core_portme.o(i.start_time)
    i.stop_time                              0x00002f74   Section        0  core_portme.o(i.stop_time)
    i.time_in_secs                           0x00002fa0   Section        0  core_portme.o(i.time_in_secs)
    i.uart_disable                           0x00002fc0   Section        0  core_portme.o(i.uart_disable)
    i.uart_init                              0x0000304c   Section        0  core_portme.o(i.uart_init)
    i.uint64_to_str                          0x000030e8   Section        0  am_util_stdio.o(i.uint64_to_str)
    uint64_to_str                            0x000030e9   Thumb Code   294  am_util_stdio.o(i.uint64_to_str)
    x$fpl$d2f                                0x00003210   Section       98  d2f.o(x$fpl$d2f)
    $v0                                      0x00003210   Number         0  d2f.o(x$fpl$d2f)
    x$fpl$dcmpinf                            0x00003272   Section       24  dcmpi.o(x$fpl$dcmpinf)
    $v0                                      0x00003272   Number         0  dcmpi.o(x$fpl$dcmpinf)
    x$fpl$ddiv                               0x0000328c   Section      688  ddiv.o(x$fpl$ddiv)
    $v0                                      0x0000328c   Number         0  ddiv.o(x$fpl$ddiv)
    ddiv_entry                               0x00003293   Thumb Code     0  ddiv.o(x$fpl$ddiv)
    x$fpl$dfixu                              0x0000353c   Section       90  dfixu.o(x$fpl$dfixu)
    $v0                                      0x0000353c   Number         0  dfixu.o(x$fpl$dfixu)
    x$fpl$dfltu                              0x00003596   Section       38  dflt_clz.o(x$fpl$dfltu)
    $v0                                      0x00003596   Number         0  dflt_clz.o(x$fpl$dfltu)
    x$fpl$dleqf                              0x000035bc   Section      120  dleqf.o(x$fpl$dleqf)
    $v0                                      0x000035bc   Number         0  dleqf.o(x$fpl$dleqf)
    x$fpl$dnaninf                            0x00003634   Section      156  dnaninf.o(x$fpl$dnaninf)
    $v0                                      0x00003634   Number         0  dnaninf.o(x$fpl$dnaninf)
    x$fpl$dretinf                            0x000036d0   Section       12  dretinf.o(x$fpl$dretinf)
    $v0                                      0x000036d0   Number         0  dretinf.o(x$fpl$dretinf)
    x$fpl$drleqf                             0x000036dc   Section      108  drleqf.o(x$fpl$drleqf)
    $v0                                      0x000036dc   Number         0  drleqf.o(x$fpl$drleqf)
    x$fpl$f2d                                0x00003748   Section       86  f2d.o(x$fpl$f2d)
    $v0                                      0x00003748   Number         0  f2d.o(x$fpl$f2d)
    x$fpl$fnaninf                            0x0000379e   Section      140  fnaninf.o(x$fpl$fnaninf)
    $v0                                      0x0000379e   Number         0  fnaninf.o(x$fpl$fnaninf)
    x$fpl$fpinit                             0x0000382a   Section       10  fpinit.o(x$fpl$fpinit)
    $v0                                      0x0000382a   Number         0  fpinit.o(x$fpl$fpinit)
    x$fpl$fretinf                            0x00003834   Section       10  fretinf.o(x$fpl$fretinf)
    $v0                                      0x00003834   Number         0  fretinf.o(x$fpl$fretinf)
    .constdata                               0x0000383e   Section       12  am_hal_cachectrl.o(.constdata)
    x$fpl$usenofp                            0x0000383e   Section        0  usenofp.o(x$fpl$usenofp)
    .conststring                             0x0000384c   Section      174  core_main.o(.conststring)
    .conststring                             0x000038fc   Section      173  core_state.o(.conststring)
    .data                                    0x10000000   Section        4  am_time.o(.data)
    .data                                    0x10000004   Section       30  core_main.o(.data)
    list_known_crc                           0x10000004   Data          10  core_main.o(.data)
    matrix_known_crc                         0x1000000e   Data          10  core_main.o(.data)
    state_known_crc                          0x10000018   Data          10  core_main.o(.data)
    .data                                    0x10000024   Section        4  core_portme.o(.data)
    .data                                    0x10000028   Section        4  core_portme.o(.data)
    .data                                    0x1000002c   Section        4  core_portme.o(.data)
    .data                                    0x10000030   Section        4  core_portme.o(.data)
    .data                                    0x10000034   Section        4  core_portme.o(.data)
    .data                                    0x10000038   Section       36  core_portme.o(.data)
    start_time_val                           0x10000040   Data           4  core_portme.o(.data)
    stop_time_val                            0x10000044   Data           4  core_portme.o(.data)
    .data                                    0x1000005c   Section        4  core_portme.o(.data)
    .data                                    0x10000060   Section       64  core_state.o(.data)
    intpat                                   0x10000060   Data          16  core_state.o(.data)
    floatpat                                 0x10000070   Data          16  core_state.o(.data)
    scipat                                   0x10000080   Data          16  core_state.o(.data)
    errpat                                   0x10000090   Data          16  core_state.o(.data)
    .data                                    0x100000a0   Section        8  am_util_stdio.o(.data)
    g_bTxtXlate                              0x100000a0   Data           1  am_util_stdio.o(.data)
    .data                                    0x100000a8   Section        4  am_hal_global.o(.data)
    .data                                    0x100000ac   Section       32  am_bsp.o(.data)
    .bss                                     0x100000cc   Section     1024  core_portme.o(.bss)
    .bss                                     0x100004cc   Section      256  am_util_stdio.o(.bss)
    g_prfbuf                                 0x100004cc   Data         256  am_util_stdio.o(.bss)
    .bss                                     0x100005cc   Section       96  libspace.o(.bss)
    HEAP                                     0x10000630   Section        0  startup_keil.o(HEAP)
    STACK                                    0x10000630   Section     4096  startup_keil.o(STACK)
    HeapMem                                  0x10000630   Data           0  startup_keil.o(HEAP)
    StackMem                                 0x10000630   Data           0  startup_keil.o(STACK)

    Global Symbols

    Symbol Name                              Value     Ov Type        Size  Object(Section)

    BuildAttributes$$THM_ISAv4$E$P$D$K$B$S$7EM$VFPi3$EXTD16$VFPS$VFMA$PE$A:L22UL41UL21$X:L11$S22US41US21$IEEE1$IW$USESV6$~STKCKD$USESV7$~SHL$OTIME$ROPI$EBA8$UX$STANDARDLIB$REQ8$EABIv2 0x00000000   Number         0  anon$$obj.o ABSOLUTE
    __ARM_use_no_argv                        0x00000000   Number         0  core_main.o ABSOLUTE
    __Vectors                                0x00000000   Data           0  startup_keil.o(RESET)
    __ARM_exceptions_init                     - Undefined Weak Reference
    __alloca_initialize                       - Undefined Weak Reference
    __arm_preinit_                            - Undefined Weak Reference
    __cpp_initialize__aeabi_                  - Undefined Weak Reference
    __cxa_finalize                            - Undefined Weak Reference
    __rt_locale                               - Undefined Weak Reference
    __sigvec_lookup                           - Undefined Weak Reference
    _atexit_init                              - Undefined Weak Reference
    _call_atexit_fns                          - Undefined Weak Reference
    _clock_init                               - Undefined Weak Reference
    _fp_trap_init                             - Undefined Weak Reference
    _fp_trap_shutdown                         - Undefined Weak Reference
    _get_lc_collate                           - Undefined Weak Reference
    _get_lc_ctype                             - Undefined Weak Reference
    _get_lc_monetary                          - Undefined Weak Reference
    _get_lc_numeric                           - Undefined Weak Reference
    _get_lc_time                              - Undefined Weak Reference
    _getenv_init                              - Undefined Weak Reference
    _handle_redirection                       - Undefined Weak Reference
    _init_alloc                               - Undefined Weak Reference
    _init_user_alloc                          - Undefined Weak Reference
    _initio                                   - Undefined Weak Reference
    _rand_init                                - Undefined Weak Reference
    _signal_finish                            - Undefined Weak Reference
    _signal_init                              - Undefined Weak Reference
    _terminate_alloc                          - Undefined Weak Reference
    _terminate_user_alloc                     - Undefined Weak Reference
    _terminateio                              - Undefined Weak Reference
    Reset_Handler                            0x000000c1   Thumb Code    28  startup_keil.o(RESET)
    am_nmi_isr                               0x000000dd   Thumb Code     2  startup_keil.o(RESET)
    am_memmanage_isr                         0x000000e1   Thumb Code     2  startup_keil.o(RESET)
    am_adc_isr                               0x000000e3   Thumb Code     0  startup_keil.o(RESET)
    am_brownout_isr                          0x000000e3   Thumb Code     0  startup_keil.o(RESET)
    am_clkgen_isr                            0x000000e3   Thumb Code     0  startup_keil.o(RESET)
    am_ctimer_isr                            0x000000e3   Thumb Code     0  startup_keil.o(RESET)
    am_debugmon_isr                          0x000000e3   Thumb Code     0  startup_keil.o(RESET)
    am_flash_isr                             0x000000e3   Thumb Code     0  startup_keil.o(RESET)
    am_gpio_isr                              0x000000e3   Thumb Code     0  startup_keil.o(RESET)
    am_iomaster0_isr                         0x000000e3   Thumb Code     0  startup_keil.o(RESET)
    am_iomaster1_isr                         0x000000e3   Thumb Code     0  startup_keil.o(RESET)
    am_iomaster2_isr                         0x000000e3   Thumb Code     0  startup_keil.o(RESET)
    am_iomaster3_isr                         0x000000e3   Thumb Code     0  startup_keil.o(RESET)
    am_iomaster4_isr                         0x000000e3   Thumb Code     0  startup_keil.o(RESET)
    am_iomaster5_isr                         0x000000e3   Thumb Code     0  startup_keil.o(RESET)
    am_ioslave_acc_isr                       0x000000e3   Thumb Code     0  startup_keil.o(RESET)
    am_ioslave_ios_isr                       0x000000e3   Thumb Code     0  startup_keil.o(RESET)
    am_pdm0_isr                              0x000000e3   Thumb Code     0  startup_keil.o(RESET)
    am_pendsv_isr                            0x000000e3   Thumb Code     0  startup_keil.o(RESET)
    am_software0_isr                         0x000000e3   Thumb Code     0  startup_keil.o(RESET)
    am_software1_isr                         0x000000e3   Thumb Code     0  startup_keil.o(RESET)
    am_software2_isr                         0x000000e3   Thumb Code     0  startup_keil.o(RESET)
    am_software3_isr                         0x000000e3   Thumb Code     0  startup_keil.o(RESET)
    am_stimer_cmpr0_isr                      0x000000e3   Thumb Code     0  startup_keil.o(RESET)
    am_stimer_cmpr1_isr                      0x000000e3   Thumb Code     0  startup_keil.o(RESET)
    am_stimer_cmpr2_isr                      0x000000e3   Thumb Code     0  startup_keil.o(RESET)
    am_stimer_cmpr3_isr                      0x000000e3   Thumb Code     0  startup_keil.o(RESET)
    am_stimer_cmpr4_isr                      0x000000e3   Thumb Code     0  startup_keil.o(RESET)
    am_stimer_cmpr5_isr                      0x000000e3   Thumb Code     0  startup_keil.o(RESET)
    am_stimer_cmpr6_isr                      0x000000e3   Thumb Code     0  startup_keil.o(RESET)
    am_stimer_cmpr7_isr                      0x000000e3   Thumb Code     0  startup_keil.o(RESET)
    am_stimer_isr                            0x000000e3   Thumb Code     0  startup_keil.o(RESET)
    am_svcall_isr                            0x000000e3   Thumb Code     0  startup_keil.o(RESET)
    am_uart0_isr                             0x000000e3   Thumb Code     0  startup_keil.o(RESET)
    am_uart1_isr                             0x000000e3   Thumb Code     0  startup_keil.o(RESET)
    am_uart_isr                              0x000000e3   Thumb Code     0  startup_keil.o(RESET)
    am_vcomp_isr                             0x000000e3   Thumb Code     0  startup_keil.o(RESET)
    am_watchdog_isr                          0x000000e3   Thumb Code     0  startup_keil.o(RESET)
    __main                                   0x000000e9   Thumb Code     8  __main.o(!!!main)
    __scatterload                            0x000000f1   Thumb Code     0  __scatter.o(!!!scatter)
    __scatterload_rt2                        0x000000f1   Thumb Code    44  __scatter.o(!!!scatter)
    __scatterload_rt2_thumb_only             0x000000f1   Thumb Code     0  __scatter.o(!!!scatter)
    __scatterload_null                       0x000000ff   Thumb Code     0  __scatter.o(!!!scatter)
    __scatterload_copy                       0x00000125   Thumb Code    26  __scatter_copy.o(!!handler_copy)
    __scatterload_zeroinit                   0x00000141   Thumb Code    28  __scatter_zi.o(!!handler_zi)
    __rt_lib_init                            0x0000015d   Thumb Code     0  libinit.o(.ARM.Collect$$libinit$$00000000)
    __rt_lib_init_fp_1                       0x0000015f   Thumb Code     0  libinit2.o(.ARM.Collect$$libinit$$00000001)
    __rt_lib_init_alloca_1                   0x00000163   Thumb Code     0  libinit2.o(.ARM.Collect$$libinit$$0000002E)
    __rt_lib_init_argv_1                     0x00000163   Thumb Code     0  libinit2.o(.ARM.Collect$$libinit$$0000002C)
    __rt_lib_init_atexit_1                   0x00000163   Thumb Code     0  libinit2.o(.ARM.Collect$$libinit$$0000001B)
    __rt_lib_init_clock_1                    0x00000163   Thumb Code     0  libinit2.o(.ARM.Collect$$libinit$$00000021)
    __rt_lib_init_cpp_1                      0x00000163   Thumb Code     0  libinit2.o(.ARM.Collect$$libinit$$00000032)
    __rt_lib_init_exceptions_1               0x00000163   Thumb Code     0  libinit2.o(.ARM.Collect$$libinit$$00000030)
    __rt_lib_init_fp_trap_1                  0x00000163   Thumb Code     0  libinit2.o(.ARM.Collect$$libinit$$0000001F)
    __rt_lib_init_getenv_1                   0x00000163   Thumb Code     0  libinit2.o(.ARM.Collect$$libinit$$00000023)
    __rt_lib_init_heap_1                     0x00000163   Thumb Code     0  libinit2.o(.ARM.Collect$$libinit$$0000000A)
    __rt_lib_init_lc_collate_1               0x00000163   Thumb Code     0  libinit2.o(.ARM.Collect$$libinit$$00000011)
    __rt_lib_init_lc_ctype_1                 0x00000163   Thumb Code     0  libinit2.o(.ARM.Collect$$libinit$$00000013)
    __rt_lib_init_lc_monetary_1              0x00000163   Thumb Code     0  libinit2.o(.ARM.Collect$$libinit$$00000015)
    __rt_lib_init_lc_numeric_1               0x00000163   Thumb Code     0  libinit2.o(.ARM.Collect$$libinit$$00000017)
    __rt_lib_init_lc_time_1                  0x00000163   Thumb Code     0  libinit2.o(.ARM.Collect$$libinit$$00000019)
    __rt_lib_init_preinit_1                  0x00000163   Thumb Code     0  libinit2.o(.ARM.Collect$$libinit$$00000004)
    __rt_lib_init_rand_1                     0x00000163   Thumb Code     0  libinit2.o(.ARM.Collect$$libinit$$0000000E)
    __rt_lib_init_return                     0x00000163   Thumb Code     0  libinit2.o(.ARM.Collect$$libinit$$00000033)
    __rt_lib_init_signal_1                   0x00000163   Thumb Code     0  libinit2.o(.ARM.Collect$$libinit$$0000001D)
    __rt_lib_init_stdio_1                    0x00000163   Thumb Code     0  libinit2.o(.ARM.Collect$$libinit$$00000025)
    __rt_lib_init_user_alloc_1               0x00000163   Thumb Code     0  libinit2.o(.ARM.Collect$$libinit$$0000000C)
    __rt_lib_shutdown                        0x00000165   Thumb Code     0  libshutdown.o(.ARM.Collect$$libshutdown$$00000000)
    __rt_lib_shutdown_cpp_1                  0x00000167   Thumb Code     0  libshutdown2.o(.ARM.Collect$$libshutdown$$00000002)
    __rt_lib_shutdown_fp_trap_1              0x00000167   Thumb Code     0  libshutdown2.o(.ARM.Collect$$libshutdown$$00000007)
    __rt_lib_shutdown_heap_1                 0x00000167   Thumb Code     0  libshutdown2.o(.ARM.Collect$$libshutdown$$0000000F)
    __rt_lib_shutdown_return                 0x00000167   Thumb Code     0  libshutdown2.o(.ARM.Collect$$libshutdown$$00000010)
    __rt_lib_shutdown_signal_1               0x00000167   Thumb Code     0  libshutdown2.o(.ARM.Collect$$libshutdown$$0000000A)
    __rt_lib_shutdown_stdio_1                0x00000167   Thumb Code     0  libshutdown2.o(.ARM.Collect$$libshutdown$$00000004)
    __rt_lib_shutdown_user_alloc_1           0x00000167   Thumb Code     0  libshutdown2.o(.ARM.Collect$$libshutdown$$0000000C)
    __rt_entry                               0x00000169   Thumb Code     0  __rtentry.o(.ARM.Collect$$rtentry$$00000000)
    __rt_entry_presh_1                       0x00000169   Thumb Code     0  __rtentry2.o(.ARM.Collect$$rtentry$$00000002)
    __rt_entry_sh                            0x00000169   Thumb Code     0  __rtentry4.o(.ARM.Collect$$rtentry$$00000004)
    __rt_entry_li                            0x0000016f   Thumb Code     0  __rtentry2.o(.ARM.Collect$$rtentry$$0000000A)
    __rt_entry_postsh_1                      0x0000016f   Thumb Code     0  __rtentry2.o(.ARM.Collect$$rtentry$$00000009)
    __rt_entry_main                          0x00000173   Thumb Code     0  __rtentry2.o(.ARM.Collect$$rtentry$$0000000D)
    __rt_entry_postli_1                      0x00000173   Thumb Code     0  __rtentry2.o(.ARM.Collect$$rtentry$$0000000C)
    __rt_exit                                0x0000017b   Thumb Code     0  rtexit.o(.ARM.Collect$$rtexit$$00000000)
    __rt_exit_ls                             0x0000017d   Thumb Code     0  rtexit2.o(.ARM.Collect$$rtexit$$00000003)
    __rt_exit_prels_1                        0x0000017d   Thumb Code     0  rtexit2.o(.ARM.Collect$$rtexit$$00000002)
    __rt_exit_exit                           0x00000181   Thumb Code     0  rtexit2.o(.ARM.Collect$$rtexit$$00000004)
    am_fault_isr                             0x00000189   Thumb Code    26  am_util_faultisr.o(.emb_text)
    getStackedReg                            0x000001a3   Thumb Code     8  am_util_faultisr.o(.emb_text)
    am_hal_interrupt_master_enable           0x000001ad   Thumb Code     8  am_hal_interrupt.o(.emb_text)
    am_hal_interrupt_master_disable          0x000001b5   Thumb Code     8  am_hal_interrupt.o(.emb_text)
    am_hal_interrupt_master_set              0x000001bd   Thumb Code     6  am_hal_interrupt.o(.emb_text)
    __user_initial_stackheap                 0x000001c5   Thumb Code    10  startup_keil.o(.text)
    __aeabi_memclr                           0x000001dd   Thumb Code     0  rt_memclr.o(.text)
    __rt_memclr                              0x000001dd   Thumb Code    68  rt_memclr.o(.text)
    _memset                                  0x000001e1   Thumb Code     0  rt_memclr.o(.text)
    __use_two_region_memory                  0x00000221   Thumb Code     2  heapauxi.o(.text)
    __rt_heap_escrow$2region                 0x00000223   Thumb Code     2  heapauxi.o(.text)
    __rt_heap_expand$2region                 0x00000225   Thumb Code     2  heapauxi.o(.text)
    __aeabi_memclr4                          0x00000227   Thumb Code     0  rt_memclr_w.o(.text)
    __aeabi_memclr8                          0x00000227   Thumb Code     0  rt_memclr_w.o(.text)
    __rt_memclr_w                            0x00000227   Thumb Code    78  rt_memclr_w.o(.text)
    _memset_w                                0x0000022b   Thumb Code     0  rt_memclr_w.o(.text)
    __user_setup_stackheap                   0x00000275   Thumb Code    74  sys_stackheap_outer.o(.text)
    exit                                     0x000002bf   Thumb Code    18  exit.o(.text)
    __user_libspace                          0x000002d1   Thumb Code     8  libspace.o(.text)
    __user_perproc_libspace                  0x000002d1   Thumb Code     0  libspace.o(.text)
    __user_perthread_libspace                0x000002d1   Thumb Code     0  libspace.o(.text)
    _sys_exit                                0x000002d9   Thumb Code     8  sys_exit.o(.text)
    __I$use$semihosting                      0x000002e5   Thumb Code     0  use_no_semi.o(.text)
    __use_no_semihosting_swi                 0x000002e5   Thumb Code     2  use_no_semi.o(.text)
    __semihosting_library_function           0x000002e7   Thumb Code     0  indicate_semi.o(.text)
    am_bsp_low_power_init                    0x000002e7   Thumb Code    34  am_bsp.o(i.am_bsp_low_power_init)
    am_bsp_uart_string_print                 0x00000309   Thumb Code     8  am_bsp.o(i.am_bsp_uart_string_print)
    am_devices_led_array_init                0x00000311   Thumb Code    44  am_devices_led.o(i.am_devices_led_array_init)
    am_devices_led_init                      0x0000033d   Thumb Code   422  am_devices_led.o(i.am_devices_led_init)
    am_devices_led_on                        0x000004e9   Thumb Code    96  am_devices_led.o(i.am_devices_led_on)
    am_hal_cachectrl_enable                  0x00000549   Thumb Code   204  am_hal_cachectrl.o(i.am_hal_cachectrl_enable)
    am_hal_clkgen_osc_stop                   0x00000619   Thumb Code    20  am_hal_clkgen.o(i.am_hal_clkgen_osc_stop)
    am_hal_clkgen_sysclk_get                 0x0000062d   Thumb Code    24  am_hal_clkgen.o(i.am_hal_clkgen_sysclk_get)
    am_hal_clkgen_sysclk_select              0x0000064d   Thumb Code    32  am_hal_clkgen.o(i.am_hal_clkgen_sysclk_select)
    am_hal_clkgen_uarten_set                 0x000006b9   Thumb Code    66  am_hal_clkgen.o(i.am_hal_clkgen_uarten_set)
    am_hal_debug_error                       0x000006fb   Thumb Code     2  am_hal_debug.o(i.am_hal_debug_error)
    am_hal_flash_delay                       0x000006fd   Thumb Code     4  am_hal_flash.o(i.am_hal_flash_delay)
    am_hal_mcuctrl_fault_status              0x00000705   Thumb Code    52  am_hal_mcuctrl.o(i.am_hal_mcuctrl_fault_status)
    am_hal_pwrctrl_bucks_enable              0x0000073d   Thumb Code    46  am_hal_pwrctrl.o(i.am_hal_pwrctrl_bucks_enable)
    am_hal_pwrctrl_bucks_init                0x00000771   Thumb Code    60  am_hal_pwrctrl.o(i.am_hal_pwrctrl_bucks_init)
    am_hal_pwrctrl_low_power_init            0x000007b1   Thumb Code    20  am_hal_pwrctrl.o(i.am_hal_pwrctrl_low_power_init)
    am_hal_pwrctrl_memory_enable             0x000007c9   Thumb Code   372  am_hal_pwrctrl.o(i.am_hal_pwrctrl_memory_enable)
    am_hal_pwrctrl_periph_disable            0x00000949   Thumb Code    52  am_hal_pwrctrl.o(i.am_hal_pwrctrl_periph_disable)
    am_hal_pwrctrl_periph_enable             0x000009c9   Thumb Code   112  am_hal_pwrctrl.o(i.am_hal_pwrctrl_periph_enable)
    am_hal_rtc_osc_disable                   0x00000a85   Thumb Code    14  am_hal_rtc.o(i.am_hal_rtc_osc_disable)
    am_hal_rtc_osc_select                    0x00000a93   Thumb Code    22  am_hal_rtc.o(i.am_hal_rtc_osc_select)
    am_hal_sysctrl_fpu_enable                0x00000aa9   Thumb Code    10  am_hal_sysctrl.o(i.am_hal_sysctrl_fpu_enable)
    am_hal_sysctrl_fpu_stacking_enable       0x00000ab9   Thumb Code    44  am_hal_sysctrl.o(i.am_hal_sysctrl_fpu_stacking_enable)
    am_hal_systick_count                     0x00000ae9   Thumb Code     8  am_hal_systick.o(i.am_hal_systick_count)
    am_hal_systick_int_enable                0x00000af1   Thumb Code    14  am_hal_systick.o(i.am_hal_systick_int_enable)
    am_hal_systick_load                      0x00000aff   Thumb Code    12  am_hal_systick.o(i.am_hal_systick_load)
    am_hal_systick_start                     0x00000b0b   Thumb Code    14  am_hal_systick.o(i.am_hal_systick_start)
    am_hal_systick_stop                      0x00000b19   Thumb Code    14  am_hal_systick.o(i.am_hal_systick_stop)
    am_hal_uart_clock_disable                0x00000b27   Thumb Code    24  am_hal_uart.o(i.am_hal_uart_clock_disable)
    am_hal_uart_clock_enable                 0x00000b3f   Thumb Code    38  am_hal_uart.o(i.am_hal_uart_clock_enable)
    am_hal_uart_config                       0x00000b65   Thumb Code   140  am_hal_uart.o(i.am_hal_uart_config)
    am_hal_uart_disable                      0x00000c3d   Thumb Code    42  am_hal_uart.o(i.am_hal_uart_disable)
    am_hal_uart_enable                       0x00000c67   Thumb Code    40  am_hal_uart.o(i.am_hal_uart_enable)
    am_hal_uart_fifo_config                  0x00000c8f   Thumb Code    22  am_hal_uart.o(i.am_hal_uart_fifo_config)
    am_hal_uart_pwrctrl_disable              0x00000ca5   Thumb Code    32  am_hal_uart.o(i.am_hal_uart_pwrctrl_disable)
    am_hal_uart_pwrctrl_enable               0x00000d0d   Thumb Code    32  am_hal_uart.o(i.am_hal_uart_pwrctrl_enable)
    am_hal_uart_string_transmit_polled       0x00000d75   Thumb Code    40  am_hal_uart.o(i.am_hal_uart_string_transmit_polled)
    am_hal_vcomp_disable                     0x00000d9d   Thumb Code     8  am_hal_vcomp.o(i.am_hal_vcomp_disable)
    am_sprintf                               0x00000da9   Thumb Code   102  core_portme.o(i.am_sprintf)
    am_systick_isr                           0x00000e41   Thumb Code    12  am_time.o(i.am_systick_isr)
    am_util_delay_ms                         0x00000e51   Thumb Code    26  am_util_delay.o(i.am_util_delay_ms)
    am_util_faultisr_collect_data            0x00000e6d   Thumb Code   168  am_util_faultisr.o(i.am_util_faultisr_collect_data)
    am_util_stdio_printf                     0x00000f1d   Thumb Code    44  am_util_stdio.o(i.am_util_stdio_printf)
    am_util_stdio_printf_init                0x00000f51   Thumb Code     6  am_util_stdio.o(i.am_util_stdio_printf_init)
    am_util_stdio_sprintf                    0x00000f5d   Thumb Code    18  am_util_stdio.o(i.am_util_stdio_sprintf)
    am_util_stdio_terminal_clear             0x00000f71   Thumb Code    32  am_util_stdio.o(i.am_util_stdio_terminal_clear)
    am_util_stdio_vsprintf                   0x00000fad   Thumb Code  1844  am_util_stdio.o(i.am_util_stdio_vsprintf)
    calc_func                                0x000016ed   Thumb Code   142  core_list_join.o(i.calc_func)
    check_data_types                         0x0000177b   Thumb Code     4  core_util.o(i.check_data_types)
    cmp_complex                              0x0000177f   Thumb Code    26  core_list_join.o(i.cmp_complex)
    cmp_idx                                  0x00001799   Thumb Code    42  core_list_join.o(i.cmp_idx)
    core_bench_list                          0x000017c5   Thumb Code   362  core_list_join.o(i.core_bench_list)
    core_bench_matrix                        0x00001939   Thumb Code    34  core_matrix.o(i.core_bench_matrix)
    core_bench_state                         0x0000195b   Thumb Code   236  core_state.o(i.core_bench_state)
    core_init_matrix                         0x00001a49   Thumb Code   166  core_matrix.o(i.core_init_matrix)
    core_init_state                          0x00001af1   Thumb Code   260  core_state.o(i.core_init_state)
    core_list_init                           0x00001bfd   Thumb Code   264  core_list_join.o(i.core_list_init)
    core_list_mergesort                      0x00001d0d   Thumb Code   166  core_list_join.o(i.core_list_mergesort)
    core_state_transition                    0x00001db3   Thumb Code   424  core_state.o(i.core_state_transition)
    crc16                                    0x00001f5d   Thumb Code    78  core_util.o(i.crc16)
    crcu16                                   0x00001fad   Thumb Code    74  core_util.o(i.crcu16)
    crcu32                                   0x00001ff7   Thumb Code    24  core_util.o(i.crcu32)
    get_seed_32                              0x00002011   Thumb Code    42  core_util.o(i.get_seed_32)
    get_time                                 0x00002051   Thumb Code    10  core_portme.o(i.get_time)
    main                                     0x00002061   Thumb Code  2396  core_main.o(i.main)
    matrix_sum                               0x00002a01   Thumb Code    92  core_matrix.o(i.matrix_sum)
    matrix_test                              0x00002a5d   Thumb Code   714  core_matrix.o(i.matrix_test)
    portable_fini                            0x00002ded   Thumb Code   106  core_portme.o(i.portable_fini)
    portable_init                            0x00002e91   Thumb Code   122  core_portme.o(i.portable_init)
    start_time                               0x00002f41   Thumb Code    40  core_portme.o(i.start_time)
    stop_time                                0x00002f75   Thumb Code    28  core_portme.o(i.stop_time)
    time_in_secs                             0x00002fa1   Thumb Code    24  core_portme.o(i.time_in_secs)
    uart_disable                             0x00002fc1   Thumb Code   134  core_portme.o(i.uart_disable)
    uart_init                                0x0000304d   Thumb Code   146  core_portme.o(i.uart_init)
    __aeabi_d2f                              0x00003211   Thumb Code     0  d2f.o(x$fpl$d2f)
    _d2f                                     0x00003211   Thumb Code    98  d2f.o(x$fpl$d2f)
    __fpl_dcmp_Inf                           0x00003273   Thumb Code    24  dcmpi.o(x$fpl$dcmpinf)
    __aeabi_ddiv                             0x0000328d   Thumb Code     0  ddiv.o(x$fpl$ddiv)
    _ddiv                                    0x0000328d   Thumb Code   552  ddiv.o(x$fpl$ddiv)
    __aeabi_d2uiz                            0x0000353d   Thumb Code     0  dfixu.o(x$fpl$dfixu)
    _dfixu                                   0x0000353d   Thumb Code    90  dfixu.o(x$fpl$dfixu)
    __aeabi_ui2d                             0x00003597   Thumb Code     0  dflt_clz.o(x$fpl$dfltu)
    _dfltu                                   0x00003597   Thumb Code    38  dflt_clz.o(x$fpl$dfltu)
    __aeabi_cdcmple                          0x000035bd   Thumb Code     0  dleqf.o(x$fpl$dleqf)
    _dcmple                                  0x000035bd   Thumb Code   120  dleqf.o(x$fpl$dleqf)
    __fpl_dcmple_InfNaN                      0x0000361f   Thumb Code     0  dleqf.o(x$fpl$dleqf)
    __fpl_dnaninf                            0x00003635   Thumb Code   156  dnaninf.o(x$fpl$dnaninf)
    __fpl_dretinf                            0x000036d1   Thumb Code    12  dretinf.o(x$fpl$dretinf)
    __aeabi_cdrcmple                         0x000036dd   Thumb Code     0  drleqf.o(x$fpl$drleqf)
    _drcmple                                 0x000036dd   Thumb Code   108  drleqf.o(x$fpl$drleqf)
    __aeabi_f2d                              0x00003749   Thumb Code     0  f2d.o(x$fpl$f2d)
    _f2d                                     0x00003749   Thumb Code    86  f2d.o(x$fpl$f2d)
    __fpl_fnaninf                            0x0000379f   Thumb Code   140  fnaninf.o(x$fpl$fnaninf)
    _fp_init                                 0x0000382b   Thumb Code    10  fpinit.o(x$fpl$fpinit)
    __fplib_config_fpu_vfp                   0x00003833   Thumb Code     0  fpinit.o(x$fpl$fpinit)
    __fplib_config_pureend_doubles           0x00003833   Thumb Code     0  fpinit.o(x$fpl$fpinit)
    __fpl_fretinf                            0x00003835   Thumb Code    10  fretinf.o(x$fpl$fretinf)
    __I$use$fp                               0x0000383e   Number         0  usenofp.o(x$fpl$usenofp)
    am_hal_cachectrl_defaults                0x0000383e   Data          12  am_hal_cachectrl.o(.constdata)
    Region$$Table$$Base                      0x000039ac   Number         0  anon$$obj.o(Region$$Table)
    Region$$Table$$Limit                     0x000039cc   Number         0  anon$$obj.o(Region$$Table)
    g_ui32SysTickWrappedTime                 0x10000000   Data           4  am_time.o(.data)
    seed1_volatile                           0x10000024   Data           4  core_portme.o(.data)
    seed2_volatile                           0x10000028   Data           4  core_portme.o(.data)
    seed3_volatile                           0x1000002c   Data           4  core_portme.o(.data)
    seed4_volatile                           0x10000030   Data           4  core_portme.o(.data)
    seed5_volatile                           0x10000034   Data           4  core_portme.o(.data)
    am_bufcnt                                0x10000038   Data           4  core_portme.o(.data)
    am_pcBuf                                 0x1000003c   Data           4  core_portme.o(.data)
    g_sUartConfig                            0x10000048   Data          20  core_portme.o(.data)
    default_num_contexts                     0x1000005c   Data           4  core_portme.o(.data)
    g_pfnCharPrint                           0x100000a4   Data           4  am_util_stdio.o(.data)
    g_ui32HALflags                           0x100000a8   Data           4  am_hal_global.o(.data)
    am_bsp_psLEDs                            0x100000ac   Data          32  am_bsp.o(.data)
    am_prtbuf                                0x100000cc   Data        1024  core_portme.o(.bss)
    __libspace_start                         0x100005cc   Data          96  libspace.o(.bss)
    __temporary_stack_top$libspace           0x1000062c   Data           0  libspace.o(.bss)



==============================================================================

Memory Map of the image

  Image Entry point : 0x000000e9

  Load Region LR_1 (Base: 0x00000000, Size: 0x00003a98, Max: 0xffffffff, ABSOLUTE)

    Execution Region FLASH (Exec base: 0x00000000, Load base: 0x00000000, Size: 0x000039cc, Max: 0x00100000, ABSOLUTE)

    Exec Addr    Load Addr    Size         Type   Attr      Idx    E Section Name        Object

    0x00000000   0x00000000   0x000000e8   Code   RO          744    RESET               startup_keil.o
    0x000000e8   0x000000e8   0x00000008   Code   RO         1339  * !!!main             c_w.l(__main.o)
    0x000000f0   0x000000f0   0x00000034   Code   RO         1531    !!!scatter          c_w.l(__scatter.o)
    0x00000124   0x00000124   0x0000001a   Code   RO         1533    !!handler_copy      c_w.l(__scatter_copy.o)
    0x0000013e   0x0000013e   0x00000002   PAD
    0x00000140   0x00000140   0x0000001c   Code   RO         1535    !!handler_zi        c_w.l(__scatter_zi.o)
    0x0000015c   0x0000015c   0x00000002   Code   RO         1401    .ARM.Collect$$libinit$$00000000  c_w.l(libinit.o)
    0x0000015e   0x0000015e   0x00000004   Code   RO         1407    .ARM.Collect$$libinit$$00000001  c_w.l(libinit2.o)
    0x00000162   0x00000162   0x00000000   Code   RO         1410    .ARM.Collect$$libinit$$00000004  c_w.l(libinit2.o)
    0x00000162   0x00000162   0x00000000   Code   RO         1413    .ARM.Collect$$libinit$$0000000A  c_w.l(libinit2.o)
    0x00000162   0x00000162   0x00000000   Code   RO         1415    .ARM.Collect$$libinit$$0000000C  c_w.l(libinit2.o)
    0x00000162   0x00000162   0x00000000   Code   RO         1417    .ARM.Collect$$libinit$$0000000E  c_w.l(libinit2.o)
    0x00000162   0x00000162   0x00000000   Code   RO         1420    .ARM.Collect$$libinit$$00000011  c_w.l(libinit2.o)
    0x00000162   0x00000162   0x00000000   Code   RO         1422    .ARM.Collect$$libinit$$00000013  c_w.l(libinit2.o)
    0x00000162   0x00000162   0x00000000   Code   RO         1424    .ARM.Collect$$libinit$$00000015  c_w.l(libinit2.o)
    0x00000162   0x00000162   0x00000000   Code   RO         1426    .ARM.Collect$$libinit$$00000017  c_w.l(libinit2.o)
    0x00000162   0x00000162   0x00000000   Code   RO         1428    .ARM.Collect$$libinit$$00000019  c_w.l(libinit2.o)
    0x00000162   0x00000162   0x00000000   Code   RO         1430    .ARM.Collect$$libinit$$0000001B  c_w.l(libinit2.o)
    0x00000162   0x00000162   0x00000000   Code   RO         1432    .ARM.Collect$$libinit$$0000001D  c_w.l(libinit2.o)
    0x00000162   0x00000162   0x00000000   Code   RO         1434    .ARM.Collect$$libinit$$0000001F  c_w.l(libinit2.o)
    0x00000162   0x00000162   0x00000000   Code   RO         1436    .ARM.Collect$$libinit$$00000021  c_w.l(libinit2.o)
    0x00000162   0x00000162   0x00000000   Code   RO         1438    .ARM.Collect$$libinit$$00000023  c_w.l(libinit2.o)
    0x00000162   0x00000162   0x00000000   Code   RO         1440    .ARM.Collect$$libinit$$00000025  c_w.l(libinit2.o)
    0x00000162   0x00000162   0x00000000   Code   RO         1444    .ARM.Collect$$libinit$$0000002C  c_w.l(libinit2.o)
    0x00000162   0x00000162   0x00000000   Code   RO         1446    .ARM.Collect$$libinit$$0000002E  c_w.l(libinit2.o)
    0x00000162   0x00000162   0x00000000   Code   RO         1448    .ARM.Collect$$libinit$$00000030  c_w.l(libinit2.o)
    0x00000162   0x00000162   0x00000000   Code   RO         1450    .ARM.Collect$$libinit$$00000032  c_w.l(libinit2.o)
    0x00000162   0x00000162   0x00000002   Code   RO         1451    .ARM.Collect$$libinit$$00000033  c_w.l(libinit2.o)
    0x00000164   0x00000164   0x00000002   Code   RO         1471    .ARM.Collect$$libshutdown$$00000000  c_w.l(libshutdown.o)
    0x00000166   0x00000166   0x00000000   Code   RO         1484    .ARM.Collect$$libshutdown$$00000002  c_w.l(libshutdown2.o)
    0x00000166   0x00000166   0x00000000   Code   RO         1486    .ARM.Collect$$libshutdown$$00000004  c_w.l(libshutdown2.o)
    0x00000166   0x00000166   0x00000000   Code   RO         1489    .ARM.Collect$$libshutdown$$00000007  c_w.l(libshutdown2.o)
    0x00000166   0x00000166   0x00000000   Code   RO         1492    .ARM.Collect$$libshutdown$$0000000A  c_w.l(libshutdown2.o)
    0x00000166   0x00000166   0x00000000   Code   RO         1494    .ARM.Collect$$libshutdown$$0000000C  c_w.l(libshutdown2.o)
    0x00000166   0x00000166   0x00000000   Code   RO         1497    .ARM.Collect$$libshutdown$$0000000F  c_w.l(libshutdown2.o)
    0x00000166   0x00000166   0x00000002   Code   RO         1498    .ARM.Collect$$libshutdown$$00000010  c_w.l(libshutdown2.o)
    0x00000168   0x00000168   0x00000000   Code   RO         1363    .ARM.Collect$$rtentry$$00000000  c_w.l(__rtentry.o)
    0x00000168   0x00000168   0x00000000   Code   RO         1378    .ARM.Collect$$rtentry$$00000002  c_w.l(__rtentry2.o)
    0x00000168   0x00000168   0x00000006   Code   RO         1390    .ARM.Collect$$rtentry$$00000004  c_w.l(__rtentry4.o)
    0x0000016e   0x0000016e   0x00000000   Code   RO         1380    .ARM.Collect$$rtentry$$00000009  c_w.l(__rtentry2.o)
    0x0000016e   0x0000016e   0x00000004   Code   RO         1381    .ARM.Collect$$rtentry$$0000000A  c_w.l(__rtentry2.o)
    0x00000172   0x00000172   0x00000000   Code   RO         1383    .ARM.Collect$$rtentry$$0000000C  c_w.l(__rtentry2.o)
    0x00000172   0x00000172   0x00000008   Code   RO         1384    .ARM.Collect$$rtentry$$0000000D  c_w.l(__rtentry2.o)
    0x0000017a   0x0000017a   0x00000002   Code   RO         1405    .ARM.Collect$$rtexit$$00000000  c_w.l(rtexit.o)
    0x0000017c   0x0000017c   0x00000000   Code   RO         1453    .ARM.Collect$$rtexit$$00000002  c_w.l(rtexit2.o)
    0x0000017c   0x0000017c   0x00000004   Code   RO         1454    .ARM.Collect$$rtexit$$00000003  c_w.l(rtexit2.o)
    0x00000180   0x00000180   0x00000006   Code   RO         1455    .ARM.Collect$$rtexit$$00000004  c_w.l(rtexit2.o)
    0x00000186   0x00000186   0x00000002   PAD
    0x00000188   0x00000188   0x00000022   Code   RO          610    .emb_text           am_util_faultisr.o
    0x000001aa   0x000001aa   0x00000002   PAD
    0x000001ac   0x000001ac   0x00000016   Code   RO          897    .emb_text           libam_hal.lib(am_hal_interrupt.o)
    0x000001c2   0x000001c2   0x00000002   PAD
    0x000001c4   0x000001c4   0x00000018   Code   RO          745    .text               startup_keil.o
    0x000001dc   0x000001dc   0x00000044   Code   RO         1335    .text               c_w.l(rt_memclr.o)
    0x00000220   0x00000220   0x00000006   Code   RO         1337    .text               c_w.l(heapauxi.o)
    0x00000226   0x00000226   0x0000004e   Code   RO         1364    .text               c_w.l(rt_memclr_w.o)
    0x00000274   0x00000274   0x0000004a   Code   RO         1392    .text               c_w.l(sys_stackheap_outer.o)
    0x000002be   0x000002be   0x00000012   Code   RO         1394    .text               c_w.l(exit.o)
    0x000002d0   0x000002d0   0x00000008   Code   RO         1402    .text               c_w.l(libspace.o)
    0x000002d8   0x000002d8   0x0000000c   Code   RO         1463    .text               c_w.l(sys_exit.o)
    0x000002e4   0x000002e4   0x00000002   Code   RO         1474    .text               c_w.l(use_no_semi.o)
    0x000002e6   0x000002e6   0x00000000   Code   RO         1476    .text               c_w.l(indicate_semi.o)
    0x000002e6   0x000002e6   0x00000022   Code   RO         1044    i.am_bsp_low_power_init  libam_bsp.lib(am_bsp.o)
    0x00000308   0x00000308   0x00000008   Code   RO         1047    i.am_bsp_uart_string_print  libam_bsp.lib(am_bsp.o)
    0x00000310   0x00000310   0x0000002c   Code   RO          690    i.am_devices_led_array_init  am_devices_led.o
    0x0000033c   0x0000033c   0x000001ac   Code   RO          693    i.am_devices_led_init  am_devices_led.o
    0x000004e8   0x000004e8   0x00000060   Code   RO          695    i.am_devices_led_on  am_devices_led.o
    0x00000548   0x00000548   0x000000d0   Code   RO          758    i.am_hal_cachectrl_enable  libam_hal.lib(am_hal_cachectrl.o)
    0x00000618   0x00000618   0x00000014   Code   RO          785    i.am_hal_clkgen_osc_stop  libam_hal.lib(am_hal_clkgen.o)
    0x0000062c   0x0000062c   0x00000020   Code   RO          786    i.am_hal_clkgen_sysclk_get  libam_hal.lib(am_hal_clkgen.o)
    0x0000064c   0x0000064c   0x0000006c   Code   RO          787    i.am_hal_clkgen_sysclk_select  libam_hal.lib(am_hal_clkgen.o)
    0x000006b8   0x000006b8   0x00000042   Code   RO          788    i.am_hal_clkgen_uarten_set  libam_hal.lib(am_hal_clkgen.o)
    0x000006fa   0x000006fa   0x00000002   Code   RO         1113    i.am_hal_debug_error  libam_hal.lib(am_hal_debug.o)
    0x000006fc   0x000006fc   0x00000008   Code   RO          809    i.am_hal_flash_delay  libam_hal.lib(am_hal_flash.o)
    0x00000704   0x00000704   0x00000038   Code   RO          912    i.am_hal_mcuctrl_fault_status  libam_hal.lib(am_hal_mcuctrl.o)
    0x0000073c   0x0000073c   0x00000034   Code   RO          919    i.am_hal_pwrctrl_bucks_enable  libam_hal.lib(am_hal_pwrctrl.o)
    0x00000770   0x00000770   0x00000040   Code   RO          920    i.am_hal_pwrctrl_bucks_init  libam_hal.lib(am_hal_pwrctrl.o)
    0x000007b0   0x000007b0   0x00000018   Code   RO          921    i.am_hal_pwrctrl_low_power_init  libam_hal.lib(am_hal_pwrctrl.o)
    0x000007c8   0x000007c8   0x00000180   Code   RO          922    i.am_hal_pwrctrl_memory_enable  libam_hal.lib(am_hal_pwrctrl.o)
    0x00000948   0x00000948   0x00000080   Code   RO          923    i.am_hal_pwrctrl_periph_disable  libam_hal.lib(am_hal_pwrctrl.o)
    0x000009c8   0x000009c8   0x000000bc   Code   RO          924    i.am_hal_pwrctrl_periph_enable  libam_hal.lib(am_hal_pwrctrl.o)
    0x00000a84   0x00000a84   0x0000000e   Code   RO         1261    i.am_hal_rtc_osc_disable  libam_hal.lib(am_hal_rtc.o)
    0x00000a92   0x00000a92   0x00000016   Code   RO         1263    i.am_hal_rtc_osc_select  libam_hal.lib(am_hal_rtc.o)
    0x00000aa8   0x00000aa8   0x00000010   Code   RO          938    i.am_hal_sysctrl_fpu_enable  libam_hal.lib(am_hal_sysctrl.o)
    0x00000ab8   0x00000ab8   0x00000030   Code   RO          940    i.am_hal_sysctrl_fpu_stacking_enable  libam_hal.lib(am_hal_sysctrl.o)
    0x00000ae8   0x00000ae8   0x00000008   Code   RO          956    i.am_hal_systick_count  libam_hal.lib(am_hal_systick.o)
    0x00000af0   0x00000af0   0x0000000e   Code   RO          959    i.am_hal_systick_int_enable  libam_hal.lib(am_hal_systick.o)
    0x00000afe   0x00000afe   0x0000000c   Code   RO          961    i.am_hal_systick_load  libam_hal.lib(am_hal_systick.o)
    0x00000b0a   0x00000b0a   0x0000000e   Code   RO          963    i.am_hal_systick_start  libam_hal.lib(am_hal_systick.o)
    0x00000b18   0x00000b18   0x0000000e   Code   RO          964    i.am_hal_systick_stop  libam_hal.lib(am_hal_systick.o)
    0x00000b26   0x00000b26   0x00000018   Code   RO          980    i.am_hal_uart_clock_disable  libam_hal.lib(am_hal_uart.o)
    0x00000b3e   0x00000b3e   0x00000026   Code   RO          981    i.am_hal_uart_clock_enable  libam_hal.lib(am_hal_uart.o)
    0x00000b64   0x00000b64   0x000000d8   Code   RO          982    i.am_hal_uart_config  libam_hal.lib(am_hal_uart.o)
    0x00000c3c   0x00000c3c   0x0000002a   Code   RO          983    i.am_hal_uart_disable  libam_hal.lib(am_hal_uart.o)
    0x00000c66   0x00000c66   0x00000028   Code   RO          984    i.am_hal_uart_enable  libam_hal.lib(am_hal_uart.o)
    0x00000c8e   0x00000c8e   0x00000016   Code   RO          985    i.am_hal_uart_fifo_config  libam_hal.lib(am_hal_uart.o)
    0x00000ca4   0x00000ca4   0x00000068   Code   RO          997    i.am_hal_uart_pwrctrl_disable  libam_hal.lib(am_hal_uart.o)
    0x00000d0c   0x00000d0c   0x00000068   Code   RO          998    i.am_hal_uart_pwrctrl_enable  libam_hal.lib(am_hal_uart.o)
    0x00000d74   0x00000d74   0x00000028   Code   RO         1003    i.am_hal_uart_string_transmit_polled  libam_hal.lib(am_hal_uart.o)
    0x00000d9c   0x00000d9c   0x0000000c   Code   RO         1300    i.am_hal_vcomp_disable  libam_hal.lib(am_hal_vcomp.o)
    0x00000da8   0x00000da8   0x00000098   Code   RO          423    i.am_sprintf        core_portme.o
    0x00000e40   0x00000e40   0x00000010   Code   RO            1    i.am_systick_isr    am_time.o
    0x00000e50   0x00000e50   0x0000001a   Code   RO          587    i.am_util_delay_ms  am_util_delay.o
    0x00000e6a   0x00000e6a   0x00000002   PAD
    0x00000e6c   0x00000e6c   0x000000b0   Code   RO          611    i.am_util_faultisr_collect_data  am_util_faultisr.o
    0x00000f1c   0x00000f1c   0x00000034   Code   RO          627    i.am_util_stdio_printf  am_util_stdio.o
    0x00000f50   0x00000f50   0x0000000c   Code   RO          628    i.am_util_stdio_printf_init  am_util_stdio.o
    0x00000f5c   0x00000f5c   0x00000012   Code   RO          629    i.am_util_stdio_sprintf  am_util_stdio.o
    0x00000f6e   0x00000f6e   0x00000002   PAD
    0x00000f70   0x00000f70   0x0000003c   Code   RO          631    i.am_util_stdio_terminal_clear  am_util_stdio.o
    0x00000fac   0x00000fac   0x00000740   Code   RO          633    i.am_util_stdio_vsprintf  am_util_stdio.o
    0x000016ec   0x000016ec   0x0000008e   Code   RO          200    i.calc_func         core_list_join.o
    0x0000177a   0x0000177a   0x00000004   Code   RO          546    i.check_data_types  core_util.o
    0x0000177e   0x0000177e   0x0000001a   Code   RO          201    i.cmp_complex       core_list_join.o
    0x00001798   0x00001798   0x0000002a   Code   RO          202    i.cmp_idx           core_list_join.o
    0x000017c2   0x000017c2   0x00000002   PAD
    0x000017c4   0x000017c4   0x00000174   Code   RO          204    i.core_bench_list   core_list_join.o
    0x00001938   0x00001938   0x00000022   Code   RO          368    i.core_bench_matrix  core_matrix.o
    0x0000195a   0x0000195a   0x000000ec   Code   RO          511    i.core_bench_state  core_state.o
    0x00001a46   0x00001a46   0x00000002   PAD
    0x00001a48   0x00001a48   0x000000a6   Code   RO          369    i.core_init_matrix  core_matrix.o
    0x00001aee   0x00001aee   0x00000002   PAD
    0x00001af0   0x00001af0   0x0000010c   Code   RO          512    i.core_init_state   core_state.o
    0x00001bfc   0x00001bfc   0x00000110   Code   RO          206    i.core_list_init    core_list_join.o
    0x00001d0c   0x00001d0c   0x000000a6   Code   RO          208    i.core_list_mergesort  core_list_join.o
    0x00001db2   0x00001db2   0x000001a8   Code   RO          513    i.core_state_transition  core_state.o
    0x00001f5a   0x00001f5a   0x00000002   PAD
    0x00001f5c   0x00001f5c   0x0000004e   Code   RO          547    i.crc16             core_util.o
    0x00001faa   0x00001faa   0x00000002   PAD
    0x00001fac   0x00001fac   0x0000004a   Code   RO          548    i.crcu16            core_util.o
    0x00001ff6   0x00001ff6   0x00000018   Code   RO          549    i.crcu32            core_util.o
    0x0000200e   0x0000200e   0x00000002   PAD
    0x00002010   0x00002010   0x00000040   Code   RO          551    i.get_seed_32       core_util.o
    0x00002050   0x00002050   0x00000010   Code   RO          424    i.get_time          core_portme.o
    0x00002060   0x00002060   0x000009a0   Code   RO          345    i.main              core_main.o
    0x00002a00   0x00002a00   0x0000005c   Code   RO          375    i.matrix_sum        core_matrix.o
    0x00002a5c   0x00002a5c   0x000002ca   Code   RO          376    i.matrix_test       core_matrix.o
    0x00002d26   0x00002d26   0x000000c6   Code   RO          634    i.ndigits_in_u64    am_util_stdio.o
    0x00002dec   0x00002dec   0x000000a4   Code   RO          425    i.portable_fini     core_portme.o
    0x00002e90   0x00002e90   0x000000b0   Code   RO          426    i.portable_init     core_portme.o
    0x00002f40   0x00002f40   0x00000034   Code   RO          427    i.start_time        core_portme.o
    0x00002f74   0x00002f74   0x00000028   Code   RO          428    i.stop_time         core_portme.o
    0x00002f9c   0x00002f9c   0x00000004   PAD
    0x00002fa0   0x00002fa0   0x00000020   Code   RO          429    i.time_in_secs      core_portme.o
    0x00002fc0   0x00002fc0   0x0000008c   Code   RO          430    i.uart_disable      core_portme.o
    0x0000304c   0x0000304c   0x0000009c   Code   RO          431    i.uart_init         core_portme.o
    0x000030e8   0x000030e8   0x00000126   Code   RO          635    i.uint64_to_str     am_util_stdio.o
    0x0000320e   0x0000320e   0x00000002   PAD
    0x00003210   0x00003210   0x00000062   Code   RO         1341    x$fpl$d2f           fz_wm.l(d2f.o)
    0x00003272   0x00003272   0x00000018   Code   RO         1366    x$fpl$dcmpinf       fz_wm.l(dcmpi.o)
    0x0000328a   0x0000328a   0x00000002   PAD
    0x0000328c   0x0000328c   0x000002b0   Code   RO         1344    x$fpl$ddiv          fz_wm.l(ddiv.o)
    0x0000353c   0x0000353c   0x0000005a   Code   RO         1347    x$fpl$dfixu         fz_wm.l(dfixu.o)
    0x00003596   0x00003596   0x00000026   Code   RO         1351    x$fpl$dfltu         fz_wm.l(dflt_clz.o)
    0x000035bc   0x000035bc   0x00000078   Code   RO         1357    x$fpl$dleqf         fz_wm.l(dleqf.o)
    0x00003634   0x00003634   0x0000009c   Code   RO         1368    x$fpl$dnaninf       fz_wm.l(dnaninf.o)
    0x000036d0   0x000036d0   0x0000000c   Code   RO         1370    x$fpl$dretinf       fz_wm.l(dretinf.o)
    0x000036dc   0x000036dc   0x0000006c   Code   RO         1359    x$fpl$drleqf        fz_wm.l(drleqf.o)
    0x00003748   0x00003748   0x00000056   Code   RO         1361    x$fpl$f2d           fz_wm.l(f2d.o)
    0x0000379e   0x0000379e   0x0000008c   Code   RO         1372    x$fpl$fnaninf       fz_wm.l(fnaninf.o)
    0x0000382a   0x0000382a   0x0000000a   Code   RO         1461    x$fpl$fpinit        fz_wm.l(fpinit.o)
    0x00003834   0x00003834   0x0000000a   Code   RO         1374    x$fpl$fretinf       fz_wm.l(fretinf.o)
    0x0000383e   0x0000383e   0x00000000   Code   RO         1376    x$fpl$usenofp       fz_wm.l(usenofp.o)
    0x0000383e   0x0000383e   0x0000000c   Data   RO          763    .constdata          libam_hal.lib(am_hal_cachectrl.o)
    0x0000384a   0x0000384a   0x00000002   PAD
    0x0000384c   0x0000384c   0x000000ae   Data   RO          347    .conststring        core_main.o
    0x000038fa   0x000038fa   0x00000002   PAD
    0x000038fc   0x000038fc   0x000000ad   Data   RO          514    .conststring        core_state.o
    0x000039a9   0x000039a9   0x00000003   PAD
    0x000039ac   0x000039ac   0x00000020   Data   RO         1529    Region$$Table       anon$$obj.o


    Execution Region SRAM (Exec base: 0x10000000, Load base: 0x000039cc, Size: 0x00001630, Max: 0x00040000, ABSOLUTE)

    Exec Addr    Load Addr    Size         Type   Attr      Idx    E Section Name        Object

    0x10000000   0x000039cc   0x00000004   Data   RW            2    .data               am_time.o
    0x10000004   0x000039d0   0x0000001e   Data   RW          348    .data               core_main.o
    0x10000022   0x000039ee   0x00000002   PAD
    0x10000024   0x000039f0   0x00000004   Data   RW          433    .data               core_portme.o
    0x10000028   0x000039f4   0x00000004   Data   RW          434    .data               core_portme.o
    0x1000002c   0x000039f8   0x00000004   Data   RW          435    .data               core_portme.o
    0x10000030   0x000039fc   0x00000004   Data   RW          436    .data               core_portme.o
    0x10000034   0x00003a00   0x00000004   Data   RW          437    .data               core_portme.o
    0x10000038   0x00003a04   0x00000024   Data   RW          438    .data               core_portme.o
    0x1000005c   0x00003a28   0x00000004   Data   RW          439    .data               core_portme.o
    0x10000060   0x00003a2c   0x00000040   Data   RW          515    .data               core_state.o
    0x100000a0   0x00003a6c   0x00000008   Data   RW          637    .data               am_util_stdio.o
    0x100000a8   0x00003a74   0x00000004   Data   RW          752    .data               libam_hal.lib(am_hal_global.o)
    0x100000ac   0x00003a78   0x00000020   Data   RW         1049    .data               libam_bsp.lib(am_bsp.o)
    0x100000cc        -       0x00000400   Zero   RW          432    .bss                core_portme.o
    0x100004cc        -       0x00000100   Zero   RW          636    .bss                am_util_stdio.o
    0x100005cc        -       0x00000060   Zero   RW         1403    .bss                c_w.l(libspace.o)
    0x1000062c   0x00003a98   0x00000004   PAD
    0x10000630        -       0x00000000   Zero   RW          743    HEAP                startup_keil.o
    0x10000630        -       0x00001000   Zero   RW          742    STACK               startup_keil.o


==============================================================================

Image component sizes


      Code (inc. data)   RO Data    RW Data    ZI Data      Debug   Object Name

       568          6          0          0          0       2913   am_devices_led.o
        16          4          0          4          0      11199   am_time.o
        26          0          0          0          0        663   am_util_delay.o
       210          8          0          0          0       2088   am_util_faultisr.o
      2490         58          0          8        256      12532   am_util_stdio.o
      1020         18          0          0          0      12427   core_list_join.o
      2464        924        174         30          0       3228   core_main.o
      1006          0          0          0          0       7639   core_matrix.o
       928        216          0         60       1024      11762   core_portme.o
       928         16        173         64          0       7528   core_state.o
       244         28          0          0          0       4234   core_util.o
       256        210          0          0       4096       1016   startup_keil.o

    ----------------------------------------------------------------------
     10180       1492        384        168       5376      77229   Object Totals
         0          0         32          0          0          0   (incl. Generated)
        24          4          5          2          0          0   (incl. Padding)

    ----------------------------------------------------------------------

      Code (inc. data)   RO Data    RW Data    ZI Data      Debug   Library Member Name

         8          0          0          0          0         68   __main.o
         0          0          0          0          0          0   __rtentry.o
        12          0          0          0          0          0   __rtentry2.o
         6          0          0          0          0          0   __rtentry4.o
        52          8          0          0          0          0   __scatter.o
        26          0          0          0          0          0   __scatter_copy.o
        28          0          0          0          0          0   __scatter_zi.o
        18          0          0          0          0         80   exit.o
         6          0          0          0          0        152   heapauxi.o
         0          0          0          0          0          0   indicate_semi.o
         2          0          0          0          0          0   libinit.o
         6          0          0          0          0          0   libinit2.o
         2          0          0          0          0          0   libshutdown.o
         2          0          0          0          0          0   libshutdown2.o
         8          4          0          0         96         68   libspace.o
        68          0          0          0          0         68   rt_memclr.o
        78          0          0          0          0         80   rt_memclr_w.o
         2          0          0          0          0          0   rtexit.o
        10          0          0          0          0          0   rtexit2.o
        12          4          0          0          0         68   sys_exit.o
        74          0          0          0          0         80   sys_stackheap_outer.o
         2          0          0          0          0         68   use_no_semi.o
        98          4          0          0          0        140   d2f.o
        24          0          0          0          0        116   dcmpi.o
       688        140          0          0          0        256   ddiv.o
        90          4          0          0          0        140   dfixu.o
        38          0          0          0          0        116   dflt_clz.o
       120          4          0          0          0        140   dleqf.o
       156          4          0          0          0        140   dnaninf.o
        12          0          0          0          0        116   dretinf.o
       108          0          0          0          0        128   drleqf.o
        86          4          0          0          0        132   f2d.o
       140          4          0          0          0        132   fnaninf.o
        10          0          0          0          0        116   fpinit.o
        10          0          0          0          0        116   fretinf.o
         0          0          0          0          0          0   usenofp.o
        42          0          0         32          0        244   am_bsp.o
       208          4         12          0          0        128   am_hal_cachectrl.o
       226         84          0          0          0        488   am_hal_clkgen.o
         2          0          0          0          0        116   am_hal_debug.o
         8          4          0          0          0        116   am_hal_flash.o
         0          0          0          4          0          0   am_hal_global.o
        22          0          0          0          0        148   am_hal_interrupt.o
        56          4          0          0          0        116   am_hal_mcuctrl.o
       840        178          0          0          0        744   am_hal_pwrctrl.o
        36          0          0          0          0        232   am_hal_rtc.o
        64         10          0          0          0        248   am_hal_sysctrl.o
        62          0          0          0          0        580   am_hal_systick.o
       630        220          0          0          0       1124   am_hal_uart.o
        12          4          0          0          0        116   am_hal_vcomp.o

    ----------------------------------------------------------------------
      4218        688         14         36        100       6920   Library Totals
         8          0          2          0          4          0   (incl. Padding)

    ----------------------------------------------------------------------

      Code (inc. data)   RO Data    RW Data    ZI Data      Debug   Library Name

       422         16          0          0         96        732   c_w.l
      1580        164          0          0          0       1788   fz_wm.l
        42          0          0         32          0        244   libam_bsp.lib
      2166        508         12          4          0       4156   libam_hal.lib

    ----------------------------------------------------------------------
      4218        688         14         36        100       6920   Library Totals

    ----------------------------------------------------------------------

==============================================================================


      Code (inc. data)   RO Data    RW Data    ZI Data      Debug   

     14398       2180        398        204       5476      75389   Grand Totals
     14398       2180        398        204       5476      75389   ELF Image Totals
     14398       2180        398        204          0          0   ROM Totals

==============================================================================

    Total RO  Size (Code + RO Data)                14796 (  14.45kB)
    Total RW  Size (RW Data + ZI Data)              5680 (   5.55kB)
    Total ROM Size (Code + RO Data + RW Data)      15000 (  14.65kB)

==============================================================================

