Component: ARM Compiler 5.06 update 7 (build 960) Tool: armlink [4d3601]

==============================================================================

Section Cross References

    main.o(i.Infer_BIG) refers to main.o(i.nnom_model_create_B) for nnom_model_create_B
    main.o(i.Infer_BIG) refers to memmovea.o(.text) for __aeabi_memcpy4
    main.o(i.Infer_BIG) refers to nnom.o(i.model_run) for model_run
    main.o(i.Infer_BIG) refers to nnom.o(i.model_delete) for model_delete
    main.o(i.Infer_BIG) refers to main.o(.data) for model
    main.o(i.Infer_BIG) refers to main.o(.constdata) for Input_data_s123
    main.o(i.Infer_BIG) refers to main.o(.bss) for nnom_input_data_B
    main.o(i.Infer_SMALL) refers to main.o(.constdata) for Input_data_s3
    main.o(i.Infer_SMALL) refers to main.o(.data) for BIG_model_activate
    main.o(i.main) refers to am_hal_clkgen.o(i.am_hal_clkgen_sysclk_select) for am_hal_clkgen_sysclk_select
    main.o(i.main) refers to am_hal_cachectrl.o(i.am_hal_cachectrl_enable) for am_hal_cachectrl_enable
    main.o(i.main) refers to am_bsp.o(i.am_bsp_low_power_init) for am_bsp_low_power_init
    main.o(i.main) refers to am_util_stdio.o(i.am_util_stdio_printf_init) for am_util_stdio_printf_init
    main.o(i.main) refers to am_hal_interrupt.o(.emb_text) for am_hal_interrupt_master_disable
    main.o(i.main) refers to am_hal_itm.o(i.am_hal_itm_enable) for am_hal_itm_enable
    main.o(i.main) refers to am_bsp.o(i.am_bsp_debug_printf_enable) for am_bsp_debug_printf_enable
    main.o(i.main) refers to am_devices_led.o(i.am_devices_led_array_init) for am_devices_led_array_init
    main.o(i.main) refers to am_devices_led.o(i.am_devices_led_array_out) for am_devices_led_array_out
    main.o(i.main) refers to am_util_delay.o(i.am_util_delay_ms) for am_util_delay_ms
    main.o(i.main) refers to am_util_stdio.o(i.am_util_stdio_printf) for am_util_stdio_printf
    main.o(i.main) refers to main.o(i.Infer_SMALL) for Infer_SMALL
    main.o(i.main) refers to main.o(i.Infer_BIG) for Infer_BIG
    main.o(i.main) refers to am_hal_sysctrl.o(i.am_hal_sysctrl_sleep) for am_hal_sysctrl_sleep
    main.o(i.main) refers to am_hal_cachectrl.o(.constdata) for am_hal_cachectrl_defaults
    main.o(i.main) refers to am_bsp.o(i.am_bsp_itm_string_print) for am_bsp_itm_string_print
    main.o(i.main) refers to am_bsp.o(.data) for am_bsp_psLEDs
    main.o(i.main) refers to main.o(.data) for BIG_model_activate
    main.o(i.nnom_model_create_B) refers to nnom.o(i.check_model_version) for check_model_version
    main.o(i.nnom_model_create_B) refers to nnom.o(i.new_model) for new_model
    main.o(i.nnom_model_create_B) refers to nnom_input.o(i.input_s) for input_s
    main.o(i.nnom_model_create_B) refers to nnom_conv2d.o(i.conv2d_s) for conv2d_s
    main.o(i.nnom_model_create_B) refers to nnom_activation.o(i.act_relu) for act_relu
    main.o(i.nnom_model_create_B) refers to nnom_maxpool.o(i.maxpool_s) for maxpool_s
    main.o(i.nnom_model_create_B) refers to nnom_flatten.o(i.flatten_s) for flatten_s
    main.o(i.nnom_model_create_B) refers to nnom_dense.o(i.dense_s) for dense_s
    main.o(i.nnom_model_create_B) refers to nnom_output.o(i.output_s) for output_s
    main.o(i.nnom_model_create_B) refers to nnom.o(i.model_compile) for model_compile
    main.o(i.nnom_model_create_B) refers to main.o(.bss) for model
    main.o(i.nnom_model_create_B) refers to main.o(.constdata) for input_1_config_B
    main.o(.constdata) refers to main.o(.bss) for nnom_input_data_B
    main.o(.constdata) refers to main.o(.conststring) for .conststring
    main.o(.constdata) refers to main.o(.data) for nnom_output_data_B
    am_devices_led.o(i.am_devices_led_array_init) refers to am_devices_led.o(i.am_devices_led_init) for am_devices_led_init
    am_devices_led.o(i.am_devices_led_array_out) refers to am_devices_led.o(i.am_devices_led_on) for am_devices_led_on
    am_devices_led.o(i.am_devices_led_array_out) refers to am_devices_led.o(i.am_devices_led_off) for am_devices_led_off
    am_devices_led.o(i.am_devices_led_get) refers to llshl.o(.text) for __aeabi_llsl
    am_devices_led.o(i.am_devices_led_get) refers to am_hal_gpio.o(i.am_hal_gpio_out_read) for am_hal_gpio_out_read
    am_devices_led.o(i.am_devices_led_get) refers to am_hal_gpio.o(i.am_hal_gpio_out_enable_bit_get) for am_hal_gpio_out_enable_bit_get
    am_devices_led.o(i.am_devices_led_init) refers to am_hal_interrupt.o(.emb_text) for am_hal_interrupt_master_disable
    am_devices_led.o(i.am_devices_led_toggle) refers to am_hal_interrupt.o(.emb_text) for am_hal_interrupt_master_disable
    am_devices_led.o(i.am_devices_led_toggle) refers to am_hal_gpio.o(i.am_hal_gpio_out_enable_bit_get) for am_hal_gpio_out_enable_bit_get
    am_devices_button.o(i.am_devices_button_array_init) refers to am_devices_button.o(i.am_devices_button_init) for am_devices_button_init
[...]
    C:\\SZC\\Program\\ARM_Keil\\Keil_packs\\ARM\\CMSIS\\5.8.0\\CMSIS\\NN\\Source\\ConcatenationFunctions\\arm_concatenation_s8_x.c 0x00000000   Number         0  arm_concatenation_s8_x.o ABSOLUTE
    C:\\SZC\\Program\\ARM_Keil\\Keil_packs\\ARM\\CMSIS\\5.8.0\\CMSIS\\NN\\Source\\ConcatenationFunctions\\arm_concatenation_s8_y.c 0x00000000   Number         0  arm_concatenation_s8_y.o ABSOLUTE
    C:\\SZC\\Program\\ARM_Keil\\Keil_packs\\ARM\\CMSIS\\5.8.0\\CMSIS\\NN\\Source\\ConcatenationFunctions\\arm_concatenation_s8_z.c 0x00000000   Number         0  arm_concatenation_s8_z.o ABSOLUTE
    C:\\SZC\\Program\\ARM_Keil\\Keil_packs\\ARM\\CMSIS\\5.8.0\\CMSIS\\NN\\Source\\ConvolutionFunctions\\arm_convolve_1_x_n_s8.c 0x00000000   Number         0  arm_convolve_1_x_n_s8.o ABSOLUTE
    C:\\SZC\\Program\\ARM_Keil\\Keil_packs\\ARM\\CMSIS\\5.8.0\\CMSIS\\NN\\Source\\ConvolutionFunctions\\arm_convolve_1x1_HWC_q7_fast_nonsquare.c 0x00000000   Number         0  arm_convolve_1x1_hwc_q7_fast_nonsquare.o ABSOLUTE
    C:\\SZC\\Program\\ARM_Keil\\Keil_packs\\ARM\\CMSIS\\5.8.0\\CMSIS\\NN\\Source\\ConvolutionFunctions\\arm_convolve_1x1_s8_fast.c 0x00000000   Number         0  arm_convolve_1x1_s8_fast.o ABSOLUTE
    C:\\SZC\\Program\\ARM_Keil\\Keil_packs\\ARM\\CMSIS\\5.8.0\\CMSIS\\NN\\Source\\ConvolutionFunctions\\arm_convolve_HWC_q15_basic.c 0x00000000   Number         0  arm_convolve_hwc_q15_basic.o ABSOLUTE
    C:\\SZC\\Program\\ARM_Keil\\Keil_packs\\ARM\\CMSIS\\5.8.0\\CMSIS\\NN\\Source\\ConvolutionFunctions\\arm_convolve_HWC_q15_fast.c 0x00000000   Number         0  arm_convolve_hwc_q15_fast.o ABSOLUTE
    C:\\SZC\\Program\\ARM_Keil\\Keil_packs\\ARM\\CMSIS\\5.8.0\\CMSIS\\NN\\Source\\ConvolutionFunctions\\arm_convolve_HWC_q15_fast_nonsquare.c 0x00000000   Number         0  arm_convolve_hwc_q15_fast_nonsquare.o ABSOLUTE
    C:\\SZC\\Program\\ARM_Keil\\Keil_packs\\ARM\\CMSIS\\5.8.0\\CMSIS\\NN\\Source\\ConvolutionFunctions\\arm_convolve_HWC_q7_RGB.c 0x00000000   Number         0  arm_convolve_hwc_q7_rgb.o ABSOLUTE
    C:\\SZC\\Program\\ARM_Keil\\Keil_packs\\ARM\\CMSIS\\5.8.0\\CMSIS\\NN\\Source\\ConvolutionFunctions\\arm_convolve_HWC_q7_basic.c 0x00000000   Number         0  arm_convolve_hwc_q7_basic.o ABSOLUTE
    C:\\SZC\\Program\\ARM_Keil\\Keil_packs\\ARM\\CMSIS\\5.8.0\\CMSIS\\NN\\Source\\ConvolutionFunctions\\arm_convolve_HWC_q7_basic_nonsquare.c 0x00000000   Number         0  arm_convolve_hwc_q7_basic_nonsquare.o ABSOLUTE
    C:\\SZC\\Program\\ARM_Keil\\Keil_packs\\ARM\\CMSIS\\5.8.0\\CMSIS\\NN\\Source\\ConvolutionFunctions\\arm_convolve_HWC_q7_fast.c 0x00000000   Number         0  arm_convolve_hwc_q7_fast.o ABSOLUTE
    C:\\SZC\\Program\\ARM_Keil\\Keil_packs\\ARM\\CMSIS\\5.8.0\\CMSIS\\NN\\Source\\ConvolutionFunctions\\arm_convolve_HWC_q7_fast_nonsquare.c 0x00000000   Number         0  arm_convolve_hwc_q7_fast_nonsquare.o ABSOLUTE
    C:\\SZC\\Program\\ARM_Keil\\Keil_packs\\ARM\\CMSIS\\5.8.0\\CMSIS\\NN\\Source\\ConvolutionFunctions\\arm_convolve_s8.c 0x00000000   Number         0  arm_convolve_s8.o ABSOLUTE
    C:\\SZC\\Program\\ARM_Keil\\Keil_packs\\ARM\\CMSIS\\5.8.0\\CMSIS\\NN\\Source\\ConvolutionFunctions\\arm_convolve_wrapper_s8.c 0x00000000   Number         0  arm_convolve_wrapper_s8.o ABSOLUTE
    C:\\SZC\\Program\\ARM_Keil\\Keil_packs\\ARM\\CMSIS\\5.8.0\\CMSIS\\NN\\Source\\ConvolutionFunctions\\arm_depthwise_conv_3x3_s8.c 0x00000000   Number         0  arm_depthwise_conv_3x3_s8.o ABSOLUTE
    C:\\SZC\\Program\\ARM_Keil\\Keil_packs\\ARM\\CMSIS\\5.8.0\\CMSIS\\NN\\Source\\ConvolutionFunctions\\arm_depthwise_conv_s8.c 0x00000000   Number         0  arm_depthwise_conv_s8.o ABSOLUTE
    C:\\SZC\\Program\\ARM_Keil\\Keil_packs\\ARM\\CMSIS\\5.8.0\\CMSIS\\NN\\Source\\ConvolutionFunctions\\arm_depthwise_conv_s8_opt.c 0x00000000   Number         0  arm_depthwise_conv_s8_opt.o ABSOLUTE
    C:\\SZC\\Program\\ARM_Keil\\Keil_packs\\ARM\\CMSIS\\5.8.0\\CMSIS\\NN\\Source\\ConvolutionFunctions\\arm_depthwise_conv_u8_basic_ver1.c 0x00000000   Number         0  arm_depthwise_conv_u8_basic_ver1.o ABSOLUTE
    C:\\SZC\\Program\\ARM_Keil\\Keil_packs\\ARM\\CMSIS\\5.8.0\\CMSIS\\NN\\Source\\ConvolutionFunctions\\arm_depthwise_conv_wrapper_s8.c 0x00000000   Number         0  arm_depthwise_conv_wrapper_s8.o ABSOLUTE
    C:\\SZC\\Program\\ARM_Keil\\Keil_packs\\ARM\\CMSIS\\5.8.0\\CMSIS\\NN\\Source\\ConvolutionFunctions\\arm_depthwise_separable_conv_HWC_q7.c 0x00000000   Number         0  arm_depthwise_separable_conv_hwc_q7.o ABSOLUTE
    C:\\SZC\\Program\\ARM_Keil\\Keil_packs\\ARM\\CMSIS\\5.8.0\\CMSIS\\NN\\Source\\ConvolutionFunctions\\arm_depthwise_separable_conv_HWC_q7_nonsquare.c 0x00000000   Number         0  arm_depthwise_separable_conv_hwc_q7_nonsquare.o ABSOLUTE
    C:\\SZC\\Program\\ARM_Keil\\Keil_packs\\ARM\\CMSIS\\5.8.0\\CMSIS\\NN\\Source\\ConvolutionFunctions\\arm_nn_depthwise_conv_s8_core.c 0x00000000   Number         0  arm_nn_depthwise_conv_s8_core.o ABSOLUTE
    C:\\SZC\\Program\\ARM_Keil\\Keil_packs\\ARM\\CMSIS\\5.8.0\\CMSIS\\NN\\Source\\ConvolutionFunctions\\arm_nn_mat_mult_kernel_q7_q15.c 0x00000000   Number         0  arm_nn_mat_mult_kernel_q7_q15.o ABSOLUTE
    C:\\SZC\\Program\\ARM_Keil\\Keil_packs\\ARM\\CMSIS\\5.8.0\\CMSIS\\NN\\Source\\ConvolutionFunctions\\arm_nn_mat_mult_kernel_q7_q15_reordered.c 0x00000000   Number         0  arm_nn_mat_mult_kernel_q7_q15_reordered.o ABSOLUTE
    C:\\SZC\\Program\\ARM_Keil\\Keil_packs\\ARM\\CMSIS\\5.8.0\\CMSIS\\NN\\Source\\ConvolutionFunctions\\arm_nn_mat_mult_kernel_s8_s16.c 0x00000000   Number         0  arm_nn_mat_mult_kernel_s8_s16.o ABSOLUTE
    C:\\SZC\\Program\\ARM_Keil\\Keil_packs\\ARM\\CMSIS\\5.8.0\\CMSIS\\NN\\Source\\ConvolutionFunctions\\arm_nn_mat_mult_kernel_s8_s16_reordered.c 0x00000000   Number         0  arm_nn_mat_mult_kernel_s8_s16_reordered.o ABSOLUTE
    C:\\SZC\\Program\\ARM_Keil\\Keil_packs\\ARM\\CMSIS\\5.8.0\\CMSIS\\NN\\Source\\ConvolutionFunctions\\arm_nn_mat_mult_s8.c 0x00000000   Number         0  arm_nn_mat_mult_s8.o ABSOLUTE
    C:\\SZC\\Program\\ARM_Keil\\Keil_packs\\ARM\\CMSIS\\5.8.0\\CMSIS\\NN\\Source\\FullyConnectedFunctions\\arm_fully_connected_mat_q7_vec_q15.c 0x00000000   Number         0  arm_fully_connected_mat_q7_vec_q15.o ABSOLUTE
    C:\\SZC\\Program\\ARM_Keil\\Keil_packs\\ARM\\CMSIS\\5.8.0\\CMSIS\\NN\\Source\\FullyConnectedFunctions\\arm_fully_connected_mat_q7_vec_q15_opt.c 0x00000000   Number         0  arm_fully_connected_mat_q7_vec_q15_opt.o ABSOLUTE
    C:\\SZC\\Program\\ARM_Keil\\Keil_packs\\ARM\\CMSIS\\5.8.0\\CMSIS\\NN\\Source\\FullyConnectedFunctions\\arm_fully_connected_q15.c 0x00000000   Number         0  arm_fully_connected_q15.o ABSOLUTE
    C:\\SZC\\Program\\ARM_Keil\\Keil_packs\\ARM\\CMSIS\\5.8.0\\CMSIS\\NN\\Source\\FullyConnectedFunctions\\arm_fully_connected_q15_opt.c 0x00000000   Number         0  arm_fully_connected_q15_opt.o ABSOLUTE
    C:\\SZC\\Program\\ARM_Keil\\Keil_packs\\ARM\\CMSIS\\5.8.0\\CMSIS\\NN\\Source\\FullyConnectedFunctions\\arm_fully_connected_q7.c 0x00000000   Number         0  arm_fully_connected_q7.o ABSOLUTE
    C:\\SZC\\Program\\ARM_Keil\\Keil_packs\\ARM\\CMSIS\\5.8.0\\CMSIS\\NN\\Source\\FullyConnectedFunctions\\arm_fully_connected_q7_opt.c 0x00000000   Number         0  arm_fully_connected_q7_opt.o ABSOLUTE
    C:\\SZC\\Program\\ARM_Keil\\Keil_packs\\ARM\\CMSIS\\5.8.0\\CMSIS\\NN\\Source\\FullyConnectedFunctions\\arm_fully_connected_s8.c 0x00000000   Number         0  arm_fully_connected_s8.o ABSOLUTE
    C:\\SZC\\Program\\ARM_Keil\\Keil_packs\\ARM\\CMSIS\\5.8.0\\CMSIS\\NN\\Source\\NNSupportFunctions\\arm_nn_accumulate_q7_to_q15.c 0x00000000   Number         0  arm_nn_accumulate_q7_to_q15.o ABSOLUTE
    C:\\SZC\\Program\\ARM_Keil\\Keil_packs\\ARM\\CMSIS\\5.8.0\\CMSIS\\NN\\Source\\NNSupportFunctions\\arm_nn_add_q7.c 0x00000000   Number         0  arm_nn_add_q7.o ABSOLUTE
    C:\\SZC\\Program\\ARM_Keil\\Keil_packs\\ARM\\CMSIS\\5.8.0\\CMSIS\\NN\\Source\\NNSupportFunctions\\arm_nn_depthwise_conv_nt_t_padded_s8.c 0x00000000   Number         0  arm_nn_depthwise_conv_nt_t_padded_s8.o ABSOLUTE
    C:\\SZC\\Program\\ARM_Keil\\Keil_packs\\ARM\\CMSIS\\5.8.0\\CMSIS\\NN\\Source\\NNSupportFunctions\\arm_nn_depthwise_conv_nt_t_s8.c 0x00000000   Number         0  arm_nn_depthwise_conv_nt_t_s8.o ABSOLUTE
    C:\\SZC\\Program\\ARM_Keil\\Keil_packs\\ARM\\CMSIS\\5.8.0\\CMSIS\\NN\\Source\\NNSupportFunctions\\arm_nn_mat_mul_core_1x_s8.c 0x00000000   Number         0  arm_nn_mat_mul_core_1x_s8.o ABSOLUTE
    C:\\SZC\\Program\\ARM_Keil\\Keil_packs\\ARM\\CMSIS\\5.8.0\\CMSIS\\NN\\Source\\NNSupportFunctions\\arm_nn_mat_mul_core_4x_s8.c 0x00000000   Number         0  arm_nn_mat_mul_core_4x_s8.o ABSOLUTE
    C:\\SZC\\Program\\ARM_Keil\\Keil_packs\\ARM\\CMSIS\\5.8.0\\CMSIS\\NN\\Source\\NNSupportFunctions\\arm_nn_mat_mult_nt_t_s8.c 0x00000000   Number         0  arm_nn_mat_mult_nt_t_s8.o ABSOLUTE
    C:\\SZC\\Program\\ARM_Keil\\Keil_packs\\ARM\\CMSIS\\5.8.0\\CMSIS\\NN\\Source\\NNSupportFunctions\\arm_nn_mult_q15.c 0x00000000   Number         0  arm_nn_mult_q15.o ABSOLUTE
    C:\\SZC\\Program\\ARM_Keil\\Keil_packs\\ARM\\CMSIS\\5.8.0\\CMSIS\\NN\\Source\\NNSupportFunctions\\arm_nn_mult_q7.c 0x00000000   Number         0  arm_nn_mult_q7.o ABSOLUTE
    C:\\SZC\\Program\\ARM_Keil\\Keil_packs\\ARM\\CMSIS\\5.8.0\\CMSIS\\NN\\Source\\NNSupportFunctions\\arm_nn_vec_mat_mult_t_s8.c 0x00000000   Number         0  arm_nn_vec_mat_mult_t_s8.o ABSOLUTE
    C:\\SZC\\Program\\ARM_Keil\\Keil_packs\\ARM\\CMSIS\\5.8.0\\CMSIS\\NN\\Source\\NNSupportFunctions\\arm_nn_vec_mat_mult_t_svdf_s8.c 0x00000000   Number         0  arm_nn_vec_mat_mult_t_svdf_s8.o ABSOLUTE
    C:\\SZC\\Program\\ARM_Keil\\Keil_packs\\ARM\\CMSIS\\5.8.0\\CMSIS\\NN\\Source\\NNSupportFunctions\\arm_nntables.c 0x00000000   Number         0  arm_nntables.o ABSOLUTE
    C:\\SZC\\Program\\ARM_Keil\\Keil_packs\\ARM\\CMSIS\\5.8.0\\CMSIS\\NN\\Source\\NNSupportFunctions\\arm_q7_to_q15_no_shift.c 0x00000000   Number         0  arm_q7_to_q15_no_shift.o ABSOLUTE
    C:\\SZC\\Program\\ARM_Keil\\Keil_packs\\ARM\\CMSIS\\5.8.0\\CMSIS\\NN\\Source\\NNSupportFunctions\\arm_q7_to_q15_reordered_no_shift.c 0x00000000   Number         0  arm_q7_to_q15_reordered_no_shift.o ABSOLUTE
    C:\\SZC\\Program\\ARM_Keil\\Keil_packs\\ARM\\CMSIS\\5.8.0\\CMSIS\\NN\\Source\\NNSupportFunctions\\arm_q7_to_q15_reordered_with_offset.c 0x00000000   Number         0  arm_q7_to_q15_reordered_with_offset.o ABSOLUTE
    C:\\SZC\\Program\\ARM_Keil\\Keil_packs\\ARM\\CMSIS\\5.8.0\\CMSIS\\NN\\Source\\NNSupportFunctions\\arm_q7_to_q15_with_offset.c 0x00000000   Number         0  arm_q7_to_q15_with_offset.o ABSOLUTE
    C:\\SZC\\Program\\ARM_Keil\\Keil_packs\\ARM\\CMSIS\\5.8.0\\CMSIS\\NN\\Source\\PoolingFunctions\\arm_avgpool_s8.c 0x00000000   Number         0  arm_avgpool_s8.o ABSOLUTE
    C:\\SZC\\Program\\ARM_Keil\\Keil_packs\\ARM\\CMSIS\\5.8.0\\CMSIS\\NN\\Source\\PoolingFunctions\\arm_max_pool_s8.c 0x00000000   Number         0  arm_max_pool_s8.o ABSOLUTE
    C:\\SZC\\Program\\ARM_Keil\\Keil_packs\\ARM\\CMSIS\\5.8.0\\CMSIS\\NN\\Source\\PoolingFunctions\\arm_pool_q7_HWC.c 0x00000000   Number         0  arm_pool_q7_hwc.o ABSOLUTE
    C:\\SZC\\Program\\ARM_Keil\\Keil_packs\\ARM\\CMSIS\\5.8.0\\CMSIS\\NN\\Source\\ReshapeFunctions\\arm_reshape_s8.c 0x00000000   Number         0  arm_reshape_s8.o ABSOLUTE
    C:\\SZC\\Program\\ARM_Keil\\Keil_packs\\ARM\\CMSIS\\5.8.0\\CMSIS\\NN\\Source\\SVDFunctions\\arm_svdf_s8.c 0x00000000   Number         0  arm_svdf_s8.o ABSOLUTE
    C:\\SZC\\Program\\ARM_Keil\\Keil_packs\\ARM\\CMSIS\\5.8.0\\CMSIS\\NN\\Source\\SoftmaxFunctions\\arm_softmax_q15.c 0x00000000   Number         0  arm_softmax_q15.o ABSOLUTE
    C:\\SZC\\Program\\ARM_Keil\\Keil_packs\\ARM\\CMSIS\\5.8.0\\CMSIS\\NN\\Source\\SoftmaxFunctions\\arm_softmax_q7.c 0x00000000   Number         0  arm_softmax_q7.o ABSOLUTE
    C:\\SZC\\Program\\ARM_Keil\\Keil_packs\\ARM\\CMSIS\\5.8.0\\CMSIS\\NN\\Source\\SoftmaxFunctions\\arm_softmax_s8.c 0x00000000   Number         0  arm_softmax_s8.o ABSOLUTE
    C:\\SZC\\Program\\ARM_Keil\\Keil_packs\\ARM\\CMSIS\\5.8.0\\CMSIS\\NN\\Source\\SoftmaxFunctions\\arm_softmax_u8.c 0x00000000   Number         0  arm_softmax_u8.o ABSOLUTE
    C:\\SZC\\Program\\ARM_Keil\\Keil_packs\\ARM\\CMSIS\\5.8.0\\CMSIS\\NN\\Source\\SoftmaxFunctions\\arm_softmax_with_batch_q7.c 0x00000000   Number         0  arm_softmax_with_batch_q7.o ABSOLUTE
    cdcmple.s                                0x00000000   Number         0  cdcmple.o ABSOLUTE
    cdrcmple.s                               0x00000000   Number         0  cdrcmple.o ABSOLUTE
    dc.s                                     0x00000000   Number         0  dc.o ABSOLUTE
    handlers.s                               0x00000000   Number         0  handlers.o ABSOLUTE
    init.s                                   0x00000000   Number         0  init.o ABSOLUTE
    $v0                                      0x000000c0   Number         0  startup_keil.o(RESET)
    .ARM.Collect$$$$00000000                 0x000000e8   Section        0  entry.o(.ARM.Collect$$$$00000000)
    .ARM.Collect$$$$00000001                 0x000000e8   Section        4  entry2.o(.ARM.Collect$$$$00000001)
    .ARM.Collect$$$$00000004                 0x000000ec   Section        4  entry5.o(.ARM.Collect$$$$00000004)
    .ARM.Collect$$$$00000008                 0x000000f0   Section        0  entry7b.o(.ARM.Collect$$$$00000008)
    .ARM.Collect$$$$0000000A                 0x000000f0   Section        0  entry8b.o(.ARM.Collect$$$$0000000A)
    .ARM.Collect$$$$0000000B                 0x000000f0   Section        8  entry9a.o(.ARM.Collect$$$$0000000B)
    .ARM.Collect$$$$0000000E                 0x000000f8   Section        4  entry12b.o(.ARM.Collect$$$$0000000E)
    .ARM.Collect$$$$0000000F                 0x000000fc   Section        0  entry10a.o(.ARM.Collect$$$$0000000F)
    .ARM.Collect$$$$00000011                 0x000000fc   Section        0  entry11a.o(.ARM.Collect$$$$00000011)
    .ARM.Collect$$$$00002712                 0x000000fc   Section        4  entry2.o(.ARM.Collect$$$$00002712)
    __lit__00000000                          0x000000fc   Data           4  entry2.o(.ARM.Collect$$$$00002712)
    .emb_text                                0x00000100   Section       34  am_util_faultisr.o(.emb_text)
    $v0                                      0x00000100   Number         0  am_util_faultisr.o(.emb_text)
    .emb_text                                0x00000124   Section       22  am_hal_interrupt.o(.emb_text)
    $v0                                      0x00000124   Number         0  am_hal_interrupt.o(.emb_text)
    .text                                    0x0000013a   Section        0  llsshr.o(.text)
    .text                                    0x0000015e   Section        0  memmovea.o(.text)
    .text                                    0x0000019e   Section        0  memseta.o(.text)
    .text                                    0x000001c2   Section        0  d2f.o(.text)
    .text                                    0x000001fa   Section        0  fepilogue.o(.text)
    .text                                    0x000001fa   Section        0  iusefp.o(.text)
    .text                                    0x00000268   Section       36  init.o(.text)
    i.Flatten                                0x0000028c   Section        0  nnom_flatten.o(i.Flatten)
    i.Infer_BIG                              0x000002e0   Section        0  main.o(i.Infer_BIG)
    i.Infer_SMALL                            0x00000374   Section        0  main.o(i.Infer_SMALL)
    i.MaxPool                                0x000003f4   Section        0  nnom_maxpool.o(i.MaxPool)
    i.__NNOM_SSAT                            0x000004ac   Section        0  nnom_local.o(i.__NNOM_SSAT)
    __NNOM_SSAT                              0x000004ad   Thumb Code    40  nnom_local.o(i.__NNOM_SSAT)
    i.__NNOM_SSAT                            0x000004d4   Section        0  nnom_local_q15.o(i.__NNOM_SSAT)
    __NNOM_SSAT                              0x000004d5   Thumb Code    40  nnom_local_q15.o(i.__NNOM_SSAT)
    i.__scatterload_copy                     0x000004fc   Section       14  handlers.o(i.__scatterload_copy)
    i.__scatterload_null                     0x0000050a   Section        2  handlers.o(i.__scatterload_null)
    i.__scatterload_zeroinit                 0x0000050c   Section       14  handlers.o(i.__scatterload_zeroinit)
    i.act_get_dec_bit                        0x0000051a   Section        0  nnom_activation.o(i.act_get_dec_bit)
    i.act_relu                               0x00000544   Section        0  nnom_activation.o(i.act_relu)
    i.allocate_block                         0x00000560   Section        0  nnom.o(i.allocate_block)
    allocate_block                           0x00000561   Thumb Code    50  nnom.o(i.allocate_block)
    i.allocate_hook                          0x00000592   Section        0  nnom.o(i.allocate_hook)
    allocate_hook                            0x00000593   Thumb Code    50  nnom.o(i.allocate_hook)
    i.allocate_io                            0x000005c4   Section        0  nnom.o(i.allocate_io)
    allocate_io                              0x000005c5   Thumb Code    54  nnom.o(i.allocate_io)
    i.am_bsp_debug_printf_enable             0x000005fc   Section        0  am_bsp.o(i.am_bsp_debug_printf_enable)
    i.am_bsp_itm_string_print                0x0000066c   Section        0  am_bsp.o(i.am_bsp_itm_string_print)
    i.am_bsp_low_power_init                  0x00000670   Section        0  am_bsp.o(i.am_bsp_low_power_init)
    i.am_devices_led_array_init              0x00000692   Section        0  am_devices_led.o(i.am_devices_led_array_init)
    i.am_devices_led_array_out               0x000006b6   Section        0  am_devices_led.o(i.am_devices_led_array_out)
    i.am_devices_led_init                    0x000006e4   Section        0  am_devices_led.o(i.am_devices_led_init)
    i.am_devices_led_off                     0x00000918   Section        0  am_devices_led.o(i.am_devices_led_off)
    i.am_devices_led_on                      0x000009a8   Section        0  am_devices_led.o(i.am_devices_led_on)
    i.am_hal_cachectrl_enable                0x00000a38   Section        0  am_hal_cachectrl.o(i.am_hal_cachectrl_enable)
    i.am_hal_clkgen_osc_stop                 0x00000b20   Section        0  am_hal_clkgen.o(i.am_hal_clkgen_osc_stop)
    i.am_hal_clkgen_sysclk_get               0x00000b38   Section        0  am_hal_clkgen.o(i.am_hal_clkgen_sysclk_get)
    i.am_hal_clkgen_sysclk_select            0x00000b6c   Section        0  am_hal_clkgen.o(i.am_hal_clkgen_sysclk_select)
    i.am_hal_ctimer_clear                    0x00000b80   Section        0  am_hal_ctimer.o(i.am_hal_ctimer_clear)
    i.am_hal_ctimer_period_set               0x00000ba8   Section        0  am_hal_ctimer.o(i.am_hal_ctimer_period_set)
    i.am_hal_ctimer_start                    0x00000c48   Section        0  am_hal_ctimer.o(i.am_hal_ctimer_start)
    i.am_hal_flash_delay                     0x00000c78   Section        0  am_hal_flash.o(i.am_hal_flash_delay)
    i.am_hal_itm_enable                      0x00000c8c   Section        0  am_hal_itm.o(i.am_hal_itm_enable)
    i.am_hal_itm_print                       0x00000cec   Section        0  am_hal_itm.o(i.am_hal_itm_print)
    i.am_hal_itm_stimulus_reg_byte_write     0x00000d10   Section        0  am_hal_itm.o(i.am_hal_itm_stimulus_reg_byte_write)
    i.am_hal_mcuctrl_fault_status            0x00000d24   Section        0  am_hal_mcuctrl.o(i.am_hal_mcuctrl_fault_status)
    i.am_hal_pwrctrl_bucks_disable           0x00000d64   Section        0  am_hal_pwrctrl.o(i.am_hal_pwrctrl_bucks_disable)
    i.am_hal_pwrctrl_bucks_enable            0x00000dc0   Section        0  am_hal_pwrctrl.o(i.am_hal_pwrctrl_bucks_enable)
    i.am_hal_pwrctrl_bucks_init              0x00000e08   Section        0  am_hal_pwrctrl.o(i.am_hal_pwrctrl_bucks_init)
    i.am_hal_pwrctrl_low_power_init          0x00000e28   Section        0  am_hal_pwrctrl.o(i.am_hal_pwrctrl_low_power_init)
    i.am_hal_pwrctrl_memory_enable           0x00000e44   Section        0  am_hal_pwrctrl.o(i.am_hal_pwrctrl_memory_enable)
    i.am_hal_rtc_osc_disable                 0x00000fc0   Section        0  am_hal_rtc.o(i.am_hal_rtc_osc_disable)
    i.am_hal_rtc_osc_select                  0x00000fd2   Section        0  am_hal_rtc.o(i.am_hal_rtc_osc_select)
    i.am_hal_sysctrl_sleep                   0x00000ff8   Section        0  am_hal_sysctrl.o(i.am_hal_sysctrl_sleep)
    i.am_hal_tpiu_enable                     0x000010c8   Section        0  am_hal_tpiu.o(i.am_hal_tpiu_enable)
    i.am_hal_vcomp_disable                   0x00001170   Section        0  am_hal_vcomp.o(i.am_hal_vcomp_disable)
    i.am_systick_isr                         0x0000117c   Section        0  am_time.o(i.am_systick_isr)
    i.am_util_delay_ms                       0x00001190   Section        0  am_util_delay.o(i.am_util_delay_ms)
    i.am_util_faultisr_collect_data          0x000011b0   Section        0  am_util_faultisr.o(i.am_util_faultisr_collect_data)
    i.am_util_stdio_printf                   0x00001268   Section        0  am_util_stdio.o(i.am_util_stdio_printf)
    i.am_util_stdio_printf_init              0x000012a4   Section        0  am_util_stdio.o(i.am_util_stdio_printf_init)
    i.am_util_stdio_vsprintf                 0x000012b0   Section        0  am_util_stdio.o(i.am_util_stdio_vsprintf)
    i.block_mem_set                          0x00001664   Section        0  nnom.o(i.block_mem_set)
    i.buckZX_chk                             0x000016a8   Section        0  am_hal_sysctrl.o(i.buckZX_chk)
    buckZX_chk                               0x000016a9   Thumb Code   118  am_hal_sysctrl.o(i.buckZX_chk)
    i.check_model_version                    0x00001730   Section        0  nnom.o(i.check_model_version)
    i.compile_layers                         0x00001764   Section        0  nnom.o(i.compile_layers)
    i.conv2d_build                           0x000019ee   Section        0  nnom_conv2d.o(i.conv2d_build)
    i.conv2d_free                            0x00001b00   Section        0  nnom_conv2d.o(i.conv2d_free)
    i.conv2d_run                             0x00001b1c   Section        0  nnom_conv2d.o(i.conv2d_run)
    i.conv2d_s                               0x00001c50   Section        0  nnom_conv2d.o(i.conv2d_s)
    i.conv_output_length                     0x00001dac   Section        0  nnom_conv2d.o(i.conv_output_length)
    i.decstr_to_int                          0x00001dd6   Section        0  am_util_stdio.o(i.decstr_to_int)
    decstr_to_int                            0x00001dd7   Thumb Code    66  am_util_stdio.o(i.decstr_to_int)
    i.default_build                          0x00001e18   Section        0  nnom_baselayer.o(i.default_build)
    i.delete_tensor                          0x00001e6e   Section        0  nnom_tensor.o(i.delete_tensor)
    i.dense_build                            0x00001e7c   Section        0  nnom_dense.o(i.dense_build)
    i.dense_free                             0x00001f24   Section        0  nnom_dense.o(i.dense_free)
    i.dense_run                              0x00001f40   Section        0  nnom_dense.o(i.dense_run)
    i.dense_s                                0x00001fa4   Section        0  nnom_dense.o(i.dense_s)
    i.dilation                               0x00002028   Section        0  nnom_layers.o(i.dilation)
    i.divu64_10                              0x0000203e   Section        0  am_util_stdio.o(i.divu64_10)
    divu64_10                                0x0000203f   Thumb Code   204  am_util_stdio.o(i.divu64_10)
    i.find_last                              0x0000210a   Section        0  nnom.o(i.find_last)
    find_last                                0x0000210b   Thumb Code    28  nnom.o(i.find_last)
    i.flatten_build                          0x00002126   Section        0  nnom_flatten.o(i.flatten_build)
    i.flatten_run                            0x0000217e   Section        0  nnom_flatten.o(i.flatten_run)
    i.flatten_s                              0x00002184   Section        0  nnom_flatten.o(i.flatten_s)
    i.free                                   0x00002198   Section        0  malloc.o(i.free)
    i.ftoa                                   0x000021e8   Section        0  am_util_stdio.o(i.ftoa)
    ftoa                                     0x000021e9   Thumb Code   370  am_util_stdio.o(i.ftoa)
    i.input_build                            0x00002360   Section        0  nnom_input.o(i.input_build)
    i.input_run                              0x00002390   Section        0  nnom_input.o(i.input_run)
    i.input_s                                0x000023b4   Section        0  nnom_input.o(i.input_s)
    i.io_init                                0x000024c4   Section        0  nnom_layers.o(i.io_init)
    i.io_list_delete                         0x000024cc   Section        0  nnom.o(i.io_list_delete)
    io_list_delete                           0x000024cd   Thumb Code    60  nnom.o(i.io_list_delete)
    i.io_mem_size                            0x00002508   Section        0  nnom.o(i.io_mem_size)
    io_mem_size                              0x00002509   Thumb Code    28  nnom.o(i.io_mem_size)
    i.io_tensor_delete                       0x00002524   Section        0  nnom.o(i.io_tensor_delete)
    io_tensor_delete                         0x00002525   Thumb Code    20  nnom.o(i.io_tensor_delete)
    i.isRev_ADC                              0x00002538   Section        0  am_hal_pwrctrl.o(i.isRev_ADC)
    isRev_ADC                                0x00002539   Thumb Code    20  am_hal_pwrctrl.o(i.isRev_ADC)
    i.kernel                                 0x00002550   Section        0  nnom_layers.o(i.kernel)
    i.layer_delete                           0x00002566   Section        0  nnom.o(i.layer_delete)
    layer_delete                             0x00002567   Thumb Code    64  nnom.o(i.layer_delete)
    i.layer_run                              0x000025a6   Section        0  nnom.o(i.layer_run)
    i.layer_shortcut_add                     0x000025ce   Section        0  nnom.o(i.layer_shortcut_add)
    layer_shortcut_add                       0x000025cf   Thumb Code    40  nnom.o(i.layer_shortcut_add)
    i.local_convolve_HWC_q15_nonsquare       0x000025f6   Section        0  nnom_local_q15.o(i.local_convolve_HWC_q15_nonsquare)
    i.local_convolve_HWC_q7_nonsquare        0x0000280a   Section        0  nnom_local.o(i.local_convolve_HWC_q7_nonsquare)
    i.local_fully_connected_q7_opt           0x00002a00   Section        0  nnom_local.o(i.local_fully_connected_q7_opt)
    i.local_maxpool_q7_HWC                   0x00002ca0   Section        0  nnom_local.o(i.local_maxpool_q7_HWC)
    i.local_relu_q15                         0x00002d9a   Section        0  nnom_local_q15.o(i.local_relu_q15)
    i.local_relu_q7                          0x00002db6   Section        0  nnom_local.o(i.local_relu_q7)
    i.main                                   0x00002dd0   Section        0  main.o(i.main)
    i.malloc                                 0x00002f58   Section        0  malloc.o(i.malloc)
    i.maxpool_build                          0x00002fc4   Section        0  nnom_maxpool.o(i.maxpool_build)
    i.maxpool_run                            0x000030bc   Section        0  nnom_maxpool.o(i.maxpool_run)
    i.maxpool_s                              0x00003152   Section        0  nnom_maxpool.o(i.maxpool_s)
    i.mem_analysis_result                    0x000031ba   Section        0  nnom.o(i.mem_analysis_result)
    i.model_active                           0x000031dc   Section        0  nnom.o(i.model_active)
    model_active                             0x000031dd   Thumb Code     8  nnom.o(i.model_active)
    i.model_add                              0x000031e4   Section        0  nnom.o(i.model_add)
    model_add                                0x000031e5   Thumb Code    52  nnom.o(i.model_add)
    i.model_compile                          0x00003218   Section        0  nnom.o(i.model_compile)
    i.model_delete                           0x0000328c   Section        0  nnom.o(i.model_delete)
    i.model_hook                             0x000032d0   Section        0  nnom.o(i.model_hook)
    model_hook                               0x000032d1   Thumb Code    44  nnom.o(i.model_hook)
    i.model_merge                            0x000032fc   Section        0  nnom.o(i.model_merge)
    model_merge                              0x000032fd   Thumb Code    22  nnom.o(i.model_merge)
    i.model_mergex                           0x00003312   Section        0  nnom.o(i.model_mergex)
    model_mergex                             0x00003313   Thumb Code    54  nnom.o(i.model_mergex)
    i.model_run                              0x00003348   Section        0  nnom.o(i.model_run)
    i.model_run_to                           0x00003356   Section        0  nnom.o(i.model_run_to)
    i.model_set_ops                          0x000033b6   Section        0  nnom.o(i.model_set_ops)
    model_set_ops                            0x000033b7   Thumb Code    42  nnom.o(i.model_set_ops)
    i.ndigits_in_hex                         0x000033e0   Section        0  am_util_stdio.o(i.ndigits_in_hex)
    ndigits_in_hex                           0x000033e1   Thumb Code    52  am_util_stdio.o(i.ndigits_in_hex)
    i.ndigits_in_i64                         0x00003414   Section        0  am_util_stdio.o(i.ndigits_in_i64)
    ndigits_in_i64                           0x00003415   Thumb Code    36  am_util_stdio.o(i.ndigits_in_i64)
    i.ndigits_in_u64                         0x00003438   Section        0  am_util_stdio.o(i.ndigits_in_u64)
    ndigits_in_u64                           0x00003439   Thumb Code    58  am_util_stdio.o(i.ndigits_in_u64)
    i.new_model                              0x00003474   Section        0  nnom.o(i.new_model)
    i.new_tensor                             0x000034c8   Section        0  nnom_tensor.o(i.new_tensor)
    i.nnom_alignto                           0x00003524   Section        0  nnom.o(i.nnom_alignto)
    i.nnom_hook_length                       0x00003540   Section        0  nnom.o(i.nnom_hook_length)
    i.nnom_mem                               0x00003558   Section        0  nnom.o(i.nnom_mem)
    i.nnom_model_create_B                    0x0000358c   Section        0  main.o(i.nnom_model_create_B)
    nnom_model_create_B                      0x0000358d   Thumb Code   392  main.o(i.nnom_model_create_B)
    i.output_run                             0x00003750   Section        0  nnom_output.o(i.output_run)
    i.output_s                               0x00003774   Section        0  nnom_output.o(i.output_s)
    i.padbuffer                              0x0000379c   Section        0  am_util_stdio.o(i.padbuffer)
    padbuffer                                0x0000379d   Thumb Code    34  am_util_stdio.o(i.padbuffer)
    i.print_layer_info                       0x000037c0   Section        0  nnom.o(i.print_layer_info)
    print_layer_info                         0x000037c1   Thumb Code    70  nnom.o(i.print_layer_info)
    i.print_memory_block_info                0x0000380c   Section        0  nnom.o(i.print_memory_block_info)
    print_memory_block_info                  0x0000380d   Thumb Code    16  nnom.o(i.print_memory_block_info)
    i.release_block                          0x0000381c   Section        0  nnom.o(i.release_block)
    release_block                            0x0000381d   Thumb Code    22  nnom.o(i.release_block)
    i.release_comp_mem                       0x00003832   Section        0  nnom.o(i.release_comp_mem)
    release_comp_mem                         0x00003833   Thumb Code    18  nnom.o(i.release_comp_mem)
    i.release_input_mem                      0x00003844   Section        0  nnom.o(i.release_input_mem)
    release_input_mem                        0x00003845   Thumb Code    22  nnom.o(i.release_input_mem)
    i.relu_run                               0x0000385a   Section        0  nnom_activation.o(i.relu_run)
    relu_run                                 0x0000385b   Thumb Code    54  nnom_activation.o(i.relu_run)
    i.setBuckZX                              0x00003890   Section        0  am_hal_sysctrl.o(i.setBuckZX)
    setBuckZX                                0x00003891   Thumb Code   152  am_hal_sysctrl.o(i.setBuckZX)
    i.set_tailed_activation                  0x00003934   Section        0  nnom.o(i.set_tailed_activation)
    i.shape                                  0x0000396a   Section        0  nnom_layers.o(i.shape)
    i.simple_strlen                          0x0000398a   Section        0  am_util_stdio.o(i.simple_strlen)
    simple_strlen                            0x0000398b   Thumb Code    24  am_util_stdio.o(i.simple_strlen)
    i.stride                                 0x000039a2   Section        0  nnom_layers.o(i.stride)
    i.tensor_cpy_attr                        0x000039b8   Section        0  nnom_tensor.o(i.tensor_cpy_attr)
    i.tensor_get_num_channel                 0x00003a10   Section        0  nnom_tensor.o(i.tensor_get_num_channel)
    i.tensor_mem_set                         0x00003a1e   Section        0  nnom.o(i.tensor_mem_set)
    i.tensor_set_attr                        0x00003a54   Section        0  nnom_tensor.o(i.tensor_set_attr)
    i.tensor_set_attr_v                      0x00003aa4   Section        0  nnom_tensor.o(i.tensor_set_attr_v)
    i.tensor_size                            0x00003ad6   Section        0  nnom_tensor.o(i.tensor_size)
    i.uint64_to_hexstr                       0x00003af8   Section        0  am_util_stdio.o(i.uint64_to_hexstr)
    uint64_to_hexstr                         0x00003af9   Thumb Code   138  am_util_stdio.o(i.uint64_to_hexstr)
    i.uint64_to_str                          0x00003b82   Section        0  am_util_stdio.o(i.uint64_to_str)
    uint64_to_str                            0x00003b83   Thumb Code   112  am_util_stdio.o(i.uint64_to_str)
    .constdata                               0x00003bf4   Section    97932  main.o(.constdata)
    nnom_sigmoid_table_q7                    0x00003bf4   Data         256  main.o(.constdata)
    nnom_tanh_table_q7                       0x00003cf4   Data         256  main.o(.constdata)
    nnom_sigmoid_table_q15                   0x00003df4   Data         512  main.o(.constdata)
    nnom_tanh_table_q15                      0x00003ff4   Data         512  main.o(.constdata)
    .constdata                               0x0001ba80   Section       12  am_hal_cachectrl.o(.constdata)
    .constdata                               0x0001ba8c   Section       84  am_hal_flash.o(.constdata)
    .conststring                             0x0001bae0   Section      168  main.o(.conststring)
    .data                                    0x10000000   Section       28  main.o(.data)
    nnom_output_data_B                       0x10000000   Data           6  main.o(.data)
    .data                                    0x1000001c   Section        5  am_util_stdio.o(.data)
    g_bTxtXlate                              0x10000020   Data           1  am_util_stdio.o(.data)
    .data                                    0x10000024   Section        4  nnom.o(.data)
    .data                                    0x10000028   Section        4  am_time.o(.data)
    .data                                    0x1000002c   Section       28  am_hal_sysctrl.o(.data)
    g_ui32BuckTimer                          0x1000002c   Data           4  am_hal_sysctrl.o(.data)
    g_ui32BuckInputs                         0x10000030   Data           4  am_hal_sysctrl.o(.data)
    g_bBuckRestoreComplete                   0x10000034   Data           1  am_hal_sysctrl.o(.data)
    g_bBuckTimed                             0x10000035   Data           1  am_hal_sysctrl.o(.data)
    g_ui32SaveCoreBuckZX                     0x10000038   Data           4  am_hal_sysctrl.o(.data)
    g_ui32SaveMemBuckZX                      0x1000003c   Data           4  am_hal_sysctrl.o(.data)
    g_buckZX_chk                             0x10000040   Data           4  am_hal_sysctrl.o(.data)
    g_ui32CoreBuck                           0x10000044   Data           4  am_hal_sysctrl.o(.data)
    .data                                    0x10000048   Section       32  am_bsp.o(.data)
    .data                                    0x10000068   Section        4  am_hal_global.o(.data)
    .data                                    0x1000006c   Section        4  mvars.o(.data)
    .data                                    0x10000070   Section        4  mvars.o(.data)
    .bss                                     0x10000074   Section     1288  main.o(.bss)
    nnom_input_data_B                        0x10000074   Data        1152  main.o(.bss)
    model                                    0x100004f4   Data         136  main.o(.bss)
    .bss                                     0x1000057c   Section      256  am_util_stdio.o(.bss)
    g_prfbuf                                 0x1000057c   Data         256  am_util_stdio.o(.bss)
    HEAP                                     0x10000680   Section    131072  startup_keil.o(HEAP)
    STACK                                    0x10020680   Section    61440  startup_keil.o(STACK)
    StackMem                                 0x10020680   Data           0  startup_keil.o(STACK)

    Global Symbols

    Symbol Name                              Value     Ov Type        Size  Object(Section)

    BuildAttributes$$THM_ISAv4$E$P$D$K$B$S$7EM$VFPi3$EXTD16$VFPS$VFMA$PE$A:L22UL41UL21$X:L11$S22US41US21$IEEE1$IW$USESV6$~STKCKD$USESV7$~SHL$OTIME$ROPI$IEEEX$EBA8$MICROLIB$REQ8$EABIv2 0x00000000   Number         0  anon$$obj.o ABSOLUTE
    __ARM_use_no_argv                        0x00000000   Number         0  main.o ABSOLUTE
    __Vectors                                0x00000000   Data           0  startup_keil.o(RESET)
    __arm_fini_                               - Undefined Weak Reference
    __cpp_initialize__aeabi_                  - Undefined Weak Reference
    __cxa_finalize                            - Undefined Weak Reference
    __decompress                              - Undefined Weak Reference
    _clock_init                               - Undefined Weak Reference
    _microlib_exit                            - Undefined Weak Reference
    Reset_Handler                            0x000000c1   Thumb Code    28  startup_keil.o(RESET)
    am_nmi_isr                               0x000000dd   Thumb Code     2  startup_keil.o(RESET)
    am_memmanage_isr                         0x000000e1   Thumb Code     2  startup_keil.o(RESET)
    am_adc_isr                               0x000000e3   Thumb Code     0  startup_keil.o(RESET)
    am_brownout_isr                          0x000000e3   Thumb Code     0  startup_keil.o(RESET)
    am_clkgen_isr                            0x000000e3   Thumb Code     0  startup_keil.o(RESET)
    am_ctimer_isr                            0x000000e3   Thumb Code     0  startup_keil.o(RESET)
    am_debugmon_isr                          0x000000e3   Thumb Code     0  startup_keil.o(RESET)
    am_flash_isr                             0x000000e3   Thumb Code     0  startup_keil.o(RESET)
    am_gpio_isr                              0x000000e3   Thumb Code     0  startup_keil.o(RESET)
    am_iomaster0_isr                         0x000000e3   Thumb Code     0  startup_keil.o(RESET)
    am_iomaster1_isr                         0x000000e3   Thumb Code     0  startup_keil.o(RESET)
    am_iomaster2_isr                         0x000000e3   Thumb Code     0  startup_keil.o(RESET)
    am_iomaster3_isr                         0x000000e3   Thumb Code     0  startup_keil.o(RESET)
    am_iomaster4_isr                         0x000000e3   Thumb Code     0  startup_keil.o(RESET)
    am_iomaster5_isr                         0x000000e3   Thumb Code     0  startup_keil.o(RESET)
    am_ioslave_acc_isr                       0x000000e3   Thumb Code     0  startup_keil.o(RESET)
    am_ioslave_ios_isr                       0x000000e3   Thumb Code     0  startup_keil.o(RESET)
    am_pdm0_isr                              0x000000e3   Thumb Code     0  startup_keil.o(RESET)
    am_pendsv_isr                            0x000000e3   Thumb Code     0  startup_keil.o(RESET)
    am_software0_isr                         0x000000e3   Thumb Code     0  startup_keil.o(RESET)
    am_software1_isr                         0x000000e3   Thumb Code     0  startup_keil.o(RESET)
    am_software2_isr                         0x000000e3   Thumb Code     0  startup_keil.o(RESET)
    am_software3_isr                         0x000000e3   Thumb Code     0  startup_keil.o(RESET)
    am_stimer_cmpr0_isr                      0x000000e3   Thumb Code     0  startup_keil.o(RESET)
    am_stimer_cmpr1_isr                      0x000000e3   Thumb Code     0  startup_keil.o(RESET)
    am_stimer_cmpr2_isr                      0x000000e3   Thumb Code     0  startup_keil.o(RESET)
    am_stimer_cmpr3_isr                      0x000000e3   Thumb Code     0  startup_keil.o(RESET)
    am_stimer_cmpr4_isr                      0x000000e3   Thumb Code     0  startup_keil.o(RESET)
    am_stimer_cmpr5_isr                      0x000000e3   Thumb Code     0  startup_keil.o(RESET)
    am_stimer_cmpr6_isr                      0x000000e3   Thumb Code     0  startup_keil.o(RESET)
    am_stimer_cmpr7_isr                      0x000000e3   Thumb Code     0  startup_keil.o(RESET)
    am_stimer_isr                            0x000000e3   Thumb Code     0  startup_keil.o(RESET)
    am_svcall_isr                            0x000000e3   Thumb Code     0  startup_keil.o(RESET)
    am_uart0_isr                             0x000000e3   Thumb Code     0  startup_keil.o(RESET)
    am_uart1_isr                             0x000000e3   Thumb Code     0  startup_keil.o(RESET)
    am_uart_isr                              0x000000e3   Thumb Code     0  startup_keil.o(RESET)
    am_vcomp_isr                             0x000000e3   Thumb Code     0  startup_keil.o(RESET)
    am_watchdog_isr                          0x000000e3   Thumb Code     0  startup_keil.o(RESET)
    __main                                   0x000000e9   Thumb Code     0  entry.o(.ARM.Collect$$$$00000000)
    _main_stk                                0x000000e9   Thumb Code     0  entry2.o(.ARM.Collect$$$$00000001)
    _main_scatterload                        0x000000ed   Thumb Code     0  entry5.o(.ARM.Collect$$$$00000004)
    __main_after_scatterload                 0x000000f1   Thumb Code     0  entry5.o(.ARM.Collect$$$$00000004)
    _main_clock                              0x000000f1   Thumb Code     0  entry7b.o(.ARM.Collect$$$$00000008)
    _main_cpp_init                           0x000000f1   Thumb Code     0  entry8b.o(.ARM.Collect$$$$0000000A)
    _main_init                               0x000000f1   Thumb Code     0  entry9a.o(.ARM.Collect$$$$0000000B)
    __rt_lib_shutdown_fini                   0x000000f9   Thumb Code     0  entry12b.o(.ARM.Collect$$$$0000000E)
    __rt_final_cpp                           0x000000fd   Thumb Code     0  entry10a.o(.ARM.Collect$$$$0000000F)
    __rt_final_exit                          0x000000fd   Thumb Code     0  entry11a.o(.ARM.Collect$$$$00000011)
    am_fault_isr                             0x00000101   Thumb Code    26  am_util_faultisr.o(.emb_text)
    getStackedReg                            0x0000011b   Thumb Code     8  am_util_faultisr.o(.emb_text)
    am_hal_interrupt_master_enable           0x00000125   Thumb Code     8  am_hal_interrupt.o(.emb_text)
    am_hal_interrupt_master_disable          0x0000012d   Thumb Code     8  am_hal_interrupt.o(.emb_text)
    am_hal_interrupt_master_set              0x00000135   Thumb Code     6  am_hal_interrupt.o(.emb_text)
    __aeabi_lasr                             0x0000013b   Thumb Code    36  llsshr.o(.text)
    _ll_sshift_r                             0x0000013b   Thumb Code     0  llsshr.o(.text)
    ___aeabi_memcpy8$move                    0x0000015f   Thumb Code     0  memmovea.o(.text)
    __aeabi_memcpy                           0x0000015f   Thumb Code    64  memmovea.o(.text)
    __aeabi_memcpy4                          0x0000015f   Thumb Code     0  memmovea.o(.text)
    __aeabi_memmove                          0x0000015f   Thumb Code     0  memmovea.o(.text)
    __aeabi_memmove4                         0x0000015f   Thumb Code     0  memmovea.o(.text)
    __aeabi_memmove8                         0x0000015f   Thumb Code     0  memmovea.o(.text)
    __aeabi_memset                           0x0000019f   Thumb Code    14  memseta.o(.text)
    __aeabi_memset4                          0x0000019f   Thumb Code     0  memseta.o(.text)
    __aeabi_memset8                          0x0000019f   Thumb Code     0  memseta.o(.text)
    __aeabi_memclr                           0x000001ad   Thumb Code     4  memseta.o(.text)
    __aeabi_memclr4                          0x000001ad   Thumb Code     0  memseta.o(.text)
    __aeabi_memclr8                          0x000001ad   Thumb Code     0  memseta.o(.text)
    _memset$wrapper                          0x000001b1   Thumb Code    18  memseta.o(.text)
    __aeabi_d2f                              0x000001c3   Thumb Code    56  d2f.o(.text)
    __I$use$fp                               0x000001fb   Thumb Code     0  iusefp.o(.text)
    _float_round                             0x000001fb   Thumb Code    18  fepilogue.o(.text)
    _float_epilogue                          0x0000020d   Thumb Code    92  fepilogue.o(.text)
    __scatterload                            0x00000269   Thumb Code    28  init.o(.text)
    __scatterload_rt2                        0x00000269   Thumb Code     0  init.o(.text)
    Flatten                                  0x0000028d   Thumb Code    74  nnom_flatten.o(i.Flatten)
    Infer_BIG                                0x000002e1   Thumb Code   114  main.o(i.Infer_BIG)
    Infer_SMALL                              0x00000375   Thumb Code   108  main.o(i.Infer_SMALL)
    MaxPool                                  0x000003f5   Thumb Code   174  nnom_maxpool.o(i.MaxPool)
    __scatterload_copy                       0x000004fd   Thumb Code    14  handlers.o(i.__scatterload_copy)
    __scatterload_null                       0x0000050b   Thumb Code     2  handlers.o(i.__scatterload_null)
    __scatterload_zeroinit                   0x0000050d   Thumb Code    14  handlers.o(i.__scatterload_zeroinit)
    act_get_dec_bit                          0x0000051b   Thumb Code    42  nnom_activation.o(i.act_get_dec_bit)
    act_relu                                 0x00000545   Thumb Code    22  nnom_activation.o(i.act_relu)
    am_bsp_debug_printf_enable               0x000005fd   Thumb Code    90  am_bsp.o(i.am_bsp_debug_printf_enable)
    am_bsp_itm_string_print                  0x0000066d   Thumb Code     4  am_bsp.o(i.am_bsp_itm_string_print)
    am_bsp_low_power_init                    0x00000671   Thumb Code    34  am_bsp.o(i.am_bsp_low_power_init)
    am_devices_led_array_init                0x00000693   Thumb Code    36  am_devices_led.o(i.am_devices_led_array_init)
    am_devices_led_array_out                 0x000006b7   Thumb Code    46  am_devices_led.o(i.am_devices_led_array_out)
    am_devices_led_init                      0x000006e5   Thumb Code   560  am_devices_led.o(i.am_devices_led_init)
    am_devices_led_off                       0x00000919   Thumb Code   140  am_devices_led.o(i.am_devices_led_off)
    am_devices_led_on                        0x000009a9   Thumb Code   140  am_devices_led.o(i.am_devices_led_on)
    am_hal_cachectrl_enable                  0x00000a39   Thumb Code   228  am_hal_cachectrl.o(i.am_hal_cachectrl_enable)
    am_hal_clkgen_osc_stop                   0x00000b21   Thumb Code    22  am_hal_clkgen.o(i.am_hal_clkgen_osc_stop)
    am_hal_clkgen_sysclk_get                 0x00000b39   Thumb Code    38  am_hal_clkgen.o(i.am_hal_clkgen_sysclk_get)
    am_hal_clkgen_sysclk_select              0x00000b6d   Thumb Code    18  am_hal_clkgen.o(i.am_hal_clkgen_sysclk_select)
    am_hal_ctimer_clear                      0x00000b81   Thumb Code    36  am_hal_ctimer.o(i.am_hal_ctimer_clear)
    am_hal_ctimer_period_set                 0x00000ba9   Thumb Code   156  am_hal_ctimer.o(i.am_hal_ctimer_period_set)
    am_hal_ctimer_start                      0x00000c49   Thumb Code    42  am_hal_ctimer.o(i.am_hal_ctimer_start)
    am_hal_flash_delay                       0x00000c79   Thumb Code    14  am_hal_flash.o(i.am_hal_flash_delay)
    am_hal_itm_enable                        0x00000c8d   Thumb Code    70  am_hal_itm.o(i.am_hal_itm_enable)
    am_hal_itm_print                         0x00000ced   Thumb Code    36  am_hal_itm.o(i.am_hal_itm_print)
    am_hal_itm_stimulus_reg_byte_write       0x00000d11   Thumb Code    18  am_hal_itm.o(i.am_hal_itm_stimulus_reg_byte_write)
    am_hal_mcuctrl_fault_status              0x00000d25   Thumb Code    56  am_hal_mcuctrl.o(i.am_hal_mcuctrl_fault_status)
    am_hal_pwrctrl_bucks_disable             0x00000d65   Thumb Code    86  am_hal_pwrctrl.o(i.am_hal_pwrctrl_bucks_disable)
    am_hal_pwrctrl_bucks_enable              0x00000dc1   Thumb Code    66  am_hal_pwrctrl.o(i.am_hal_pwrctrl_bucks_enable)
    am_hal_pwrctrl_bucks_init                0x00000e09   Thumb Code    28  am_hal_pwrctrl.o(i.am_hal_pwrctrl_bucks_init)
    am_hal_pwrctrl_low_power_init            0x00000e29   Thumb Code    24  am_hal_pwrctrl.o(i.am_hal_pwrctrl_low_power_init)
    am_hal_pwrctrl_memory_enable             0x00000e45   Thumb Code   368  am_hal_pwrctrl.o(i.am_hal_pwrctrl_memory_enable)
    am_hal_rtc_osc_disable                   0x00000fc1   Thumb Code    18  am_hal_rtc.o(i.am_hal_rtc_osc_disable)
    am_hal_rtc_osc_select                    0x00000fd3   Thumb Code    38  am_hal_rtc.o(i.am_hal_rtc_osc_select)
    am_hal_sysctrl_sleep                     0x00000ff9   Thumb Code   188  am_hal_sysctrl.o(i.am_hal_sysctrl_sleep)
    am_hal_tpiu_enable                       0x000010c9   Thumb Code   142  am_hal_tpiu.o(i.am_hal_tpiu_enable)
    am_hal_vcomp_disable                     0x00001171   Thumb Code     8  am_hal_vcomp.o(i.am_hal_vcomp_disable)
    am_systick_isr                           0x0000117d   Thumb Code    14  am_time.o(i.am_systick_isr)
    am_util_delay_ms                         0x00001191   Thumb Code    30  am_util_delay.o(i.am_util_delay_ms)
    am_util_faultisr_collect_data            0x000011b1   Thumb Code   178  am_util_faultisr.o(i.am_util_faultisr_collect_data)
    am_util_stdio_printf                     0x00001269   Thumb Code    50  am_util_stdio.o(i.am_util_stdio_printf)
    am_util_stdio_printf_init                0x000012a5   Thumb Code     6  am_util_stdio.o(i.am_util_stdio_printf_init)
    am_util_stdio_vsprintf                   0x000012b1   Thumb Code   932  am_util_stdio.o(i.am_util_stdio_vsprintf)
    block_mem_set                            0x00001665   Thumb Code    68  nnom.o(i.block_mem_set)
    check_model_version                      0x00001731   Thumb Code    52  nnom.o(i.check_model_version)
    compile_layers                           0x00001765   Thumb Code   650  nnom.o(i.compile_layers)
    conv2d_build                             0x000019ef   Thumb Code   274  nnom_conv2d.o(i.conv2d_build)
    conv2d_free                              0x00001b01   Thumb Code    28  nnom_conv2d.o(i.conv2d_free)
    conv2d_run                               0x00001b1d   Thumb Code   306  nnom_conv2d.o(i.conv2d_run)
    conv2d_s                                 0x00001c51   Thumb Code   336  nnom_conv2d.o(i.conv2d_s)
    conv_output_length                       0x00001dad   Thumb Code    42  nnom_conv2d.o(i.conv_output_length)
    default_build                            0x00001e19   Thumb Code    86  nnom_baselayer.o(i.default_build)
    delete_tensor                            0x00001e6f   Thumb Code    14  nnom_tensor.o(i.delete_tensor)
    dense_build                              0x00001e7d   Thumb Code   168  nnom_dense.o(i.dense_build)
    dense_free                               0x00001f25   Thumb Code    28  nnom_dense.o(i.dense_free)
    dense_run                                0x00001f41   Thumb Code    98  nnom_dense.o(i.dense_run)
    dense_s                                  0x00001fa5   Thumb Code   118  nnom_dense.o(i.dense_s)
    dilation                                 0x00002029   Thumb Code    22  nnom_layers.o(i.dilation)
    flatten_build                            0x00002127   Thumb Code    88  nnom_flatten.o(i.flatten_build)
    flatten_run                              0x0000217f   Thumb Code     6  nnom_flatten.o(i.flatten_run)
    flatten_s                                0x00002185   Thumb Code    18  nnom_flatten.o(i.flatten_s)
    free                                     0x00002199   Thumb Code    76  malloc.o(i.free)
    input_build                              0x00002361   Thumb Code    48  nnom_input.o(i.input_build)
    input_run                                0x00002391   Thumb Code    34  nnom_input.o(i.input_run)
    input_s                                  0x000023b5   Thumb Code   262  nnom_input.o(i.input_s)
    io_init                                  0x000024c5   Thumb Code     8  nnom_layers.o(i.io_init)
    kernel                                   0x00002551   Thumb Code    22  nnom_layers.o(i.kernel)
    layer_run                                0x000025a7   Thumb Code    40  nnom.o(i.layer_run)
    local_convolve_HWC_q15_nonsquare         0x000025f7   Thumb Code   532  nnom_local_q15.o(i.local_convolve_HWC_q15_nonsquare)
    local_convolve_HWC_q7_nonsquare          0x0000280b   Thumb Code   502  nnom_local.o(i.local_convolve_HWC_q7_nonsquare)
    local_fully_connected_q7_opt             0x00002a01   Thumb Code   672  nnom_local.o(i.local_fully_connected_q7_opt)
    local_maxpool_q7_HWC                     0x00002ca1   Thumb Code   250  nnom_local.o(i.local_maxpool_q7_HWC)
    local_relu_q15                           0x00002d9b   Thumb Code    28  nnom_local_q15.o(i.local_relu_q15)
    local_relu_q7                            0x00002db7   Thumb Code    24  nnom_local.o(i.local_relu_q7)
    main                                     0x00002dd1   Thumb Code   258  main.o(i.main)
    malloc                                   0x00002f59   Thumb Code    92  malloc.o(i.malloc)
    maxpool_build                            0x00002fc5   Thumb Code   248  nnom_maxpool.o(i.maxpool_build)
    maxpool_run                              0x000030bd   Thumb Code   150  nnom_maxpool.o(i.maxpool_run)
    maxpool_s                                0x00003153   Thumb Code   104  nnom_maxpool.o(i.maxpool_s)
    mem_analysis_result                      0x000031bb   Thumb Code    34  nnom.o(i.mem_analysis_result)
    model_compile                            0x00003219   Thumb Code   116  nnom.o(i.model_compile)
    model_delete                             0x0000328d   Thumb Code    64  nnom.o(i.model_delete)
    model_run                                0x00003349   Thumb Code    14  nnom.o(i.model_run)
    model_run_to                             0x00003357   Thumb Code    96  nnom.o(i.model_run_to)
    new_model                                0x00003475   Thumb Code    62  nnom.o(i.new_model)
    new_tensor                               0x000034c9   Thumb Code    92  nnom_tensor.o(i.new_tensor)
    nnom_alignto                             0x00003525   Thumb Code    28  nnom.o(i.nnom_alignto)
    nnom_hook_length                         0x00003541   Thumb Code    24  nnom.o(i.nnom_hook_length)
    nnom_mem                                 0x00003559   Thumb Code    46  nnom.o(i.nnom_mem)
    output_run                               0x00003751   Thumb Code    34  nnom_output.o(i.output_run)
    output_s                                 0x00003775   Thumb Code    32  nnom_output.o(i.output_s)
    set_tailed_activation                    0x00003935   Thumb Code    54  nnom.o(i.set_tailed_activation)
    shape                                    0x0000396b   Thumb Code    32  nnom_layers.o(i.shape)
    stride                                   0x000039a3   Thumb Code    22  nnom_layers.o(i.stride)
    tensor_cpy_attr                          0x000039b9   Thumb Code    88  nnom_tensor.o(i.tensor_cpy_attr)
    tensor_get_num_channel                   0x00003a11   Thumb Code    14  nnom_tensor.o(i.tensor_get_num_channel)
    tensor_mem_set                           0x00003a1f   Thumb Code    54  nnom.o(i.tensor_mem_set)
    tensor_set_attr                          0x00003a55   Thumb Code    80  nnom_tensor.o(i.tensor_set_attr)
    tensor_set_attr_v                        0x00003aa5   Thumb Code    50  nnom_tensor.o(i.tensor_set_attr_v)
    tensor_size                              0x00003ad7   Thumb Code    34  nnom_tensor.o(i.tensor_size)
    tensor_input_1_0_dim_B                   0x000041f4   Data           4  main.o(.constdata)
    tensor_input_1_0_dec_B                   0x000041f8   Data           4  main.o(.constdata)
    tensor_input_1_0_offset_B                0x000041fc   Data           4  main.o(.constdata)
    tensor_input_1_0_B                       0x00004200   Data          20  main.o(.constdata)
    input_1_config_B                         0x00004214   Data           8  main.o(.constdata)
    tensor_conv1d_kernel_0_data_B            0x0000421c   Data         108  main.o(.constdata)
    tensor_conv1d_kernel_0_dim_B             0x00004288   Data           6  main.o(.constdata)
    tensor_conv1d_kernel_0_dec_B             0x00004290   Data           4  main.o(.constdata)
    tensor_conv1d_kernel_0_offset_B          0x00004294   Data           4  main.o(.constdata)
    tensor_conv1d_kernel_0_B                 0x00004298   Data          20  main.o(.constdata)
    tensor_conv1d_bias_0_data_B              0x000042ac   Data           4  main.o(.constdata)
    tensor_conv1d_bias_0_dim_B               0x000042b0   Data           2  main.o(.constdata)
    tensor_conv1d_bias_0_dec_B               0x000042b4   Data           4  main.o(.constdata)
    tensor_conv1d_bias_0_offset_B            0x000042b8   Data           4  main.o(.constdata)
    tensor_conv1d_bias_0_B                   0x000042bc   Data          20  main.o(.constdata)
    conv1d_output_shift_B                    0x000042d0   Data           4  main.o(.constdata)
    conv1d_bias_shift_B                      0x000042d4   Data           4  main.o(.constdata)
    conv1d_config_B                          0x000042d8   Data          40  main.o(.constdata)
    max_pooling1d_config_B                   0x00004300   Data          16  main.o(.constdata)
    tensor_conv1d_1_kernel_0_data_B          0x00004310   Data          96  main.o(.constdata)
    tensor_conv1d_1_kernel_0_dim_B           0x00004370   Data           6  main.o(.constdata)
    tensor_conv1d_1_kernel_0_dec_B           0x00004378   Data           4  main.o(.constdata)
    tensor_conv1d_1_kernel_0_offset_B        0x0000437c   Data           4  main.o(.constdata)
    tensor_conv1d_1_kernel_0_B               0x00004380   Data          20  main.o(.constdata)
    tensor_conv1d_1_bias_0_data_B            0x00004394   Data           8  main.o(.constdata)
    tensor_conv1d_1_bias_0_dim_B             0x0000439c   Data           2  main.o(.constdata)
    tensor_conv1d_1_bias_0_dec_B             0x000043a0   Data           4  main.o(.constdata)
    tensor_conv1d_1_bias_0_offset_B          0x000043a4   Data           4  main.o(.constdata)
    tensor_conv1d_1_bias_0_B                 0x000043a8   Data          20  main.o(.constdata)
    conv1d_1_output_shift_B                  0x000043bc   Data           4  main.o(.constdata)
    conv1d_1_bias_shift_B                    0x000043c0   Data           4  main.o(.constdata)
    conv1d_1_config_B                        0x000043c4   Data          40  main.o(.constdata)
    max_pooling1d_1_config_B                 0x000043ec   Data          16  main.o(.constdata)
    tensor_conv1d_2_kernel_0_data_B          0x000043fc   Data         384  main.o(.constdata)
    tensor_conv1d_2_kernel_0_dim_B           0x0000457c   Data           6  main.o(.constdata)
    tensor_conv1d_2_kernel_0_dec_B           0x00004584   Data           4  main.o(.constdata)
    tensor_conv1d_2_kernel_0_offset_B        0x00004588   Data           4  main.o(.constdata)
    tensor_conv1d_2_kernel_0_B               0x0000458c   Data          20  main.o(.constdata)
    tensor_conv1d_2_bias_0_data_B            0x000045a0   Data          16  main.o(.constdata)
    tensor_conv1d_2_bias_0_dim_B             0x000045b0   Data           2  main.o(.constdata)
    tensor_conv1d_2_bias_0_dec_B             0x000045b4   Data           4  main.o(.constdata)
    tensor_conv1d_2_bias_0_offset_B          0x000045b8   Data           4  main.o(.constdata)
    tensor_conv1d_2_bias_0_B                 0x000045bc   Data          20  main.o(.constdata)
    conv1d_2_output_shift_B                  0x000045d0   Data           4  main.o(.constdata)
    conv1d_2_bias_shift_B                    0x000045d4   Data           4  main.o(.constdata)
    conv1d_2_config_B                        0x000045d8   Data          40  main.o(.constdata)
    max_pooling1d_2_config_B                 0x00004600   Data          16  main.o(.constdata)
    tensor_conv1d_3_kernel_0_data_B          0x00004610   Data        1536  main.o(.constdata)
    tensor_conv1d_3_kernel_0_dim_B           0x00004c10   Data           6  main.o(.constdata)
    tensor_conv1d_3_kernel_0_dec_B           0x00004c18   Data           4  main.o(.constdata)
    tensor_conv1d_3_kernel_0_offset_B        0x00004c1c   Data           4  main.o(.constdata)
    tensor_conv1d_3_kernel_0_B               0x00004c20   Data          20  main.o(.constdata)
    tensor_conv1d_3_bias_0_data_B            0x00004c34   Data          32  main.o(.constdata)
    tensor_conv1d_3_bias_0_dim_B             0x00004c54   Data           2  main.o(.constdata)
    tensor_conv1d_3_bias_0_dec_B             0x00004c58   Data           4  main.o(.constdata)
    tensor_conv1d_3_bias_0_offset_B          0x00004c5c   Data           4  main.o(.constdata)
    tensor_conv1d_3_bias_0_B                 0x00004c60   Data          20  main.o(.constdata)
    conv1d_3_output_shift_B                  0x00004c74   Data           4  main.o(.constdata)
    conv1d_3_bias_shift_B                    0x00004c78   Data           4  main.o(.constdata)
    conv1d_3_config_B                        0x00004c7c   Data          40  main.o(.constdata)
    max_pooling1d_3_config_B                 0x00004ca4   Data          16  main.o(.constdata)
    tensor_conv1d_4_kernel_0_data_B          0x00004cb4   Data         768  main.o(.constdata)
    tensor_conv1d_4_kernel_0_dim_B           0x00004fb4   Data           6  main.o(.constdata)
    tensor_conv1d_4_kernel_0_dec_B           0x00004fbc   Data           4  main.o(.constdata)
    tensor_conv1d_4_kernel_0_offset_B        0x00004fc0   Data           4  main.o(.constdata)
    tensor_conv1d_4_kernel_0_B               0x00004fc4   Data          20  main.o(.constdata)
    tensor_conv1d_4_bias_0_data_B            0x00004fd8   Data           8  main.o(.constdata)
    tensor_conv1d_4_bias_0_dim_B             0x00004fe0   Data           2  main.o(.constdata)
    tensor_conv1d_4_bias_0_dec_B             0x00004fe4   Data           4  main.o(.constdata)
    tensor_conv1d_4_bias_0_offset_B          0x00004fe8   Data           4  main.o(.constdata)
    tensor_conv1d_4_bias_0_B                 0x00004fec   Data          20  main.o(.constdata)
    conv1d_4_output_shift_B                  0x00005000   Data           4  main.o(.constdata)
    conv1d_4_bias_shift_B                    0x00005004   Data           4  main.o(.constdata)
    conv1d_4_config_B                        0x00005008   Data          40  main.o(.constdata)
    max_pooling1d_4_config_B                 0x00005030   Data          16  main.o(.constdata)
    flatten_config_B                         0x00005040   Data           4  main.o(.constdata)
    tensor_dense_kernel_0_data_B             0x00005044   Data         192  main.o(.constdata)
    tensor_dense_kernel_0_dim_B              0x00005104   Data           4  main.o(.constdata)
    tensor_dense_kernel_0_dec_B              0x00005108   Data           4  main.o(.constdata)
    tensor_dense_kernel_0_offset_B           0x0000510c   Data           4  main.o(.constdata)
    tensor_dense_kernel_0_B                  0x00005110   Data          20  main.o(.constdata)
    tensor_dense_bias_0_data_B               0x00005124   Data           6  main.o(.constdata)
    tensor_dense_bias_0_dim_B                0x0000512a   Data           2  main.o(.constdata)
    tensor_dense_bias_0_dec_B                0x0000512c   Data           4  main.o(.constdata)
    tensor_dense_bias_0_offset_B             0x00005130   Data           4  main.o(.constdata)
    tensor_dense_bias_0_B                    0x00005134   Data          20  main.o(.constdata)
    dense_output_shift_B                     0x00005148   Data           4  main.o(.constdata)
    dense_bias_shift_B                       0x0000514c   Data           4  main.o(.constdata)
    dense_config_B                           0x00005150   Data          24  main.o(.constdata)
    tensor_output0_dim_B                     0x00005168   Data           2  main.o(.constdata)
    tensor_output0_dec_B                     0x0000516c   Data           4  main.o(.constdata)
    tensor_output0_offset_B                  0x00005170   Data           4  main.o(.constdata)
    tensor_output0_B                         0x00005174   Data          20  main.o(.constdata)
    output0_config_B                         0x00005188   Data           8  main.o(.constdata)
    Input_data_s123                          0x00005190   Data       69120  main.o(.constdata)
    Input_data_s3                            0x00015f90   Data       23040  main.o(.constdata)
    Output_expect                            0x0001b990   Data         240  main.o(.constdata)
    am_hal_cachectrl_defaults                0x0001ba80   Data          12  am_hal_cachectrl.o(.constdata)
    g_am_hal_flash                           0x0001ba8c   Data          80  am_hal_flash.o(.constdata)
    ui32SramMaxAddr                          0x0001badc   Data           4  am_hal_flash.o(.constdata)
    Region$$Table$$Base                      0x0001bb88   Number         0  anon$$obj.o(Region$$Table)
    Region$$Table$$Limit                     0x0001bba8   Number         0  anon$$obj.o(Region$$Table)
    accurateCount                            0x10000008   Data           4  main.o(.data)
    B_invoked_times                          0x1000000c   Data           4  main.o(.data)
    index_B                                  0x10000010   Data           4  main.o(.data)
    BIG_model_activate                       0x10000014   Data           1  main.o(.data)
    model                                    0x10000018   Data           4  main.o(.data)
    g_pfnCharPrint                           0x1000001c   Data           4  am_util_stdio.o(.data)
    nnom_memory_taken                        0x10000024   Data           4  nnom.o(.data)
    g_ui32SysTickWrappedTime                 0x10000028   Data           4  am_time.o(.data)
    am_bsp_psLEDs                            0x10000048   Data          32  am_bsp.o(.data)
    g_ui32HALflags                           0x10000068   Data           4  am_hal_global.o(.data)
    __microlib_freelist                      0x1000006c   Data           4  mvars.o(.data)
    __microlib_freelist_initialised          0x10000070   Data           4  mvars.o(.data)
    __heap_base                              0x10000680   Data           0  startup_keil.o(HEAP)
    __heap_limit                             0x10020680   Data           0  startup_keil.o(HEAP)
    __initial_sp                             0x1002f680   Data           0  startup_keil.o(STACK)



==============================================================================

Memory Map of the image

  Image Entry point : 0x000000c1

  Load Region LR_1 (Base: 0x00000000, Size: 0x0001bc1c, Max: 0xffffffff, ABSOLUTE)

    Execution Region ER_RO (Exec base: 0x00000000, Load base: 0x00000000, Size: 0x0001bba8, Max: 0xffffffff, ABSOLUTE)

    Exec Addr    Load Addr    Size         Type   Attr      Idx    E Section Name        Object

    0x00000000   0x00000000   0x000000e8   Code   RO          646  * RESET               startup_keil.o
    0x000000e8   0x000000e8   0x00000000   Code   RO        12201  * .ARM.Collect$$$$00000000  mc_w.l(entry.o)
    0x000000e8   0x000000e8   0x00000004   Code   RO        12303    .ARM.Collect$$$$00000001  mc_w.l(entry2.o)
    0x000000ec   0x000000ec   0x00000004   Code   RO        12306    .ARM.Collect$$$$00000004  mc_w.l(entry5.o)
    0x000000f0   0x000000f0   0x00000000   Code   RO        12308    .ARM.Collect$$$$00000008  mc_w.l(entry7b.o)
    0x000000f0   0x000000f0   0x00000000   Code   RO        12310    .ARM.Collect$$$$0000000A  mc_w.l(entry8b.o)
    0x000000f0   0x000000f0   0x00000008   Code   RO        12311    .ARM.Collect$$$$0000000B  mc_w.l(entry9a.o)
    0x000000f8   0x000000f8   0x00000004   Code   RO        12318    .ARM.Collect$$$$0000000E  mc_w.l(entry12b.o)
    0x000000fc   0x000000fc   0x00000000   Code   RO        12313    .ARM.Collect$$$$0000000F  mc_w.l(entry10a.o)
    0x000000fc   0x000000fc   0x00000000   Code   RO        12315    .ARM.Collect$$$$00000011  mc_w.l(entry11a.o)
    0x000000fc   0x000000fc   0x00000004   Code   RO        12304    .ARM.Collect$$$$00002712  mc_w.l(entry2.o)
    0x00000100   0x00000100   0x00000022   Code   RO          526    .emb_text           am_util_faultisr.o
    0x00000122   0x00000122   0x00000002   PAD
    0x00000124   0x00000124   0x00000016   Code   RO         3678    .emb_text           am_hal_interrupt.o
    0x0000013a   0x0000013a   0x00000024   Code   RO        12210    .text               mc_w.l(llsshr.o)
    0x0000015e   0x0000015e   0x00000040   Code   RO        12214    .text               mc_w.l(memmovea.o)
    0x0000019e   0x0000019e   0x00000024   Code   RO        12216    .text               mc_w.l(memseta.o)
    0x000001c2   0x000001c2   0x00000038   Code   RO        12268    .text               mf_w.l(d2f.o)
    0x000001fa   0x000001fa   0x00000000   Code   RO        12330    .text               mc_w.l(iusefp.o)
    0x000001fa   0x000001fa   0x0000006e   Code   RO        12331    .text               mf_w.l(fepilogue.o)
    0x00000268   0x00000268   0x00000024   Code   RO        12341    .text               mc_w.l(init.o)
    0x0000028c   0x0000028c   0x00000054   Code   RO         2275    i.Flatten           nnom_flatten.o
    0x000002e0   0x000002e0   0x00000094   Code   RO            4    i.Infer_BIG         main.o
    0x00000374   0x00000374   0x00000080   Code   RO            5    i.Infer_SMALL       main.o
    0x000003f4   0x000003f4   0x000000b8   Code   RO         2547    i.MaxPool           nnom_maxpool.o
    0x000004ac   0x000004ac   0x00000028   Code   RO          651    i.__NNOM_SSAT       nnom_local.o
    0x000004d4   0x000004d4   0x00000028   Code   RO          985    i.__NNOM_SSAT       nnom_local_q15.o
    0x000004fc   0x000004fc   0x0000000e   Code   RO        12345    i.__scatterload_copy  mc_w.l(handlers.o)
    0x0000050a   0x0000050a   0x00000002   Code   RO        12346    i.__scatterload_null  mc_w.l(handlers.o)
    0x0000050c   0x0000050c   0x0000000e   Code   RO        12347    i.__scatterload_zeroinit  mc_w.l(handlers.o)
    0x0000051a   0x0000051a   0x0000002a   Code   RO         1849    i.act_get_dec_bit   nnom_activation.o
    0x00000544   0x00000544   0x0000001c   Code   RO         1853    i.act_relu          nnom_activation.o
    0x00000560   0x00000560   0x00000032   Code   RO         1229    i.allocate_block    nnom.o
    0x00000592   0x00000592   0x00000032   Code   RO         1230    i.allocate_hook     nnom.o
    0x000005c4   0x000005c4   0x00000036   Code   RO         1231    i.allocate_io       nnom.o
    0x000005fa   0x000005fa   0x00000002   PAD
    0x000005fc   0x000005fc   0x00000070   Code   RO        12069    i.am_bsp_debug_printf_enable  libam_bsp.lib(am_bsp.o)
    0x0000066c   0x0000066c   0x00000004   Code   RO        12078    i.am_bsp_itm_string_print  libam_bsp.lib(am_bsp.o)
    0x00000670   0x00000670   0x00000022   Code   RO        12079    i.am_bsp_low_power_init  libam_bsp.lib(am_bsp.o)
    0x00000692   0x00000692   0x00000024   Code   RO          416    i.am_devices_led_array_init  am_devices_led.o
    0x000006b6   0x000006b6   0x0000002e   Code   RO          417    i.am_devices_led_array_out  am_devices_led.o
    0x000006e4   0x000006e4   0x00000234   Code   RO          419    i.am_devices_led_init  am_devices_led.o
    0x00000918   0x00000918   0x00000090   Code   RO          420    i.am_devices_led_off  am_devices_led.o
    0x000009a8   0x000009a8   0x00000090   Code   RO          421    i.am_devices_led_on  am_devices_led.o
    0x00000a38   0x00000a38   0x000000e8   Code   RO         3011    i.am_hal_cachectrl_enable  am_hal_cachectrl.o
    0x00000b20   0x00000b20   0x00000016   Code   RO         3089    i.am_hal_clkgen_osc_stop  am_hal_clkgen.o
    0x00000b36   0x00000b36   0x00000002   PAD
    0x00000b38   0x00000b38   0x00000034   Code   RO         3090    i.am_hal_clkgen_sysclk_get  am_hal_clkgen.o
    0x00000b6c   0x00000b6c   0x00000012   Code   RO         3091    i.am_hal_clkgen_sysclk_select  am_hal_clkgen.o
    0x00000b7e   0x00000b7e   0x00000002   PAD
    0x00000b80   0x00000b80   0x00000028   Code   RO         3177    i.am_hal_ctimer_clear  am_hal_ctimer.o
    0x00000ba8   0x00000ba8   0x000000a0   Code   RO         3189    i.am_hal_ctimer_period_set  am_hal_ctimer.o
    0x00000c48   0x00000c48   0x00000030   Code   RO         3194    i.am_hal_ctimer_start  am_hal_ctimer.o
    0x00000c78   0x00000c78   0x00000014   Code   RO         3342    i.am_hal_flash_delay  am_hal_flash.o
    0x00000c8c   0x00000c8c   0x00000060   Code   RO         4330    i.am_hal_itm_enable  am_hal_itm.o
    0x00000cec   0x00000cec   0x00000024   Code   RO         4332    i.am_hal_itm_print  am_hal_itm.o
    0x00000d10   0x00000d10   0x00000012   Code   RO         4335    i.am_hal_itm_stimulus_reg_byte_write  am_hal_itm.o
    0x00000d22   0x00000d22   0x00000002   PAD
    0x00000d24   0x00000d24   0x00000040   Code   RO         4410    i.am_hal_mcuctrl_fault_status  am_hal_mcuctrl.o
    0x00000d64   0x00000d64   0x0000005c   Code   RO         4510    i.am_hal_pwrctrl_bucks_disable  am_hal_pwrctrl.o
    0x00000dc0   0x00000dc0   0x00000048   Code   RO         4511    i.am_hal_pwrctrl_bucks_enable  am_hal_pwrctrl.o
    0x00000e08   0x00000e08   0x00000020   Code   RO         4512    i.am_hal_pwrctrl_bucks_init  am_hal_pwrctrl.o
    0x00000e28   0x00000e28   0x0000001c   Code   RO         4513    i.am_hal_pwrctrl_low_power_init  am_hal_pwrctrl.o
    0x00000e44   0x00000e44   0x0000017c   Code   RO         4514    i.am_hal_pwrctrl_memory_enable  am_hal_pwrctrl.o
    0x00000fc0   0x00000fc0   0x00000012   Code   RO         4633    i.am_hal_rtc_osc_disable  am_hal_rtc.o
    0x00000fd2   0x00000fd2   0x00000026   Code   RO         4635    i.am_hal_rtc_osc_select  am_hal_rtc.o
    0x00000ff8   0x00000ff8   0x000000d0   Code   RO         4829    i.am_hal_sysctrl_sleep  am_hal_sysctrl.o
    0x000010c8   0x000010c8   0x000000a8   Code   RO         4967    i.am_hal_tpiu_enable  am_hal_tpiu.o
    0x00001170   0x00001170   0x0000000c   Code   RO         5225    i.am_hal_vcomp_disable  am_hal_vcomp.o
    0x0000117c   0x0000117c   0x00000014   Code   RO         2797    i.am_systick_isr    am_time.o
    0x00001190   0x00001190   0x0000001e   Code   RO          503    i.am_util_delay_ms  am_util_delay.o
    0x000011ae   0x000011ae   0x00000002   PAD
    0x000011b0   0x000011b0   0x000000b8   Code   RO          527    i.am_util_faultisr_collect_data  am_util_faultisr.o
    0x00001268   0x00001268   0x0000003c   Code   RO          542    i.am_util_stdio_printf  am_util_stdio.o
    0x000012a4   0x000012a4   0x0000000c   Code   RO          543    i.am_util_stdio_printf_init  am_util_stdio.o
    0x000012b0   0x000012b0   0x000003b4   Code   RO          548    i.am_util_stdio_vsprintf  am_util_stdio.o
    0x00001664   0x00001664   0x00000044   Code   RO         1232    i.block_mem_set     nnom.o
    0x000016a8   0x000016a8   0x00000088   Code   RO         4830    i.buckZX_chk        am_hal_sysctrl.o
    0x00001730   0x00001730   0x00000034   Code   RO         1233    i.check_model_version  nnom.o
    0x00001764   0x00001764   0x0000028a   Code   RO         1234    i.compile_layers    nnom.o
    0x000019ee   0x000019ee   0x00000112   Code   RO         2092    i.conv2d_build      nnom_conv2d.o
    0x00001b00   0x00001b00   0x0000001c   Code   RO         2093    i.conv2d_free       nnom_conv2d.o
    0x00001b1c   0x00001b1c   0x00000132   Code   RO         2094    i.conv2d_run        nnom_conv2d.o
    0x00001c4e   0x00001c4e   0x00000002   PAD
    0x00001c50   0x00001c50   0x0000015c   Code   RO         2095    i.conv2d_s          nnom_conv2d.o
    0x00001dac   0x00001dac   0x0000002a   Code   RO         2096    i.conv_output_length  nnom_conv2d.o
    0x00001dd6   0x00001dd6   0x00000042   Code   RO          549    i.decstr_to_int     am_util_stdio.o
    0x00001e18   0x00001e18   0x00000056   Code   RO         2026    i.default_build     nnom_baselayer.o
    0x00001e6e   0x00001e6e   0x0000000e   Code   RO         1599    i.delete_tensor     nnom_tensor.o
    0x00001e7c   0x00001e7c   0x000000a8   Code   RO         2206    i.dense_build       nnom_dense.o
    0x00001f24   0x00001f24   0x0000001c   Code   RO         2207    i.dense_free        nnom_dense.o
    0x00001f40   0x00001f40   0x00000062   Code   RO         2208    i.dense_run         nnom_dense.o
    0x00001fa2   0x00001fa2   0x00000002   PAD
    0x00001fa4   0x00001fa4   0x00000084   Code   RO         2209    i.dense_s           nnom_dense.o
    0x00002028   0x00002028   0x00000016   Code   RO         1543    i.dilation          nnom_layers.o
    0x0000203e   0x0000203e   0x000000cc   Code   RO          550    i.divu64_10         am_util_stdio.o
    0x0000210a   0x0000210a   0x0000001c   Code   RO         1236    i.find_last         nnom.o
    0x00002126   0x00002126   0x00000058   Code   RO         2276    i.flatten_build     nnom_flatten.o
    0x0000217e   0x0000217e   0x00000006   Code   RO         2277    i.flatten_run       nnom_flatten.o
    0x00002184   0x00002184   0x00000012   Code   RO         2278    i.flatten_s         nnom_flatten.o
    0x00002196   0x00002196   0x00000002   PAD
    0x00002198   0x00002198   0x00000050   Code   RO        12222    i.free              mc_w.l(malloc.o)
    0x000021e8   0x000021e8   0x00000178   Code   RO          551    i.ftoa              am_util_stdio.o
    0x00002360   0x00002360   0x00000030   Code   RO         2390    i.input_build       nnom_input.o
    0x00002390   0x00002390   0x00000022   Code   RO         2391    i.input_run         nnom_input.o
    0x000023b2   0x000023b2   0x00000002   PAD
    0x000023b4   0x000023b4   0x00000110   Code   RO         2392    i.input_s           nnom_input.o
    0x000024c4   0x000024c4   0x00000008   Code   RO         1545    i.io_init           nnom_layers.o
    0x000024cc   0x000024cc   0x0000003c   Code   RO         1237    i.io_list_delete    nnom.o
    0x00002508   0x00002508   0x0000001c   Code   RO         1238    i.io_mem_size       nnom.o
    0x00002524   0x00002524   0x00000014   Code   RO         1239    i.io_tensor_delete  nnom.o
    0x00002538   0x00002538   0x00000018   Code   RO         4517    i.isRev_ADC         am_hal_pwrctrl.o
    0x00002550   0x00002550   0x00000016   Code   RO         1546    i.kernel            nnom_layers.o
    0x00002566   0x00002566   0x00000040   Code   RO         1240    i.layer_delete      nnom.o
    0x000025a6   0x000025a6   0x00000028   Code   RO         1241    i.layer_run         nnom.o
    0x000025ce   0x000025ce   0x00000028   Code   RO         1242    i.layer_shortcut_add  nnom.o
    0x000025f6   0x000025f6   0x00000214   Code   RO          996    i.local_convolve_HWC_q15_nonsquare  nnom_local_q15.o
    0x0000280a   0x0000280a   0x000001f6   Code   RO          660    i.local_convolve_HWC_q7_nonsquare  nnom_local.o
    0x00002a00   0x00002a00   0x000002a0   Code   RO          668    i.local_fully_connected_q7_opt  nnom_local.o
    0x00002ca0   0x00002ca0   0x000000fa   Code   RO          673    i.local_maxpool_q7_HWC  nnom_local.o
    0x00002d9a   0x00002d9a   0x0000001c   Code   RO         1014    i.local_relu_q15    nnom_local_q15.o
    0x00002db6   0x00002db6   0x00000018   Code   RO          681    i.local_relu_q7     nnom_local.o
    0x00002dce   0x00002dce   0x00000002   PAD
    0x00002dd0   0x00002dd0   0x00000188   Code   RO            6    i.main              main.o
    0x00002f58   0x00002f58   0x0000006c   Code   RO        12223    i.malloc            mc_w.l(malloc.o)
    0x00002fc4   0x00002fc4   0x000000f8   Code   RO         2548    i.maxpool_build     nnom_maxpool.o
    0x000030bc   0x000030bc   0x00000096   Code   RO         2549    i.maxpool_run       nnom_maxpool.o
    0x00003152   0x00003152   0x00000068   Code   RO         2550    i.maxpool_s         nnom_maxpool.o
    0x000031ba   0x000031ba   0x00000022   Code   RO         1244    i.mem_analysis_result  nnom.o
    0x000031dc   0x000031dc   0x00000008   Code   RO         1245    i.model_active      nnom.o
    0x000031e4   0x000031e4   0x00000034   Code   RO         1246    i.model_add         nnom.o
    0x00003218   0x00003218   0x00000074   Code   RO         1247    i.model_compile     nnom.o
    0x0000328c   0x0000328c   0x00000044   Code   RO         1248    i.model_delete      nnom.o
    0x000032d0   0x000032d0   0x0000002c   Code   RO         1250    i.model_hook        nnom.o
    0x000032fc   0x000032fc   0x00000016   Code   RO         1251    i.model_merge       nnom.o
    0x00003312   0x00003312   0x00000036   Code   RO         1252    i.model_mergex      nnom.o
    0x00003348   0x00003348   0x0000000e   Code   RO         1253    i.model_run         nnom.o
    0x00003356   0x00003356   0x00000060   Code   RO         1254    i.model_run_to      nnom.o
    0x000033b6   0x000033b6   0x0000002a   Code   RO         1256    i.model_set_ops     nnom.o
    0x000033e0   0x000033e0   0x00000034   Code   RO          552    i.ndigits_in_hex    am_util_stdio.o
    0x00003414   0x00003414   0x00000024   Code   RO          553    i.ndigits_in_i64    am_util_stdio.o
    0x00003438   0x00003438   0x0000003a   Code   RO          554    i.ndigits_in_u64    am_util_stdio.o
    0x00003472   0x00003472   0x00000002   PAD
    0x00003474   0x00003474   0x00000054   Code   RO         1257    i.new_model         nnom.o
    0x000034c8   0x000034c8   0x0000005c   Code   RO         1601    i.new_tensor        nnom_tensor.o
    0x00003524   0x00003524   0x0000001c   Code   RO         1258    i.nnom_alignto      nnom.o
    0x00003540   0x00003540   0x00000018   Code   RO         1259    i.nnom_hook_length  nnom.o
    0x00003558   0x00003558   0x00000034   Code   RO         1261    i.nnom_mem          nnom.o
    0x0000358c   0x0000358c   0x000001c4   Code   RO            7    i.nnom_model_create_B  main.o
    0x00003750   0x00003750   0x00000022   Code   RO         2580    i.output_run        nnom_output.o
    0x00003772   0x00003772   0x00000002   PAD
    0x00003774   0x00003774   0x00000028   Code   RO         2581    i.output_s          nnom_output.o
    0x0000379c   0x0000379c   0x00000022   Code   RO          555    i.padbuffer         am_util_stdio.o
    0x000037be   0x000037be   0x00000002   PAD
    0x000037c0   0x000037c0   0x0000004c   Code   RO         1263    i.print_layer_info  nnom.o
    0x0000380c   0x0000380c   0x00000010   Code   RO         1264    i.print_memory_block_info  nnom.o
    0x0000381c   0x0000381c   0x00000016   Code   RO         1265    i.release_block     nnom.o
    0x00003832   0x00003832   0x00000012   Code   RO         1266    i.release_comp_mem  nnom.o
    0x00003844   0x00003844   0x00000016   Code   RO         1267    i.release_input_mem  nnom.o
    0x0000385a   0x0000385a   0x00000036   Code   RO         1863    i.relu_run          nnom_activation.o
    0x00003890   0x00003890   0x000000a4   Code   RO         4831    i.setBuckZX         am_hal_sysctrl.o
    0x00003934   0x00003934   0x00000036   Code   RO         1269    i.set_tailed_activation  nnom.o
    0x0000396a   0x0000396a   0x00000020   Code   RO         1547    i.shape             nnom_layers.o
    0x0000398a   0x0000398a   0x00000018   Code   RO          556    i.simple_strlen     am_util_stdio.o
    0x000039a2   0x000039a2   0x00000016   Code   RO         1549    i.stride            nnom_layers.o
    0x000039b8   0x000039b8   0x00000058   Code   RO         1603    i.tensor_cpy_attr   nnom_tensor.o
    0x00003a10   0x00003a10   0x0000000e   Code   RO         1604    i.tensor_get_num_channel  nnom_tensor.o
    0x00003a1e   0x00003a1e   0x00000036   Code   RO         1270    i.tensor_mem_set    nnom.o
    0x00003a54   0x00003a54   0x00000050   Code   RO         1606    i.tensor_set_attr   nnom_tensor.o
    0x00003aa4   0x00003aa4   0x00000032   Code   RO         1607    i.tensor_set_attr_v  nnom_tensor.o
    0x00003ad6   0x00003ad6   0x00000022   Code   RO         1608    i.tensor_size       nnom_tensor.o
    0x00003af8   0x00003af8   0x0000008a   Code   RO          557    i.uint64_to_hexstr  am_util_stdio.o
    0x00003b82   0x00003b82   0x00000070   Code   RO          558    i.uint64_to_str     am_util_stdio.o
    0x00003bf2   0x00003bf2   0x00000002   PAD
    0x00003bf4   0x00003bf4   0x00017e8c   Data   RO            9    .constdata          main.o
    0x0001ba80   0x0001ba80   0x0000000c   Data   RO         3016    .constdata          am_hal_cachectrl.o
    0x0001ba8c   0x0001ba8c   0x00000054   Data   RO         3370    .constdata          am_hal_flash.o
    0x0001bae0   0x0001bae0   0x000000a8   Data   RO           10    .conststring        main.o
    0x0001bb88   0x0001bb88   0x00000020   Data   RO        12343    Region$$Table       anon$$obj.o


    Execution Region ER_RW (Exec base: 0x10000000, Load base: 0x0001bba8, Size: 0x00000074, Max: 0xffffffff, ABSOLUTE)

    Exec Addr    Load Addr    Size         Type   Attr      Idx    E Section Name        Object

    0x10000000   0x0001bba8   0x0000001c   Data   RW           11    .data               main.o
    0x1000001c   0x0001bbc4   0x00000005   Data   RW          560    .data               am_util_stdio.o
    0x10000021   0x0001bbc9   0x00000003   PAD
    0x10000024   0x0001bbcc   0x00000004   Data   RW         1272    .data               nnom.o
    0x10000028   0x0001bbd0   0x00000004   Data   RW         2798    .data               am_time.o
    0x1000002c   0x0001bbd4   0x0000001c   Data   RW         4833    .data               am_hal_sysctrl.o
    0x10000048   0x0001bbf0   0x00000020   Data   RW        12084    .data               libam_bsp.lib(am_bsp.o)
    0x10000068   0x0001bc10   0x00000004   Data   RW        12102    .data               libam_hal.lib(am_hal_global.o)
    0x1000006c   0x0001bc14   0x00000004   Data   RW        12321    .data               mc_w.l(mvars.o)
    0x10000070   0x0001bc18   0x00000004   Data   RW        12322    .data               mc_w.l(mvars.o)


    Execution Region ER_ZI (Exec base: 0x10000074, Load base: 0x0001bc1c, Size: 0x0002f60c, Max: 0xffffffff, ABSOLUTE)

    Exec Addr    Load Addr    Size         Type   Attr      Idx    E Section Name        Object

    0x10000074        -       0x00000508   Zero   RW            8    .bss                main.o
    0x1000057c        -       0x00000100   Zero   RW          559    .bss                am_util_stdio.o
    0x1000067c   0x0001bc1c   0x00000004   PAD
    0x10000680        -       0x00020000   Zero   RW          645    HEAP                startup_keil.o
    0x10020680        -       0x0000f000   Zero   RW          644    STACK               startup_keil.o


==============================================================================

Image component sizes


      Code (inc. data)   RO Data    RW Data    ZI Data      Debug   Object Name

       934         12          0          0          0       4490   am_devices_led.o
       232          4         12          0          0       4334   am_hal_cachectrl.o
        92         14          0          0          0       1998   am_hal_clkgen.o
       248         14          0          0          0       3591   am_hal_ctimer.o
        20          6         84          0          0       6046   am_hal_flash.o
        22          0          0          0          0        660   am_hal_interrupt.o
       150         26          0          0          0       2072   am_hal_itm.o
        64          8          0          0          0       3199   am_hal_mcuctrl.o
       628         36          0          0          0       5012   am_hal_pwrctrl.o
        56          0          0          0          0       1221   am_hal_rtc.o
       508         50          0         28          0       4223   am_hal_sysctrl.o
       168         26          0          0          0       1417   am_hal_tpiu.o
        12          4          0          0          0        591   am_hal_vcomp.o
        20          6          0          4          0       1552   am_time.o
        30          0          0          0          0        703   am_util_delay.o
       218          6          0          0          0       2228   am_util_faultisr.o
      2120         38          0          5        256      13081   am_util_stdio.o
      1120        248      98100         28       1288      52748   main.o
      2204         38          0          4          0      30673   nnom.o
       124         14          0          0          0       1917   nnom_activation.o
        86          0          0          0          0        664   nnom_baselayer.o
       998         12          0          0          0       4606   nnom_conv2d.o
       426         14          0          0          0       3633   nnom_dense.o
       196         10          0          0          0       3268   nnom_flatten.o
       354         10          0          0          0       2740   nnom_input.o
       106          0          0          0          0       3999   nnom_layers.o
      1488          0          0          0          0      17670   nnom_local.o
       600          0          0          0          0       4400   nnom_local_q15.o
       686         10          0          0          0       3700   nnom_maxpool.o
        74          8          0          0          0       1860   nnom_output.o
       372          0          0          0          0       5856   nnom_tensor.o
       232        196          0          0     192512        592   startup_keil.o

    ----------------------------------------------------------------------
     14618        810      98228         72     194060     194744   Object Totals
         0          0         32          0          0          0   (incl. Generated)
        30          0          0          3          4          0   (incl. Padding)

    ----------------------------------------------------------------------

      Code (inc. data)   RO Data    RW Data    ZI Data      Debug   Library Member Name

       150         22          0         32          0        372   am_bsp.o
         0          0          0          4          0          0   am_hal_global.o
         0          0          0          0          0          0   entry.o
         0          0          0          0          0          0   entry10a.o
         0          0          0          0          0          0   entry11a.o
         4          0          0          0          0          0   entry12b.o
         8          4          0          0          0          0   entry2.o
         4          0          0          0          0          0   entry5.o
         0          0          0          0          0          0   entry7b.o
         0          0          0          0          0          0   entry8b.o
         8          4          0          0          0          0   entry9a.o
        30          0          0          0          0          0   handlers.o
        36          8          0          0          0         68   init.o
         0          0          0          0          0          0   iusefp.o
        36          0          0          0          0         68   llsshr.o
       188         20          0          0          0        160   malloc.o
        64          0          0          0          0         76   memmovea.o
        36          0          0          0          0        108   memseta.o
         0          0          0          8          0          0   mvars.o
        56          0          0          0          0         88   d2f.o
       110          0          0          0          0        168   fepilogue.o

    ----------------------------------------------------------------------
       730         58          0         44          0       1108   Library Totals
         0          0          0          0          0          0   (incl. Padding)

    ----------------------------------------------------------------------

      Code (inc. data)   RO Data    RW Data    ZI Data      Debug   Library Name

       150         22          0         32          0        372   libam_bsp.lib
         0          0          0          4          0          0   libam_hal.lib
       414         36          0          8          0        480   mc_w.l
       166          0          0          0          0        256   mf_w.l

    ----------------------------------------------------------------------
       730         58          0         44          0       1108   Library Totals

    ----------------------------------------------------------------------

==============================================================================


      Code (inc. data)   RO Data    RW Data    ZI Data      Debug   

     15348        868      98228        116     194060     182596   Grand Totals
     15348        868      98228        116     194060     182596   ELF Image Totals
     15348        868      98228        116          0          0   ROM Totals

==============================================================================

    Total RO  Size (Code + RO Data)               113576 ( 110.91kB)
    Total RW  Size (RW Data + ZI Data)            194176 ( 189.63kB)
    Total ROM Size (Code + RO Data + RW Data)     113692 ( 111.03kB)

==============================================================================

